Archive member included because of file (symbol)

.\ARM_GCC_493\Debug\UART_Tx01.a(cyfitter_cfg.o)
                              .\ARM_GCC_493\Debug\Cm3Start.o (cyfitter_cfg)
.\ARM_GCC_493\Debug\UART_Tx01.a(UART_1.o)
                              .\ARM_GCC_493\Debug\main.o (UART_1_Start)
.\ARM_GCC_493\Debug\UART_Tx01.a(LCD_Char_1.o)
                              .\ARM_GCC_493\Debug\main.o (LCD_Char_1_WriteControl)
.\ARM_GCC_493\Debug\UART_Tx01.a(isr_1.o)
                              .\ARM_GCC_493\Debug\main.o (isr_1_Start)
.\ARM_GCC_493\Debug\UART_Tx01.a(CyBootAsmGnu.o)
                              .\ARM_GCC_493\Debug\UART_Tx01.a(cyfitter_cfg.o) (CyDelayCycles)
.\ARM_GCC_493\Debug\UART_Tx01.a(CyLib.o)
                              .\ARM_GCC_493\Debug\Cm3Start.o (CyResetStatus)
.\ARM_GCC_493\Debug\UART_Tx01.a(cyPm.o)
                              .\ARM_GCC_493\Debug\UART_Tx01.a(CyLib.o) (CyPmReadStatus)
.\ARM_GCC_493\Debug\UART_Tx01.a(CyFlash.o)
                              .\ARM_GCC_493\Debug\UART_Tx01.a(cyPm.o) (CyFlash_SetWaitCycles)
.\ARM_GCC_493\Debug\UART_Tx01.a(CySpc.o)
                              .\ARM_GCC_493\Debug\UART_Tx01.a(CyFlash.o) (CySpcStart)
c:/program files (x86)/cypress/psoc creator/3.3/psoc creator/import/gnu/arm/4.9.3/bin/../lib/gcc/arm-none-eabi/4.9.3/../../../../arm-none-eabi/lib/armv7-m\libg_nano.a(lib_a-errno.o)
                              .\ARM_GCC_493\Debug\Cm3Start.o (__errno)
c:/program files (x86)/cypress/psoc creator/3.3/psoc creator/import/gnu/arm/4.9.3/bin/../lib/gcc/arm-none-eabi/4.9.3/../../../../arm-none-eabi/lib/armv7-m\libg_nano.a(lib_a-exit.o)
                              c:/program files (x86)/cypress/psoc creator/3.3/psoc creator/import/gnu/arm/4.9.3/bin/../lib/gcc/arm-none-eabi/4.9.3/../../../../arm-none-eabi/lib/armv7-m/crt0.o (exit)
c:/program files (x86)/cypress/psoc creator/3.3/psoc creator/import/gnu/arm/4.9.3/bin/../lib/gcc/arm-none-eabi/4.9.3/../../../../arm-none-eabi/lib/armv7-m\libg_nano.a(lib_a-impure.o)
                              c:/program files (x86)/cypress/psoc creator/3.3/psoc creator/import/gnu/arm/4.9.3/bin/../lib/gcc/arm-none-eabi/4.9.3/../../../../arm-none-eabi/lib/armv7-m\libg_nano.a(lib_a-exit.o) (_global_impure_ptr)
c:/program files (x86)/cypress/psoc creator/3.3/psoc creator/import/gnu/arm/4.9.3/bin/../lib/gcc/arm-none-eabi/4.9.3/../../../../arm-none-eabi/lib/armv7-m\libg_nano.a(lib_a-init.o)
                              c:/program files (x86)/cypress/psoc creator/3.3/psoc creator/import/gnu/arm/4.9.3/bin/../lib/gcc/arm-none-eabi/4.9.3/../../../../arm-none-eabi/lib/armv7-m/crt0.o (__libc_init_array)
c:/program files (x86)/cypress/psoc creator/3.3/psoc creator/import/gnu/arm/4.9.3/bin/../lib/gcc/arm-none-eabi/4.9.3/../../../../arm-none-eabi/lib/armv7-m\libg_nano.a(lib_a-memcpy.o)
                              .\ARM_GCC_493\Debug\UART_Tx01.a(cyfitter_cfg.o) (memcpy)
c:/program files (x86)/cypress/psoc creator/3.3/psoc creator/import/gnu/arm/4.9.3/bin/../lib/gcc/arm-none-eabi/4.9.3/../../../../arm-none-eabi/lib/armv7-m\libg_nano.a(lib_a-memset.o)
                              c:/program files (x86)/cypress/psoc creator/3.3/psoc creator/import/gnu/arm/4.9.3/bin/../lib/gcc/arm-none-eabi/4.9.3/../../../../arm-none-eabi/lib/armv7-m/crt0.o (memset)

Allocating common symbols
Common symbol       size              file

dieTemperature      0x2               .\ARM_GCC_493\Debug\UART_Tx01.a(CyFlash.o)

Discarded input sections

 .text          0x00000000        0x0 c:/program files (x86)/cypress/psoc creator/3.3/psoc creator/import/gnu/arm/4.9.3/bin/../lib/gcc/arm-none-eabi/4.9.3/armv7-m/crti.o
 .data          0x00000000        0x0 c:/program files (x86)/cypress/psoc creator/3.3/psoc creator/import/gnu/arm/4.9.3/bin/../lib/gcc/arm-none-eabi/4.9.3/armv7-m/crti.o
 .bss           0x00000000        0x0 c:/program files (x86)/cypress/psoc creator/3.3/psoc creator/import/gnu/arm/4.9.3/bin/../lib/gcc/arm-none-eabi/4.9.3/armv7-m/crti.o
 .data          0x00000000        0x4 c:/program files (x86)/cypress/psoc creator/3.3/psoc creator/import/gnu/arm/4.9.3/bin/../lib/gcc/arm-none-eabi/4.9.3/armv7-m/crtbegin.o
 .text          0x00000000       0x74 c:/program files (x86)/cypress/psoc creator/3.3/psoc creator/import/gnu/arm/4.9.3/bin/../lib/gcc/arm-none-eabi/4.9.3/../../../../arm-none-eabi/lib/armv7-m/crt0.o
 .data          0x00000000        0x0 c:/program files (x86)/cypress/psoc creator/3.3/psoc creator/import/gnu/arm/4.9.3/bin/../lib/gcc/arm-none-eabi/4.9.3/../../../../arm-none-eabi/lib/armv7-m/crt0.o
 .bss           0x00000000        0x0 c:/program files (x86)/cypress/psoc creator/3.3/psoc creator/import/gnu/arm/4.9.3/bin/../lib/gcc/arm-none-eabi/4.9.3/../../../../arm-none-eabi/lib/armv7-m/crt0.o
 .ARM.extab     0x00000000        0x0 c:/program files (x86)/cypress/psoc creator/3.3/psoc creator/import/gnu/arm/4.9.3/bin/../lib/gcc/arm-none-eabi/4.9.3/../../../../arm-none-eabi/lib/armv7-m/crt0.o
 .ARM.exidx     0x00000000        0x8 c:/program files (x86)/cypress/psoc creator/3.3/psoc creator/import/gnu/arm/4.9.3/bin/../lib/gcc/arm-none-eabi/4.9.3/../../../../arm-none-eabi/lib/armv7-m/crt0.o
 .text          0x00000000        0x0 .\ARM_GCC_493\Debug\main.o
 .data          0x00000000        0x0 .\ARM_GCC_493\Debug\main.o
 .bss           0x00000000        0x1 .\ARM_GCC_493\Debug\main.o
 .text          0x00000000        0x0 .\ARM_GCC_493\Debug\cymetadata.o
 .data          0x00000000        0x0 .\ARM_GCC_493\Debug\cymetadata.o
 .bss           0x00000000        0x0 .\ARM_GCC_493\Debug\cymetadata.o
 .text          0x00000000        0x0 .\ARM_GCC_493\Debug\Cm3Start.o
 .data          0x00000000        0x4 .\ARM_GCC_493\Debug\Cm3Start.o
 .bss           0x00000000        0x0 .\ARM_GCC_493\Debug\Cm3Start.o
 .text._exit    0x00000000       0x14 .\ARM_GCC_493\Debug\Cm3Start.o
 .text._sbrk    0x00000000       0x50 .\ARM_GCC_493\Debug\Cm3Start.o
 .text          0x00000000        0x0 .\ARM_GCC_493\Debug\UART_Tx01.a(cyfitter_cfg.o)
 .data          0x00000000        0x0 .\ARM_GCC_493\Debug\UART_Tx01.a(cyfitter_cfg.o)
 .bss           0x00000000        0x0 .\ARM_GCC_493\Debug\UART_Tx01.a(cyfitter_cfg.o)
 .text.SetAnalogRoutingPumps
                0x00000000       0x28 .\ARM_GCC_493\Debug\UART_Tx01.a(cyfitter_cfg.o)
 .text          0x00000000        0x0 .\ARM_GCC_493\Debug\UART_Tx01.a(UART_1.o)
 .data          0x00000000        0x0 .\ARM_GCC_493\Debug\UART_Tx01.a(UART_1.o)
 .text.UART_1_Stop
                0x00000000       0x44 .\ARM_GCC_493\Debug\UART_Tx01.a(UART_1.o)
 .text.UART_1_ReadControlRegister
                0x00000000       0x10 .\ARM_GCC_493\Debug\UART_Tx01.a(UART_1.o)
 .text.UART_1_WriteControlRegister
                0x00000000       0x14 .\ARM_GCC_493\Debug\UART_Tx01.a(UART_1.o)
 .text.UART_1_SetTxInterruptMode
                0x00000000       0x20 .\ARM_GCC_493\Debug\UART_Tx01.a(UART_1.o)
 .text.UART_1_ReadTxStatus
                0x00000000       0x18 .\ARM_GCC_493\Debug\UART_Tx01.a(UART_1.o)
 .text.UART_1_PutChar
                0x00000000       0x34 .\ARM_GCC_493\Debug\UART_Tx01.a(UART_1.o)
 .text.UART_1_PutString
                0x00000000       0x40 .\ARM_GCC_493\Debug\UART_Tx01.a(UART_1.o)
 .text.UART_1_PutArray
                0x00000000       0x40 .\ARM_GCC_493\Debug\UART_Tx01.a(UART_1.o)
 .text.UART_1_PutCRLF
                0x00000000       0x30 .\ARM_GCC_493\Debug\UART_Tx01.a(UART_1.o)
 .text.UART_1_GetTxBufferSize
                0x00000000       0x44 .\ARM_GCC_493\Debug\UART_Tx01.a(UART_1.o)
 .text.UART_1_ClearTxBuffer
                0x00000000       0x40 .\ARM_GCC_493\Debug\UART_Tx01.a(UART_1.o)
 .text.UART_1_SendBreak
                0x00000000       0x9c .\ARM_GCC_493\Debug\UART_Tx01.a(UART_1.o)
 .text.UART_1_SetTxAddressMode
                0x00000000       0x14 .\ARM_GCC_493\Debug\UART_Tx01.a(UART_1.o)
 .text          0x00000000        0x0 .\ARM_GCC_493\Debug\UART_Tx01.a(LCD_Char_1.o)
 .data          0x00000000        0x0 .\ARM_GCC_493\Debug\UART_Tx01.a(LCD_Char_1.o)
 .text.LCD_Char_1_Stop
                0x00000000       0x18 .\ARM_GCC_493\Debug\UART_Tx01.a(LCD_Char_1.o)
 .text.LCD_Char_1_PrintString
                0x00000000       0x38 .\ARM_GCC_493\Debug\UART_Tx01.a(LCD_Char_1.o)
 .text.LCD_Char_1_PrintInt16
                0x00000000       0x28 .\ARM_GCC_493\Debug\UART_Tx01.a(LCD_Char_1.o)
 .text.LCD_Char_1_PrintInt32
                0x00000000       0x30 .\ARM_GCC_493\Debug\UART_Tx01.a(LCD_Char_1.o)
 .text.LCD_Char_1_PrintU32Number
                0x00000000       0xa4 .\ARM_GCC_493\Debug\UART_Tx01.a(LCD_Char_1.o)
 .text          0x00000000        0x0 .\ARM_GCC_493\Debug\UART_Tx01.a(isr_1.o)
 .data          0x00000000        0x0 .\ARM_GCC_493\Debug\UART_Tx01.a(isr_1.o)
 .bss           0x00000000        0x0 .\ARM_GCC_493\Debug\UART_Tx01.a(isr_1.o)
 .text.isr_1_StartEx
                0x00000000       0x24 .\ARM_GCC_493\Debug\UART_Tx01.a(isr_1.o)
 .text.isr_1_Stop
                0x00000000       0x14 .\ARM_GCC_493\Debug\UART_Tx01.a(isr_1.o)
 .text.isr_1_GetVector
                0x00000000       0x20 .\ARM_GCC_493\Debug\UART_Tx01.a(isr_1.o)
 .text.isr_1_GetPriority
                0x00000000       0x24 .\ARM_GCC_493\Debug\UART_Tx01.a(isr_1.o)
 .text.isr_1_GetState
                0x00000000       0x20 .\ARM_GCC_493\Debug\UART_Tx01.a(isr_1.o)
 .text.isr_1_SetPending
                0x00000000       0x18 .\ARM_GCC_493\Debug\UART_Tx01.a(isr_1.o)
 .text.isr_1_ClearPending
                0x00000000       0x18 .\ARM_GCC_493\Debug\UART_Tx01.a(isr_1.o)
 .data          0x00000000        0x0 .\ARM_GCC_493\Debug\UART_Tx01.a(CyBootAsmGnu.o)
 .bss           0x00000000        0x0 .\ARM_GCC_493\Debug\UART_Tx01.a(CyBootAsmGnu.o)
 .text          0x00000000        0x0 .\ARM_GCC_493\Debug\UART_Tx01.a(CyLib.o)
 .bss           0x00000000       0x1c .\ARM_GCC_493\Debug\UART_Tx01.a(CyLib.o)
 .text.CyPLL_OUT_Start
                0x00000000       0xb0 .\ARM_GCC_493\Debug\UART_Tx01.a(CyLib.o)
 .text.CyPLL_OUT_Stop
                0x00000000       0x20 .\ARM_GCC_493\Debug\UART_Tx01.a(CyLib.o)
 .text.CyPLL_OUT_SetPQ
                0x00000000       0x90 .\ARM_GCC_493\Debug\UART_Tx01.a(CyLib.o)
 .text.CyPLL_OUT_SetSource
                0x00000000       0x54 .\ARM_GCC_493\Debug\UART_Tx01.a(CyLib.o)
 .text.CyIMO_Start
                0x00000000       0x94 .\ARM_GCC_493\Debug\UART_Tx01.a(CyLib.o)
 .text.CyIMO_Stop
                0x00000000       0x34 .\ARM_GCC_493\Debug\UART_Tx01.a(CyLib.o)
 .text.CyUSB_PowerOnCheck
                0x00000000       0x60 .\ARM_GCC_493\Debug\UART_Tx01.a(CyLib.o)
 .text.CyIMO_SetTrimValue
                0x00000000      0x108 .\ARM_GCC_493\Debug\UART_Tx01.a(CyLib.o)
 .text.CyIMO_SetFreq
                0x00000000      0x1ac .\ARM_GCC_493\Debug\UART_Tx01.a(CyLib.o)
 .text.CyIMO_SetSource
                0x00000000       0x8c .\ARM_GCC_493\Debug\UART_Tx01.a(CyLib.o)
 .text.CyIMO_EnableDoubler
                0x00000000       0x20 .\ARM_GCC_493\Debug\UART_Tx01.a(CyLib.o)
 .text.CyIMO_DisableDoubler
                0x00000000       0x20 .\ARM_GCC_493\Debug\UART_Tx01.a(CyLib.o)
 .text.CyMasterClk_SetSource
                0x00000000       0x34 .\ARM_GCC_493\Debug\UART_Tx01.a(CyLib.o)
 .text.CyMasterClk_SetDivider
                0x00000000       0x20 .\ARM_GCC_493\Debug\UART_Tx01.a(CyLib.o)
 .text.CyBusClk_Internal_SetDivider
                0x00000000       0x78 .\ARM_GCC_493\Debug\UART_Tx01.a(CyLib.o)
 .text.CyBusClk_SetDivider
                0x00000000       0xb4 .\ARM_GCC_493\Debug\UART_Tx01.a(CyLib.o)
 .text.CyUsbClk_SetSource
                0x00000000       0x34 .\ARM_GCC_493\Debug\UART_Tx01.a(CyLib.o)
 .text.CyILO_Start1K
                0x00000000       0x20 .\ARM_GCC_493\Debug\UART_Tx01.a(CyLib.o)
 .text.CyILO_Stop1K
                0x00000000       0x20 .\ARM_GCC_493\Debug\UART_Tx01.a(CyLib.o)
 .text.CyILO_Start100K
                0x00000000       0x20 .\ARM_GCC_493\Debug\UART_Tx01.a(CyLib.o)
 .text.CyILO_Stop100K
                0x00000000       0x20 .\ARM_GCC_493\Debug\UART_Tx01.a(CyLib.o)
 .text.CyILO_Enable33K
                0x00000000       0x20 .\ARM_GCC_493\Debug\UART_Tx01.a(CyLib.o)
 .text.CyILO_Disable33K
                0x00000000       0x20 .\ARM_GCC_493\Debug\UART_Tx01.a(CyLib.o)
 .text.CyILO_SetSource
                0x00000000       0x38 .\ARM_GCC_493\Debug\UART_Tx01.a(CyLib.o)
 .text.CyILO_SetPowerMode
                0x00000000       0x4c .\ARM_GCC_493\Debug\UART_Tx01.a(CyLib.o)
 .text.CyXTAL_32KHZ_Start
                0x00000000       0x84 .\ARM_GCC_493\Debug\UART_Tx01.a(CyLib.o)
 .text.CyXTAL_32KHZ_Stop
                0x00000000       0x50 .\ARM_GCC_493\Debug\UART_Tx01.a(CyLib.o)
 .text.CyXTAL_32KHZ_ReadStatus
                0x00000000       0x20 .\ARM_GCC_493\Debug\UART_Tx01.a(CyLib.o)
 .text.CyXTAL_32KHZ_SetPowerMode
                0x00000000       0xb4 .\ARM_GCC_493\Debug\UART_Tx01.a(CyLib.o)
 .text.CyXTAL_Start
                0x00000000       0xd0 .\ARM_GCC_493\Debug\UART_Tx01.a(CyLib.o)
 .text.CyXTAL_Stop
                0x00000000       0x20 .\ARM_GCC_493\Debug\UART_Tx01.a(CyLib.o)
 .text.CyXTAL_EnableErrStatus
                0x00000000       0x20 .\ARM_GCC_493\Debug\UART_Tx01.a(CyLib.o)
 .text.CyXTAL_DisableErrStatus
                0x00000000       0x20 .\ARM_GCC_493\Debug\UART_Tx01.a(CyLib.o)
 .text.CyXTAL_ReadStatus
                0x00000000       0x28 .\ARM_GCC_493\Debug\UART_Tx01.a(CyLib.o)
 .text.CyXTAL_EnableFaultRecovery
                0x00000000       0x20 .\ARM_GCC_493\Debug\UART_Tx01.a(CyLib.o)
 .text.CyXTAL_DisableFaultRecovery
                0x00000000       0x20 .\ARM_GCC_493\Debug\UART_Tx01.a(CyLib.o)
 .text.CyXTAL_SetStartup
                0x00000000       0x34 .\ARM_GCC_493\Debug\UART_Tx01.a(CyLib.o)
 .text.CyXTAL_SetFbVoltage
                0x00000000       0x34 .\ARM_GCC_493\Debug\UART_Tx01.a(CyLib.o)
 .text.CyXTAL_SetWdVoltage
                0x00000000       0x38 .\ARM_GCC_493\Debug\UART_Tx01.a(CyLib.o)
 .text.CyHalt   0x00000000       0x18 .\ARM_GCC_493\Debug\UART_Tx01.a(CyLib.o)
 .text.CySoftwareReset
                0x00000000       0x20 .\ARM_GCC_493\Debug\UART_Tx01.a(CyLib.o)
 .text.CyDelayFreq
                0x00000000       0x7c .\ARM_GCC_493\Debug\UART_Tx01.a(CyLib.o)
 .text.CyWdtStart
                0x00000000       0x8c .\ARM_GCC_493\Debug\UART_Tx01.a(CyLib.o)
 .text.CyWdtClear
                0x00000000       0x18 .\ARM_GCC_493\Debug\UART_Tx01.a(CyLib.o)
 .text.CyVdLvDigitEnable
                0x00000000       0xcc .\ARM_GCC_493\Debug\UART_Tx01.a(CyLib.o)
 .text.CyVdLvAnalogEnable
                0x00000000       0xc8 .\ARM_GCC_493\Debug\UART_Tx01.a(CyLib.o)
 .text.CyVdLvDigitDisable
                0x00000000       0x48 .\ARM_GCC_493\Debug\UART_Tx01.a(CyLib.o)
 .text.CyVdLvAnalogDisable
                0x00000000       0x40 .\ARM_GCC_493\Debug\UART_Tx01.a(CyLib.o)
 .text.CyVdHvAnalogEnable
                0x00000000       0x78 .\ARM_GCC_493\Debug\UART_Tx01.a(CyLib.o)
 .text.CyVdHvAnalogDisable
                0x00000000       0x2c .\ARM_GCC_493\Debug\UART_Tx01.a(CyLib.o)
 .text.CyVdStickyStatus
                0x00000000       0x5c .\ARM_GCC_493\Debug\UART_Tx01.a(CyLib.o)
 .text.CyVdRealTimeStatus
                0x00000000       0x30 .\ARM_GCC_493\Debug\UART_Tx01.a(CyLib.o)
 .text.CyDisableInts
                0x00000000       0x34 .\ARM_GCC_493\Debug\UART_Tx01.a(CyLib.o)
 .text.CyEnableInts
                0x00000000       0x28 .\ARM_GCC_493\Debug\UART_Tx01.a(CyLib.o)
 .text.CyFlushCache
                0x00000000       0x58 .\ARM_GCC_493\Debug\UART_Tx01.a(CyLib.o)
 .text.CyIntSetSysVector
                0x00000000       0x4c .\ARM_GCC_493\Debug\UART_Tx01.a(CyLib.o)
 .text.CyIntGetSysVector
                0x00000000       0x38 .\ARM_GCC_493\Debug\UART_Tx01.a(CyLib.o)
 .text.CyIntSetVector
                0x00000000       0x50 .\ARM_GCC_493\Debug\UART_Tx01.a(CyLib.o)
 .text.CyIntGetVector
                0x00000000       0x38 .\ARM_GCC_493\Debug\UART_Tx01.a(CyLib.o)
 .text.CyIntSetPriority
                0x00000000       0x44 .\ARM_GCC_493\Debug\UART_Tx01.a(CyLib.o)
 .text.CyIntGetPriority
                0x00000000       0x38 .\ARM_GCC_493\Debug\UART_Tx01.a(CyLib.o)
 .text.CyIntGetState
                0x00000000       0x44 .\ARM_GCC_493\Debug\UART_Tx01.a(CyLib.o)
 .text.CySysTickStart
                0x00000000       0x20 .\ARM_GCC_493\Debug\UART_Tx01.a(CyLib.o)
 .text.CySysTickInit
                0x00000000       0x68 .\ARM_GCC_493\Debug\UART_Tx01.a(CyLib.o)
 .text.CySysTickEnable
                0x00000000       0x1c .\ARM_GCC_493\Debug\UART_Tx01.a(CyLib.o)
 .text.CySysTickStop
                0x00000000       0x1c .\ARM_GCC_493\Debug\UART_Tx01.a(CyLib.o)
 .text.CySysTickEnableInterrupt
                0x00000000       0x1c .\ARM_GCC_493\Debug\UART_Tx01.a(CyLib.o)
 .text.CySysTickDisableInterrupt
                0x00000000       0x1c .\ARM_GCC_493\Debug\UART_Tx01.a(CyLib.o)
 .text.CySysTickSetReload
                0x00000000       0x20 .\ARM_GCC_493\Debug\UART_Tx01.a(CyLib.o)
 .text.CySysTickGetReload
                0x00000000       0x1c .\ARM_GCC_493\Debug\UART_Tx01.a(CyLib.o)
 .text.CySysTickGetValue
                0x00000000       0x1c .\ARM_GCC_493\Debug\UART_Tx01.a(CyLib.o)
 .text.CySysTickSetClockSource
                0x00000000       0x38 .\ARM_GCC_493\Debug\UART_Tx01.a(CyLib.o)
 .text.CySysTickGetCountFlag
                0x00000000       0x1c .\ARM_GCC_493\Debug\UART_Tx01.a(CyLib.o)
 .text.CySysTickClear
                0x00000000       0x18 .\ARM_GCC_493\Debug\UART_Tx01.a(CyLib.o)
 .text.CySysTickSetCallback
                0x00000000       0x30 .\ARM_GCC_493\Debug\UART_Tx01.a(CyLib.o)
 .text.CySysTickGetCallback
                0x00000000       0x20 .\ARM_GCC_493\Debug\UART_Tx01.a(CyLib.o)
 .text.CySysTickServiceCallbacks
                0x00000000       0x44 .\ARM_GCC_493\Debug\UART_Tx01.a(CyLib.o)
 .text.CyGetUniqueId
                0x00000000       0xc4 .\ARM_GCC_493\Debug\UART_Tx01.a(CyLib.o)
 .text          0x00000000        0x0 .\ARM_GCC_493\Debug\UART_Tx01.a(cyPm.o)
 .data          0x00000000        0x0 .\ARM_GCC_493\Debug\UART_Tx01.a(cyPm.o)
 .bss           0x00000000       0x44 .\ARM_GCC_493\Debug\UART_Tx01.a(cyPm.o)
 .rodata        0x00000000       0x10 .\ARM_GCC_493\Debug\UART_Tx01.a(cyPm.o)
 .text.CyPmSaveClocks
                0x00000000      0x284 .\ARM_GCC_493\Debug\UART_Tx01.a(cyPm.o)
 .text.CyPmRestoreClocks
                0x00000000      0x300 .\ARM_GCC_493\Debug\UART_Tx01.a(cyPm.o)
 .text.CyPmAltAct
                0x00000000       0xb8 .\ARM_GCC_493\Debug\UART_Tx01.a(cyPm.o)
 .text.CyPmSleep
                0x00000000      0x170 .\ARM_GCC_493\Debug\UART_Tx01.a(cyPm.o)
 .text.CyPmHibernate
                0x00000000        0xc .\ARM_GCC_493\Debug\UART_Tx01.a(cyPm.o)
 .text.CyPmHibernateEx
                0x00000000      0x158 .\ARM_GCC_493\Debug\UART_Tx01.a(cyPm.o)
 .text.CyPmReadStatus
                0x00000000       0x5c .\ARM_GCC_493\Debug\UART_Tx01.a(cyPm.o)
 .text.CyPmHibSaveSet
                0x00000000       0xd4 .\ARM_GCC_493\Debug\UART_Tx01.a(cyPm.o)
 .text.CyPmHibRestore
                0x00000000       0x68 .\ARM_GCC_493\Debug\UART_Tx01.a(cyPm.o)
 .text.CyPmCtwSetInterval
                0x00000000       0x90 .\ARM_GCC_493\Debug\UART_Tx01.a(cyPm.o)
 .text.CyPmOppsSet
                0x00000000       0x40 .\ARM_GCC_493\Debug\UART_Tx01.a(cyPm.o)
 .text.CyPmFtwSetInterval
                0x00000000       0x90 .\ARM_GCC_493\Debug\UART_Tx01.a(cyPm.o)
 .text.CyPmHibSlpSaveSet
                0x00000000      0x280 .\ARM_GCC_493\Debug\UART_Tx01.a(cyPm.o)
 .text.CyPmHibSlpRestore
                0x00000000      0x188 .\ARM_GCC_493\Debug\UART_Tx01.a(cyPm.o)
 .text.CyPmHviLviSaveDisable
                0x00000000       0xd4 .\ARM_GCC_493\Debug\UART_Tx01.a(cyPm.o)
 .text.CyPmHviLviRestore
                0x00000000       0x54 .\ARM_GCC_493\Debug\UART_Tx01.a(cyPm.o)
 .text          0x00000000        0x0 .\ARM_GCC_493\Debug\UART_Tx01.a(CyFlash.o)
 .data          0x00000000        0x0 .\ARM_GCC_493\Debug\UART_Tx01.a(CyFlash.o)
 .bss           0x00000000        0x4 .\ARM_GCC_493\Debug\UART_Tx01.a(CyFlash.o)
 .text.CyFlash_Start
                0x00000000       0x8c .\ARM_GCC_493\Debug\UART_Tx01.a(CyFlash.o)
 .text.CyFlash_Stop
                0x00000000       0x44 .\ARM_GCC_493\Debug\UART_Tx01.a(CyFlash.o)
 .text.CySetTempInt
                0x00000000       0x7c .\ARM_GCC_493\Debug\UART_Tx01.a(CyFlash.o)
 .text.CyFlashGetSpcAlgorithm
                0x00000000       0x70 .\ARM_GCC_493\Debug\UART_Tx01.a(CyFlash.o)
 .text.CySetTemp
                0x00000000       0x24 .\ARM_GCC_493\Debug\UART_Tx01.a(CyFlash.o)
 .text.CySetFlashEEBuffer
                0x00000000       0x54 .\ARM_GCC_493\Debug\UART_Tx01.a(CyFlash.o)
 .text.CyWriteRowData
                0x00000000       0x3c .\ARM_GCC_493\Debug\UART_Tx01.a(CyFlash.o)
 .text.CyWriteRowConfig
                0x00000000       0x2c .\ARM_GCC_493\Debug\UART_Tx01.a(CyFlash.o)
 .text.CyWriteRowFull
                0x00000000      0x158 .\ARM_GCC_493\Debug\UART_Tx01.a(CyFlash.o)
 .text.CyFlash_SetWaitCycles
                0x00000000       0xbc .\ARM_GCC_493\Debug\UART_Tx01.a(CyFlash.o)
 .text.CyEEPROM_Start
                0x00000000       0x8c .\ARM_GCC_493\Debug\UART_Tx01.a(CyFlash.o)
 .text.CyEEPROM_Stop
                0x00000000       0x44 .\ARM_GCC_493\Debug\UART_Tx01.a(CyFlash.o)
 .text.CyEEPROM_ReadReserve
                0x00000000       0x30 .\ARM_GCC_493\Debug\UART_Tx01.a(CyFlash.o)
 .text.CyEEPROM_ReadRelease
                0x00000000       0x20 .\ARM_GCC_493\Debug\UART_Tx01.a(CyFlash.o)
 COMMON         0x00000000        0x2 .\ARM_GCC_493\Debug\UART_Tx01.a(CyFlash.o)
 .text          0x00000000        0x0 .\ARM_GCC_493\Debug\UART_Tx01.a(CySpc.o)
 .data          0x00000000        0x0 .\ARM_GCC_493\Debug\UART_Tx01.a(CySpc.o)
 .bss           0x00000000        0x8 .\ARM_GCC_493\Debug\UART_Tx01.a(CySpc.o)
 .text.CySpcStart
                0x00000000       0x44 .\ARM_GCC_493\Debug\UART_Tx01.a(CySpc.o)
 .text.CySpcStop
                0x00000000       0x44 .\ARM_GCC_493\Debug\UART_Tx01.a(CySpc.o)
 .text.CySpcReadData
                0x00000000       0x58 .\ARM_GCC_493\Debug\UART_Tx01.a(CySpc.o)
 .text.CySpcLoadMultiByte
                0x00000000       0xd4 .\ARM_GCC_493\Debug\UART_Tx01.a(CySpc.o)
 .text.CySpcLoadRow
                0x00000000       0x8c .\ARM_GCC_493\Debug\UART_Tx01.a(CySpc.o)
 .text.CySpcLoadRowFull
                0x00000000      0x108 .\ARM_GCC_493\Debug\UART_Tx01.a(CySpc.o)
 .text.CySpcWriteRow
                0x00000000       0x98 .\ARM_GCC_493\Debug\UART_Tx01.a(CySpc.o)
 .text.CySpcEraseSector
                0x00000000       0x70 .\ARM_GCC_493\Debug\UART_Tx01.a(CySpc.o)
 .text.CySpcGetTemp
                0x00000000       0x64 .\ARM_GCC_493\Debug\UART_Tx01.a(CySpc.o)
 .text.CySpcLock
                0x00000000       0x68 .\ARM_GCC_493\Debug\UART_Tx01.a(CySpc.o)
 .text.CySpcUnlock
                0x00000000       0x50 .\ARM_GCC_493\Debug\UART_Tx01.a(CySpc.o)
 .text.CySpcGetAlgorithm
                0x00000000       0x48 .\ARM_GCC_493\Debug\UART_Tx01.a(CySpc.o)
 .text          0x00000000        0x0 c:/program files (x86)/cypress/psoc creator/3.3/psoc creator/import/gnu/arm/4.9.3/bin/../lib/gcc/arm-none-eabi/4.9.3/../../../../arm-none-eabi/lib/armv7-m\libg_nano.a(lib_a-errno.o)
 .data          0x00000000        0x0 c:/program files (x86)/cypress/psoc creator/3.3/psoc creator/import/gnu/arm/4.9.3/bin/../lib/gcc/arm-none-eabi/4.9.3/../../../../arm-none-eabi/lib/armv7-m\libg_nano.a(lib_a-errno.o)
 .bss           0x00000000        0x0 c:/program files (x86)/cypress/psoc creator/3.3/psoc creator/import/gnu/arm/4.9.3/bin/../lib/gcc/arm-none-eabi/4.9.3/../../../../arm-none-eabi/lib/armv7-m\libg_nano.a(lib_a-errno.o)
 .text.__errno  0x00000000        0xc c:/program files (x86)/cypress/psoc creator/3.3/psoc creator/import/gnu/arm/4.9.3/bin/../lib/gcc/arm-none-eabi/4.9.3/../../../../arm-none-eabi/lib/armv7-m\libg_nano.a(lib_a-errno.o)
 .text          0x00000000        0x0 c:/program files (x86)/cypress/psoc creator/3.3/psoc creator/import/gnu/arm/4.9.3/bin/../lib/gcc/arm-none-eabi/4.9.3/../../../../arm-none-eabi/lib/armv7-m\libg_nano.a(lib_a-exit.o)
 .data          0x00000000        0x0 c:/program files (x86)/cypress/psoc creator/3.3/psoc creator/import/gnu/arm/4.9.3/bin/../lib/gcc/arm-none-eabi/4.9.3/../../../../arm-none-eabi/lib/armv7-m\libg_nano.a(lib_a-exit.o)
 .bss           0x00000000        0x0 c:/program files (x86)/cypress/psoc creator/3.3/psoc creator/import/gnu/arm/4.9.3/bin/../lib/gcc/arm-none-eabi/4.9.3/../../../../arm-none-eabi/lib/armv7-m\libg_nano.a(lib_a-exit.o)
 .text.exit     0x00000000       0x28 c:/program files (x86)/cypress/psoc creator/3.3/psoc creator/import/gnu/arm/4.9.3/bin/../lib/gcc/arm-none-eabi/4.9.3/../../../../arm-none-eabi/lib/armv7-m\libg_nano.a(lib_a-exit.o)
 .text          0x00000000        0x0 c:/program files (x86)/cypress/psoc creator/3.3/psoc creator/import/gnu/arm/4.9.3/bin/../lib/gcc/arm-none-eabi/4.9.3/../../../../arm-none-eabi/lib/armv7-m\libg_nano.a(lib_a-impure.o)
 .data          0x00000000        0x0 c:/program files (x86)/cypress/psoc creator/3.3/psoc creator/import/gnu/arm/4.9.3/bin/../lib/gcc/arm-none-eabi/4.9.3/../../../../arm-none-eabi/lib/armv7-m\libg_nano.a(lib_a-impure.o)
 .bss           0x00000000        0x0 c:/program files (x86)/cypress/psoc creator/3.3/psoc creator/import/gnu/arm/4.9.3/bin/../lib/gcc/arm-none-eabi/4.9.3/../../../../arm-none-eabi/lib/armv7-m\libg_nano.a(lib_a-impure.o)
 .data.impure_data
                0x00000000       0x60 c:/program files (x86)/cypress/psoc creator/3.3/psoc creator/import/gnu/arm/4.9.3/bin/../lib/gcc/arm-none-eabi/4.9.3/../../../../arm-none-eabi/lib/armv7-m\libg_nano.a(lib_a-impure.o)
 .data._impure_ptr
                0x00000000        0x4 c:/program files (x86)/cypress/psoc creator/3.3/psoc creator/import/gnu/arm/4.9.3/bin/../lib/gcc/arm-none-eabi/4.9.3/../../../../arm-none-eabi/lib/armv7-m\libg_nano.a(lib_a-impure.o)
 .rodata.str1.1
                0x00000000        0x2 c:/program files (x86)/cypress/psoc creator/3.3/psoc creator/import/gnu/arm/4.9.3/bin/../lib/gcc/arm-none-eabi/4.9.3/../../../../arm-none-eabi/lib/armv7-m\libg_nano.a(lib_a-impure.o)
 .rodata._global_impure_ptr
                0x00000000        0x4 c:/program files (x86)/cypress/psoc creator/3.3/psoc creator/import/gnu/arm/4.9.3/bin/../lib/gcc/arm-none-eabi/4.9.3/../../../../arm-none-eabi/lib/armv7-m\libg_nano.a(lib_a-impure.o)
 .text          0x00000000        0x0 c:/program files (x86)/cypress/psoc creator/3.3/psoc creator/import/gnu/arm/4.9.3/bin/../lib/gcc/arm-none-eabi/4.9.3/../../../../arm-none-eabi/lib/armv7-m\libg_nano.a(lib_a-init.o)
 .data          0x00000000        0x0 c:/program files (x86)/cypress/psoc creator/3.3/psoc creator/import/gnu/arm/4.9.3/bin/../lib/gcc/arm-none-eabi/4.9.3/../../../../arm-none-eabi/lib/armv7-m\libg_nano.a(lib_a-init.o)
 .bss           0x00000000        0x0 c:/program files (x86)/cypress/psoc creator/3.3/psoc creator/import/gnu/arm/4.9.3/bin/../lib/gcc/arm-none-eabi/4.9.3/../../../../arm-none-eabi/lib/armv7-m\libg_nano.a(lib_a-init.o)
 .text          0x00000000        0x0 c:/program files (x86)/cypress/psoc creator/3.3/psoc creator/import/gnu/arm/4.9.3/bin/../lib/gcc/arm-none-eabi/4.9.3/../../../../arm-none-eabi/lib/armv7-m\libg_nano.a(lib_a-memcpy.o)
 .data          0x00000000        0x0 c:/program files (x86)/cypress/psoc creator/3.3/psoc creator/import/gnu/arm/4.9.3/bin/../lib/gcc/arm-none-eabi/4.9.3/../../../../arm-none-eabi/lib/armv7-m\libg_nano.a(lib_a-memcpy.o)
 .bss           0x00000000        0x0 c:/program files (x86)/cypress/psoc creator/3.3/psoc creator/import/gnu/arm/4.9.3/bin/../lib/gcc/arm-none-eabi/4.9.3/../../../../arm-none-eabi/lib/armv7-m\libg_nano.a(lib_a-memcpy.o)
 .text          0x00000000        0x0 c:/program files (x86)/cypress/psoc creator/3.3/psoc creator/import/gnu/arm/4.9.3/bin/../lib/gcc/arm-none-eabi/4.9.3/../../../../arm-none-eabi/lib/armv7-m\libg_nano.a(lib_a-memset.o)
 .data          0x00000000        0x0 c:/program files (x86)/cypress/psoc creator/3.3/psoc creator/import/gnu/arm/4.9.3/bin/../lib/gcc/arm-none-eabi/4.9.3/../../../../arm-none-eabi/lib/armv7-m\libg_nano.a(lib_a-memset.o)
 .bss           0x00000000        0x0 c:/program files (x86)/cypress/psoc creator/3.3/psoc creator/import/gnu/arm/4.9.3/bin/../lib/gcc/arm-none-eabi/4.9.3/../../../../arm-none-eabi/lib/armv7-m\libg_nano.a(lib_a-memset.o)
 .text          0x00000000        0x0 c:/program files (x86)/cypress/psoc creator/3.3/psoc creator/import/gnu/arm/4.9.3/bin/../lib/gcc/arm-none-eabi/4.9.3/armv7-m/crtend.o
 .data          0x00000000        0x0 c:/program files (x86)/cypress/psoc creator/3.3/psoc creator/import/gnu/arm/4.9.3/bin/../lib/gcc/arm-none-eabi/4.9.3/armv7-m/crtend.o
 .bss           0x00000000        0x0 c:/program files (x86)/cypress/psoc creator/3.3/psoc creator/import/gnu/arm/4.9.3/bin/../lib/gcc/arm-none-eabi/4.9.3/armv7-m/crtend.o
 .text          0x00000000        0x0 c:/program files (x86)/cypress/psoc creator/3.3/psoc creator/import/gnu/arm/4.9.3/bin/../lib/gcc/arm-none-eabi/4.9.3/armv7-m/crtn.o
 .data          0x00000000        0x0 c:/program files (x86)/cypress/psoc creator/3.3/psoc creator/import/gnu/arm/4.9.3/bin/../lib/gcc/arm-none-eabi/4.9.3/armv7-m/crtn.o
 .bss           0x00000000        0x0 c:/program files (x86)/cypress/psoc creator/3.3/psoc creator/import/gnu/arm/4.9.3/bin/../lib/gcc/arm-none-eabi/4.9.3/armv7-m/crtn.o

Memory Configuration

Name             Origin             Length             Attributes
rom              0x00000000         0x00040000         xr
ram              0x1fff8000         0x00010000         xrw
*default*        0x00000000         0xffffffff

Linker script and memory map

LOAD c:/program files (x86)/cypress/psoc creator/3.3/psoc creator/import/gnu/arm/4.9.3/bin/../lib/gcc/arm-none-eabi/4.9.3/armv7-m/crti.o
LOAD c:/program files (x86)/cypress/psoc creator/3.3/psoc creator/import/gnu/arm/4.9.3/bin/../lib/gcc/arm-none-eabi/4.9.3/armv7-m/crtbegin.o
LOAD c:/program files (x86)/cypress/psoc creator/3.3/psoc creator/import/gnu/arm/4.9.3/bin/../lib/gcc/arm-none-eabi/4.9.3/../../../../arm-none-eabi/lib/armv7-m/crt0.o
START GROUP
LOAD .\ARM_GCC_493\Debug\main.o
LOAD .\ARM_GCC_493\Debug\cymetadata.o
LOAD .\ARM_GCC_493\Debug\Cm3Start.o
LOAD .\ARM_GCC_493\Debug\UART_Tx01.a
LOAD C:\Program Files (x86)\Cypress\PSoC Creator\3.3\PSoC Creator\psoc\content\cycomponentlibrary\CyComponentLibrary.cylib\CortexM3\ARM_GCC_493\Debug\CyComponentLibrary.a
END GROUP
START GROUP
LOAD c:/program files (x86)/cypress/psoc creator/3.3/psoc creator/import/gnu/arm/4.9.3/bin/../lib/gcc/arm-none-eabi/4.9.3/armv7-m\libgcc.a
LOAD c:/program files (x86)/cypress/psoc creator/3.3/psoc creator/import/gnu/arm/4.9.3/bin/../lib/gcc/arm-none-eabi/4.9.3/../../../../arm-none-eabi/lib/armv7-m\libg_nano.a
LOAD c:/program files (x86)/cypress/psoc creator/3.3/psoc creator/import/gnu/arm/4.9.3/bin/../lib/gcc/arm-none-eabi/4.9.3/../../../../arm-none-eabi/lib/armv7-m\libc_nano.a
END GROUP
START GROUP
LOAD c:/program files (x86)/cypress/psoc creator/3.3/psoc creator/import/gnu/arm/4.9.3/bin/../lib/gcc/arm-none-eabi/4.9.3/armv7-m\libgcc.a
LOAD c:/program files (x86)/cypress/psoc creator/3.3/psoc creator/import/gnu/arm/4.9.3/bin/../lib/gcc/arm-none-eabi/4.9.3/../../../../arm-none-eabi/lib/armv7-m\libc_nano.a
END GROUP
LOAD c:/program files (x86)/cypress/psoc creator/3.3/psoc creator/import/gnu/arm/4.9.3/bin/../lib/gcc/arm-none-eabi/4.9.3/armv7-m/crtend.o
LOAD c:/program files (x86)/cypress/psoc creator/3.3/psoc creator/import/gnu/arm/4.9.3/bin/../lib/gcc/arm-none-eabi/4.9.3/armv7-m/crtn.o
START GROUP
LOAD c:/program files (x86)/cypress/psoc creator/3.3/psoc creator/import/gnu/arm/4.9.3/bin/../lib/gcc/arm-none-eabi/4.9.3/armv7-m\libgcc.a
LOAD c:/program files (x86)/cypress/psoc creator/3.3/psoc creator/import/gnu/arm/4.9.3/bin/../lib/gcc/arm-none-eabi/4.9.3/../../../../arm-none-eabi/lib/armv7-m\libc.a
LOAD c:/program files (x86)/cypress/psoc creator/3.3/psoc creator/import/gnu/arm/4.9.3/bin/../lib/gcc/arm-none-eabi/4.9.3/../../../../arm-none-eabi/lib/armv7-m\libnosys.a
END GROUP
                0x00000000                CY_APPL_ORIGIN = 0x0
                0x00000100                CY_FLASH_ROW_SIZE = 0x100
                0x00000020                CY_ECC_ROW_SIZE = 0x20
                0x00000000                CY_EE_IN_BTLDR = 0x0
                0x00000000                CY_APPL_LOADABLE = 0x0
                0x00000800                CY_EE_SIZE = 0x800
                0x00000001                CY_APPL_NUM = 0x1
                0x00000001                CY_APPL_MAX = 0x1
                0x00000040                CY_METADATA_SIZE = 0x40
                0x00000000                CY_APPL_LOADABLE = 0x0
                0x00000000                CY_CHECKSUM_EXCLUDE_SIZE = ALIGN (0x0, CY_FLASH_ROW_SIZE)
                0x1fff8140                PROVIDE (__cy_heap_start, _end)
                0x00000001                PROVIDE (__cy_region_num, ((__cy_regions_end - __cy_regions) / 0x10))
                0x20008000                PROVIDE (__cy_stack, (ORIGIN (ram) + 0x10000))
                0x20007800                PROVIDE (__cy_heap_end, (__cy_stack - 0x800))

.cybootloader   0x00000000        0x0
 *(.cybootloader)
                0x00000000                appl1_start = CY_APPL_ORIGIN?CY_APPL_ORIGIN:ALIGN (CY_FLASH_ROW_SIZE)
                0x0001ff00                appl2_start = (appl1_start + ALIGN ((((0x40000 - appl1_start) - (0x2 * CY_FLASH_ROW_SIZE)) / 0x2), CY_FLASH_ROW_SIZE))
                0x00000000                appl_start = (CY_APPL_NUM == 0x1)?appl1_start:appl2_start
                0x00000000                ecc_offset = ((appl_start / CY_FLASH_ROW_SIZE) * CY_ECC_ROW_SIZE)
                0x00000000                ee_offset = (CY_APPL_LOADABLE && ! (CY_EE_IN_BTLDR))?((CY_EE_SIZE / CY_APPL_MAX) * (CY_APPL_NUM - 0x1)):0x0
                0x00000800                ee_size = (CY_APPL_LOADABLE && ! (CY_EE_IN_BTLDR))?(CY_EE_SIZE / CY_APPL_MAX):CY_EE_SIZE
                0x00000000                PROVIDE (CY_ECC_OFFSET, ecc_offset)

.text           0x00000000      0xc0a
 CREATE_OBJECT_SYMBOLS
                0x00000000                PROVIDE (__cy_interrupt_vector, RomVectors)
 *(.romvectors)
 .romvectors    0x00000000       0x10 .\ARM_GCC_493\Debug\Cm3Start.o
                0x00000000                RomVectors
                0x00000001                ASSERT ((. != __cy_interrupt_vector), No interrupt vector)
                0x00000001                ASSERT (CY_APPL_ORIGIN?(SIZEOF (.cybootloader) <= CY_APPL_ORIGIN):0x1, Wrong image location)
                0x00000010                PROVIDE (__cy_reset, Reset)
 *(.text.Reset)
 .text.Reset    0x00000010       0x18 .\ARM_GCC_493\Debug\Cm3Start.o
                0x00000010                Reset
                0x00000001                ASSERT ((. != __cy_reset), No reset code)
 *(.dma_init)
                0x00000001                ASSERT ((((appl_start + .) <= 0x10000) || 0x1), DMA Init must be within the first 64k of flash)
 *(.text .text.* .gnu.linkonce.t.*)
 .text          0x00000028       0x5c c:/program files (x86)/cypress/psoc creator/3.3/psoc creator/import/gnu/arm/4.9.3/bin/../lib/gcc/arm-none-eabi/4.9.3/armv7-m/crtbegin.o
 .text.main     0x00000084       0x80 .\ARM_GCC_493\Debug\main.o
                0x00000084                main
 .text.IntDefaultHandler
                0x00000104        0x8 .\ARM_GCC_493\Debug\Cm3Start.o
                0x00000104                IntDefaultHandler
 .text.Start_c  0x0000010c       0x98 .\ARM_GCC_493\Debug\Cm3Start.o
                0x0000010c                Start_c
 .text.initialize_psoc
                0x000001a4       0x8c .\ARM_GCC_493\Debug\Cm3Start.o
                0x000001a4                initialize_psoc
 .text.CYMEMZERO
                0x00000230       0x1c .\ARM_GCC_493\Debug\UART_Tx01.a(cyfitter_cfg.o)
 .text.CYCONFIGCPY
                0x0000024c       0x1c .\ARM_GCC_493\Debug\UART_Tx01.a(cyfitter_cfg.o)
 .text.CYCONFIGCPYCODE
                0x00000268       0x1c .\ARM_GCC_493\Debug\UART_Tx01.a(cyfitter_cfg.o)
 .text.CyClockStartupError
                0x00000284        0xc .\ARM_GCC_493\Debug\UART_Tx01.a(cyfitter_cfg.o)
 .text.cfg_write_bytes32
                0x00000290       0x74 .\ARM_GCC_493\Debug\UART_Tx01.a(cyfitter_cfg.o)
 .text.ClockSetup
                0x00000304      0x100 .\ARM_GCC_493\Debug\UART_Tx01.a(cyfitter_cfg.o)
 .text.AnalogSetDefault
                0x00000404       0x44 .\ARM_GCC_493\Debug\UART_Tx01.a(cyfitter_cfg.o)
 .text.cyfitter_cfg
                0x00000448      0x124 .\ARM_GCC_493\Debug\UART_Tx01.a(cyfitter_cfg.o)
                0x00000448                cyfitter_cfg
 .text.UART_1_Start
                0x0000056c       0x20 .\ARM_GCC_493\Debug\UART_Tx01.a(UART_1.o)
                0x0000056c                UART_1_Start
 .text.UART_1_Init
                0x0000058c       0x20 .\ARM_GCC_493\Debug\UART_Tx01.a(UART_1.o)
                0x0000058c                UART_1_Init
 .text.UART_1_Enable
                0x000005ac       0x44 .\ARM_GCC_493\Debug\UART_Tx01.a(UART_1.o)
                0x000005ac                UART_1_Enable
 .text.UART_1_WriteTxData
                0x000005f0       0x2c .\ARM_GCC_493\Debug\UART_Tx01.a(UART_1.o)
                0x000005f0                UART_1_WriteTxData
 .text.LCD_Char_1_Init
                0x0000061c       0x6c .\ARM_GCC_493\Debug\UART_Tx01.a(LCD_Char_1.o)
                0x0000061c                LCD_Char_1_Init
 .text.LCD_Char_1_Enable
                0x00000688       0x18 .\ARM_GCC_493\Debug\UART_Tx01.a(LCD_Char_1.o)
                0x00000688                LCD_Char_1_Enable
 .text.LCD_Char_1_Start
                0x000006a0       0x20 .\ARM_GCC_493\Debug\UART_Tx01.a(LCD_Char_1.o)
                0x000006a0                LCD_Char_1_Start
 .text.LCD_Char_1_Position
                0x000006c0       0x6c .\ARM_GCC_493\Debug\UART_Tx01.a(LCD_Char_1.o)
                0x000006c0                LCD_Char_1_Position
 .text.LCD_Char_1_PutChar
                0x0000072c       0x18 .\ARM_GCC_493\Debug\UART_Tx01.a(LCD_Char_1.o)
                0x0000072c                LCD_Char_1_PutChar
 .text.LCD_Char_1_WriteData
                0x00000744       0x34 .\ARM_GCC_493\Debug\UART_Tx01.a(LCD_Char_1.o)
                0x00000744                LCD_Char_1_WriteData
 .text.LCD_Char_1_WriteControl
                0x00000778       0x34 .\ARM_GCC_493\Debug\UART_Tx01.a(LCD_Char_1.o)
                0x00000778                LCD_Char_1_WriteControl
 .text.LCD_Char_1_IsReady
                0x000007ac      0x178 .\ARM_GCC_493\Debug\UART_Tx01.a(LCD_Char_1.o)
                0x000007ac                LCD_Char_1_IsReady
 .text.LCD_Char_1_WrDatNib
                0x00000924       0x78 .\ARM_GCC_493\Debug\UART_Tx01.a(LCD_Char_1.o)
 .text.LCD_Char_1_WrCntrlNib
                0x0000099c       0x60 .\ARM_GCC_493\Debug\UART_Tx01.a(LCD_Char_1.o)
 .text.LCD_Char_1_PrintInt8
                0x000009fc       0x38 .\ARM_GCC_493\Debug\UART_Tx01.a(LCD_Char_1.o)
                0x000009fc                LCD_Char_1_PrintInt8
 .text.isr_1_Start
                0x00000a34       0x20 .\ARM_GCC_493\Debug\UART_Tx01.a(isr_1.o)
                0x00000a34                isr_1_Start
 .text.isr_1_Interrupt
                0x00000a54        0xc .\ARM_GCC_493\Debug\UART_Tx01.a(isr_1.o)
                0x00000a54                isr_1_Interrupt
 .text.isr_1_SetVector
                0x00000a60       0x24 .\ARM_GCC_493\Debug\UART_Tx01.a(isr_1.o)
                0x00000a60                isr_1_SetVector
 .text.isr_1_SetPriority
                0x00000a84       0x24 .\ARM_GCC_493\Debug\UART_Tx01.a(isr_1.o)
                0x00000a84                isr_1_SetPriority
 .text.isr_1_Enable
                0x00000aa8       0x18 .\ARM_GCC_493\Debug\UART_Tx01.a(isr_1.o)
                0x00000aa8                isr_1_Enable
 .text.isr_1_Disable
                0x00000ac0       0x18 .\ARM_GCC_493\Debug\UART_Tx01.a(isr_1.o)
                0x00000ac0                isr_1_Disable
 .text          0x00000ad8       0x58 .\ARM_GCC_493\Debug\UART_Tx01.a(CyBootAsmGnu.o)
                0x00000ad8                CyDelayCycles
                0x00000b16                CyEnterCriticalSection
                0x00000b1e                CyExitCriticalSection
 .text.CyDelay  0x00000b30       0x44 .\ARM_GCC_493\Debug\UART_Tx01.a(CyLib.o)
                0x00000b30                CyDelay
 .text.CyDelayUs
                0x00000b74       0x24 .\ARM_GCC_493\Debug\UART_Tx01.a(CyLib.o)
                0x00000b74                CyDelayUs
 .text.__libc_init_array
                0x00000b98       0x4c c:/program files (x86)/cypress/psoc creator/3.3/psoc creator/import/gnu/arm/4.9.3/bin/../lib/gcc/arm-none-eabi/4.9.3/../../../../arm-none-eabi/lib/armv7-m\libg_nano.a(lib_a-init.o)
                0x00000b98                __libc_init_array
 .text.memcpy   0x00000be4       0x16 c:/program files (x86)/cypress/psoc creator/3.3/psoc creator/import/gnu/arm/4.9.3/bin/../lib/gcc/arm-none-eabi/4.9.3/../../../../arm-none-eabi/lib/armv7-m\libg_nano.a(lib_a-memcpy.o)
                0x00000be4                memcpy
 .text.memset   0x00000bfa       0x10 c:/program files (x86)/cypress/psoc creator/3.3/psoc creator/import/gnu/arm/4.9.3/bin/../lib/gcc/arm-none-eabi/4.9.3/../../../../arm-none-eabi/lib/armv7-m\libg_nano.a(lib_a-memset.o)
                0x00000bfa                memset
 *(.plt)
 *(.gnu.warning)
 *(.glue_7t)
 .glue_7t       0x00000000        0x0 linker stubs
 *(.glue_7)
 .glue_7        0x00000000        0x0 linker stubs
 *(.vfp11_veneer)
 .vfp11_veneer  0x00000000        0x0 linker stubs
 *(.bootloader)
 *(.ARM.extab* .gnu.linkonce.armextab.*)
 *(.gcc_except_table)

.v4_bx          0x00000c0c        0x0
 .v4_bx         0x00000000        0x0 linker stubs

.iplt           0x00000c0c        0x0
 .iplt          0x00000000        0x0 c:/program files (x86)/cypress/psoc creator/3.3/psoc creator/import/gnu/arm/4.9.3/bin/../lib/gcc/arm-none-eabi/4.9.3/armv7-m/crtbegin.o

.eh_frame_hdr
 *(.eh_frame_hdr)

.eh_frame       0x00000c0c        0x4
 *(.eh_frame)
 .eh_frame      0x00000c0c        0x0 c:/program files (x86)/cypress/psoc creator/3.3/psoc creator/import/gnu/arm/4.9.3/bin/../lib/gcc/arm-none-eabi/4.9.3/armv7-m/crtbegin.o
 .eh_frame      0x00000c0c        0x4 c:/program files (x86)/cypress/psoc creator/3.3/psoc creator/import/gnu/arm/4.9.3/bin/../lib/gcc/arm-none-eabi/4.9.3/armv7-m/crtend.o
                0x00000c10                PROVIDE (__exidx_start, .)

.ARM.exidx
 *(.ARM.exidx* .gnu.linkonce.armexidx.*)
                0x00000c10                __exidx_end = .

.rodata         0x00000c10      0x1d0
 *(.rodata .rodata.* .gnu.linkonce.r.*)
 .rodata        0x00000c10      0x188 .\ARM_GCC_493\Debug\UART_Tx01.a(cyfitter_cfg.o)
 .rodata        0x00000d98       0x10 .\ARM_GCC_493\Debug\UART_Tx01.a(LCD_Char_1.o)
                0x00000da8                . = ALIGN (0x4)
 *(.init)
 .init          0x00000da8        0x4 c:/program files (x86)/cypress/psoc creator/3.3/psoc creator/import/gnu/arm/4.9.3/bin/../lib/gcc/arm-none-eabi/4.9.3/armv7-m/crti.o
                0x00000da8                _init
 .init          0x00000dac        0x8 c:/program files (x86)/cypress/psoc creator/3.3/psoc creator/import/gnu/arm/4.9.3/bin/../lib/gcc/arm-none-eabi/4.9.3/armv7-m/crtn.o
                0x00000db4                . = ALIGN (0x4)
                0x00000db4                __preinit_array_start = .
 *(.preinit_array)
                0x00000db4                __preinit_array_end = .
                0x00000db4                . = ALIGN (0x4)
                0x00000db4                __init_array_start = .
 *(SORT(.init_array.*))
 *(.init_array)
 .init_array    0x00000db4        0x4 c:/program files (x86)/cypress/psoc creator/3.3/psoc creator/import/gnu/arm/4.9.3/bin/../lib/gcc/arm-none-eabi/4.9.3/armv7-m/crtbegin.o
 .init_array    0x00000db8        0x4 .\ARM_GCC_493\Debug\Cm3Start.o
                0x00000dbc                __init_array_end = .
                0x00000dbc                . = ALIGN (0x4)
 *(.fini)
 .fini          0x00000dbc        0x4 c:/program files (x86)/cypress/psoc creator/3.3/psoc creator/import/gnu/arm/4.9.3/bin/../lib/gcc/arm-none-eabi/4.9.3/armv7-m/crti.o
                0x00000dbc                _fini
 .fini          0x00000dc0        0x8 c:/program files (x86)/cypress/psoc creator/3.3/psoc creator/import/gnu/arm/4.9.3/bin/../lib/gcc/arm-none-eabi/4.9.3/armv7-m/crtn.o
                0x00000dc8                . = ALIGN (0x4)
                0x00000dc8                __fini_array_start = .
 *(.fini_array)
 .fini_array    0x00000dc8        0x4 c:/program files (x86)/cypress/psoc creator/3.3/psoc creator/import/gnu/arm/4.9.3/bin/../lib/gcc/arm-none-eabi/4.9.3/armv7-m/crtbegin.o
 *(SORT(.fini_array.*))
                0x00000dcc                __fini_array_end = .
                0x00000dcc                . = ALIGN (0x4)
 *crtbegin.o(.ctors)
 *(EXCLUDE_FILE(*crtend.o) .ctors)
 *(SORT(.ctors.*))
 *crtend.o(.ctors)
                0x00000dcc                . = ALIGN (0x4)
 *crtbegin.o(.dtors)
 *(EXCLUDE_FILE(*crtend.o) .dtors)
 *(SORT(.dtors.*))
 *crtend.o(.dtors)
                0x00000dcc                . = ALIGN (0x4)
                0x00000dcc                __cy_regions = .
                0x00000dcc        0x4 LONG 0xde0 __cy_region_init_ram
                0x00000dd0        0x4 LONG 0x1fff8108 __cy_region_start_data
                0x00000dd4        0x4 LONG 0x18 __cy_region_init_size_ram
                0x00000dd8        0x4 LONG 0x20 __cy_region_zero_size_ram
                0x00000ddc                __cy_regions_end = .
                0x00000de0                . = ALIGN (0x8)
 *fill*         0x00000ddc        0x4 
                0x00000de0                _etext = .

.cy_checksum_exclude
                0x00000de0        0x0
 *(.cy_checksum_exclude)

.ramvectors     0x1fff8000      0x100
                0x1fff8000                __cy_region_start_ram = .
 *(.ramvectors)
 .ramvectors    0x1fff8000      0x100 .\ARM_GCC_493\Debug\Cm3Start.o
                0x1fff8000                CyRamVectors

.noinit         0x1fff8100        0x5
 *(.noinit)
 .noinit        0x1fff8100        0x4 .\ARM_GCC_493\Debug\Cm3Start.o
 .noinit        0x1fff8104        0x1 .\ARM_GCC_493\Debug\UART_Tx01.a(CyLib.o)
                0x1fff8104                CyResetStatus

.data           0x1fff8108       0x18 load address 0x00000de0
                0x1fff8108                __cy_region_start_data = .
 *(.jcr)
 .jcr           0x1fff8108        0x0 c:/program files (x86)/cypress/psoc creator/3.3/psoc creator/import/gnu/arm/4.9.3/bin/../lib/gcc/arm-none-eabi/4.9.3/armv7-m/crtbegin.o
 .jcr           0x1fff8108        0x4 c:/program files (x86)/cypress/psoc creator/3.3/psoc creator/import/gnu/arm/4.9.3/bin/../lib/gcc/arm-none-eabi/4.9.3/armv7-m/crtend.o
 *(.got.plt)
 *(.got)
 *(.shdata)
 *(.data .data.* .gnu.linkonce.d.*)
 .data          0x1fff810c       0x10 .\ARM_GCC_493\Debug\UART_Tx01.a(CyLib.o)
                0x1fff810c                cydelay_freq_hz
                0x1fff8110                cydelay_freq_khz
                0x1fff8114                cydelay_freq_mhz
                0x1fff8118                cydelay_32k_ms
                0x1fff8120                . = ALIGN (0x8)
 *fill*         0x1fff811c        0x4 
 *(.ram)
                0x1fff8120                _edata = .

.igot.plt       0x1fff8120        0x0 load address 0x00000df8
 .igot.plt      0x00000000        0x0 c:/program files (x86)/cypress/psoc creator/3.3/psoc creator/import/gnu/arm/4.9.3/bin/../lib/gcc/arm-none-eabi/4.9.3/armv7-m/crtbegin.o

.bss            0x1fff8120       0x20 load address 0x00000df8
                0x1fff8120                PROVIDE (__bss_start__, .)
 *(.shbss)
 *(.bss .bss.* .gnu.linkonce.b.*)
 .bss           0x1fff8120       0x1c c:/program files (x86)/cypress/psoc creator/3.3/psoc creator/import/gnu/arm/4.9.3/bin/../lib/gcc/arm-none-eabi/4.9.3/armv7-m/crtbegin.o
 .bss           0x1fff813c        0x2 .\ARM_GCC_493\Debug\UART_Tx01.a(UART_1.o)
                0x1fff813c                UART_1_initVar
 .bss           0x1fff813e        0x2 .\ARM_GCC_493\Debug\UART_Tx01.a(LCD_Char_1.o)
                0x1fff813e                LCD_Char_1_enableState
                0x1fff813f                LCD_Char_1_initVar
 *(COMMON)
                0x1fff8140                . = ALIGN (0x8)
 *(.ram.b)
                0x1fff8140                _end = .
                0x1fff8140                __end = .
                0x1fff8140                PROVIDE (end, .)
                0x1fff8140                PROVIDE (__bss_end__, .)
                0x00000de0                __cy_region_init_ram = LOADADDR (.data)
                0x00000018                __cy_region_init_size_ram = (_edata - ADDR (.data))
                0x00000020                __cy_region_zero_size_ram = (_end - _edata)

.heap           0x1fff8140       0x80 load address 0x00000df8
                0x1fff8140                . = _end
                0x1fff81c0                . = (. + 0x80)
 *fill*         0x1fff8140       0x80 
                0x1fff81c0                __cy_heap_limit = .

.stack          0x20007800      0x800
                0x20007800                __cy_stack_limit = .
                0x20008000                . = (. + 0x800)
 *fill*         0x20007800      0x800 
                0x00000001                ASSERT ((__cy_stack_limit >= __cy_heap_limit), region RAM overflowed with stack)
                0x00000000                cy_checksum_exclude_size = (CY_APPL_LOADABLE == 0x1)?SIZEOF (.cy_checksum_exclude):0x0
                0x00000001                ASSERT ((cy_checksum_exclude_size <= CY_CHECKSUM_EXCLUDE_SIZE), CY_BOOT: Section .cy_checksum_exclude size exceedes specified limit.)

.cyloadermeta
 *(.cyloadermeta)

.cyloadablemeta
 *(.cyloadablemeta)

.cyconfigecc    0x80000000        0x4
 *(.cyconfigecc)
 .cyconfigecc   0x80000000        0x4 .\ARM_GCC_493\Debug\cymetadata.o
                0x80000000                cy_meta_configecc

.cycustnvl      0x90000000        0x4
 *(.cycustnvl)
 .cycustnvl     0x90000000        0x4 .\ARM_GCC_493\Debug\cymetadata.o
                0x90000000                cy_meta_custnvl

.cywolatch      0x90100000        0x4
 *(.cywolatch)
 .cywolatch     0x90100000        0x4 .\ARM_GCC_493\Debug\cymetadata.o
                0x90100000                cy_meta_wonvl

.cyeeprom       0x90200000        0x0
 *(.cyeeprom)
                0x00000001                ASSERT ((. <= ((0x90200000 + ee_offset) + ee_size)), .cyeeprom data will not fit in EEPROM)

.cyflashprotect
                0x90400000      0x100
 *(.cyflashprotect)
 .cyflashprotect
                0x90400000      0x100 .\ARM_GCC_493\Debug\cymetadata.o
                0x90400000                cy_meta_flashprotect

.cymeta         0x90500000        0xc
 *(.cymeta)
 .cymeta        0x90500000        0xc .\ARM_GCC_493\Debug\cymetadata.o
                0x90500000                cy_metadata

.rel.dyn        0x00000df8        0x0 load address 0x9050000c
 .rel.iplt      0x00000000        0x0 c:/program files (x86)/cypress/psoc creator/3.3/psoc creator/import/gnu/arm/4.9.3/bin/../lib/gcc/arm-none-eabi/4.9.3/armv7-m/crtbegin.o

.stab
 *(.stab)

.stabstr
 *(.stabstr)

.debug
 *(.debug)

.line
 *(.line)

.debug_srcinfo
 *(.debug_srcinfo)

.debug_sfnames
 *(.debug_sfnames)

.debug_aranges  0x00000000      0x6e8
 *(.debug_aranges)
 .debug_aranges
                0x00000000       0x20 .\ARM_GCC_493\Debug\main.o
 .debug_aranges
                0x00000020       0x18 .\ARM_GCC_493\Debug\cymetadata.o
 .debug_aranges
                0x00000038       0x48 .\ARM_GCC_493\Debug\Cm3Start.o
 .debug_aranges
                0x00000080       0x60 .\ARM_GCC_493\Debug\UART_Tx01.a(cyfitter_cfg.o)
 .debug_aranges
                0x000000e0       0xa0 .\ARM_GCC_493\Debug\UART_Tx01.a(UART_1.o)
 .debug_aranges
                0x00000180       0x98 .\ARM_GCC_493\Debug\UART_Tx01.a(LCD_Char_1.o)
 .debug_aranges
                0x00000218       0x80 .\ARM_GCC_493\Debug\UART_Tx01.a(isr_1.o)
 .debug_aranges
                0x00000298       0x20 .\ARM_GCC_493\Debug\UART_Tx01.a(CyBootAsmGnu.o)
 .debug_aranges
                0x000002b8      0x298 .\ARM_GCC_493\Debug\UART_Tx01.a(CyLib.o)
 .debug_aranges
                0x00000550       0x98 .\ARM_GCC_493\Debug\UART_Tx01.a(cyPm.o)
 .debug_aranges
                0x000005e8       0x88 .\ARM_GCC_493\Debug\UART_Tx01.a(CyFlash.o)
 .debug_aranges
                0x00000670       0x78 .\ARM_GCC_493\Debug\UART_Tx01.a(CySpc.o)

.debug_pubnames
 *(.debug_pubnames)

.debug_info     0x00000000     0x2f54
 *(.debug_info .gnu.linkonce.wi.*)
 .debug_info    0x00000000      0x10f .\ARM_GCC_493\Debug\main.o
 .debug_info    0x0000010f      0x13a .\ARM_GCC_493\Debug\cymetadata.o
 .debug_info    0x00000249      0x319 .\ARM_GCC_493\Debug\Cm3Start.o
 .debug_info    0x00000562      0x431 .\ARM_GCC_493\Debug\UART_Tx01.a(cyfitter_cfg.o)
 .debug_info    0x00000993      0x378 .\ARM_GCC_493\Debug\UART_Tx01.a(UART_1.o)
 .debug_info    0x00000d0b      0x3c8 .\ARM_GCC_493\Debug\UART_Tx01.a(LCD_Char_1.o)
 .debug_info    0x000010d3      0x23a .\ARM_GCC_493\Debug\UART_Tx01.a(isr_1.o)
 .debug_info    0x0000130d       0x93 .\ARM_GCC_493\Debug\UART_Tx01.a(CyBootAsmGnu.o)
 .debug_info    0x000013a0      0xe36 .\ARM_GCC_493\Debug\UART_Tx01.a(CyLib.o)
 .debug_info    0x000021d6      0x562 .\ARM_GCC_493\Debug\UART_Tx01.a(cyPm.o)
 .debug_info    0x00002738      0x3c3 .\ARM_GCC_493\Debug\UART_Tx01.a(CyFlash.o)
 .debug_info    0x00002afb      0x459 .\ARM_GCC_493\Debug\UART_Tx01.a(CySpc.o)

.debug_abbrev   0x00000000      0xe32
 *(.debug_abbrev)
 .debug_abbrev  0x00000000       0xa5 .\ARM_GCC_493\Debug\main.o
 .debug_abbrev  0x000000a5       0x5d .\ARM_GCC_493\Debug\cymetadata.o
 .debug_abbrev  0x00000102      0x1b6 .\ARM_GCC_493\Debug\Cm3Start.o
 .debug_abbrev  0x000002b8      0x187 .\ARM_GCC_493\Debug\UART_Tx01.a(cyfitter_cfg.o)
 .debug_abbrev  0x0000043f      0x149 .\ARM_GCC_493\Debug\UART_Tx01.a(UART_1.o)
 .debug_abbrev  0x00000588      0x120 .\ARM_GCC_493\Debug\UART_Tx01.a(LCD_Char_1.o)
 .debug_abbrev  0x000006a8      0x172 .\ARM_GCC_493\Debug\UART_Tx01.a(isr_1.o)
 .debug_abbrev  0x0000081a       0x14 .\ARM_GCC_493\Debug\UART_Tx01.a(CyBootAsmGnu.o)
 .debug_abbrev  0x0000082e      0x217 .\ARM_GCC_493\Debug\UART_Tx01.a(CyLib.o)
 .debug_abbrev  0x00000a45      0x161 .\ARM_GCC_493\Debug\UART_Tx01.a(cyPm.o)
 .debug_abbrev  0x00000ba6      0x120 .\ARM_GCC_493\Debug\UART_Tx01.a(CyFlash.o)
 .debug_abbrev  0x00000cc6      0x16c .\ARM_GCC_493\Debug\UART_Tx01.a(CySpc.o)

.debug_line     0x00000000     0x1bb4
 *(.debug_line)
 .debug_line    0x00000000      0x19c .\ARM_GCC_493\Debug\main.o
 .debug_line    0x0000019c       0x53 .\ARM_GCC_493\Debug\cymetadata.o
 .debug_line    0x000001ef      0x1d6 .\ARM_GCC_493\Debug\Cm3Start.o
 .debug_line    0x000003c5      0x1f1 .\ARM_GCC_493\Debug\UART_Tx01.a(cyfitter_cfg.o)
 .debug_line    0x000005b6      0x1f8 .\ARM_GCC_493\Debug\UART_Tx01.a(UART_1.o)
 .debug_line    0x000007ae      0x1ea .\ARM_GCC_493\Debug\UART_Tx01.a(LCD_Char_1.o)
 .debug_line    0x00000998      0x159 .\ARM_GCC_493\Debug\UART_Tx01.a(isr_1.o)
 .debug_line    0x00000af1       0x7f .\ARM_GCC_493\Debug\UART_Tx01.a(CyBootAsmGnu.o)
 .debug_line    0x00000b70      0x872 .\ARM_GCC_493\Debug\UART_Tx01.a(CyLib.o)
 .debug_line    0x000013e2      0x381 .\ARM_GCC_493\Debug\UART_Tx01.a(cyPm.o)
 .debug_line    0x00001763      0x21a .\ARM_GCC_493\Debug\UART_Tx01.a(CyFlash.o)
 .debug_line    0x0000197d      0x237 .\ARM_GCC_493\Debug\UART_Tx01.a(CySpc.o)

.debug_frame    0x00000000     0x1c64
 *(.debug_frame)
 .debug_frame   0x00000000       0x30 .\ARM_GCC_493\Debug\main.o
 .debug_frame   0x00000030       0xd8 .\ARM_GCC_493\Debug\Cm3Start.o
 .debug_frame   0x00000108      0x16c .\ARM_GCC_493\Debug\UART_Tx01.a(cyfitter_cfg.o)
 .debug_frame   0x00000274      0x2a0 .\ARM_GCC_493\Debug\UART_Tx01.a(UART_1.o)
 .debug_frame   0x00000514      0x260 .\ARM_GCC_493\Debug\UART_Tx01.a(LCD_Char_1.o)
 .debug_frame   0x00000774      0x1e8 .\ARM_GCC_493\Debug\UART_Tx01.a(isr_1.o)
 .debug_frame   0x0000095c      0xbe8 .\ARM_GCC_493\Debug\UART_Tx01.a(CyLib.o)
 .debug_frame   0x00001544      0x234 .\ARM_GCC_493\Debug\UART_Tx01.a(cyPm.o)
 .debug_frame   0x00001778      0x238 .\ARM_GCC_493\Debug\UART_Tx01.a(CyFlash.o)
 .debug_frame   0x000019b0      0x1f8 .\ARM_GCC_493\Debug\UART_Tx01.a(CySpc.o)
 .debug_frame   0x00001ba8       0x20 c:/program files (x86)/cypress/psoc creator/3.3/psoc creator/import/gnu/arm/4.9.3/bin/../lib/gcc/arm-none-eabi/4.9.3/../../../../arm-none-eabi/lib/armv7-m\libg_nano.a(lib_a-errno.o)
 .debug_frame   0x00001bc8       0x28 c:/program files (x86)/cypress/psoc creator/3.3/psoc creator/import/gnu/arm/4.9.3/bin/../lib/gcc/arm-none-eabi/4.9.3/../../../../arm-none-eabi/lib/armv7-m\libg_nano.a(lib_a-exit.o)
 .debug_frame   0x00001bf0       0x2c c:/program files (x86)/cypress/psoc creator/3.3/psoc creator/import/gnu/arm/4.9.3/bin/../lib/gcc/arm-none-eabi/4.9.3/../../../../arm-none-eabi/lib/armv7-m\libg_nano.a(lib_a-init.o)
 .debug_frame   0x00001c1c       0x28 c:/program files (x86)/cypress/psoc creator/3.3/psoc creator/import/gnu/arm/4.9.3/bin/../lib/gcc/arm-none-eabi/4.9.3/../../../../arm-none-eabi/lib/armv7-m\libg_nano.a(lib_a-memcpy.o)
 .debug_frame   0x00001c44       0x20 c:/program files (x86)/cypress/psoc creator/3.3/psoc creator/import/gnu/arm/4.9.3/bin/../lib/gcc/arm-none-eabi/4.9.3/../../../../arm-none-eabi/lib/armv7-m\libg_nano.a(lib_a-memset.o)

.debug_str      0x00000000     0x173b
 *(.debug_str)
 .debug_str     0x00000000      0x170 .\ARM_GCC_493\Debug\main.o
                                0x1b1 (size before relaxing)
 .debug_str     0x00000170       0x77 .\ARM_GCC_493\Debug\cymetadata.o
                                0x1ed (size before relaxing)
 .debug_str     0x000001e7      0x138 .\ARM_GCC_493\Debug\Cm3Start.o
                                0x2ce (size before relaxing)
 .debug_str     0x0000031f      0x18e .\ARM_GCC_493\Debug\UART_Tx01.a(cyfitter_cfg.o)
                                0x340 (size before relaxing)
 .debug_str     0x000004ad      0x1e0 .\ARM_GCC_493\Debug\UART_Tx01.a(UART_1.o)
                                0x367 (size before relaxing)
 .debug_str     0x0000068d      0x1f8 .\ARM_GCC_493\Debug\UART_Tx01.a(LCD_Char_1.o)
                                0x39c (size before relaxing)
 .debug_str     0x00000885      0x100 .\ARM_GCC_493\Debug\UART_Tx01.a(isr_1.o)
                                0x29d (size before relaxing)
 .debug_str     0x00000985      0x7cf .\ARM_GCC_493\Debug\UART_Tx01.a(CyLib.o)
                                0x9c9 (size before relaxing)
 .debug_str     0x00001154      0x367 .\ARM_GCC_493\Debug\UART_Tx01.a(cyPm.o)
                                0x52e (size before relaxing)
 .debug_str     0x000014bb      0x15f .\ARM_GCC_493\Debug\UART_Tx01.a(CyFlash.o)
                                0x305 (size before relaxing)
 .debug_str     0x0000161a      0x121 .\ARM_GCC_493\Debug\UART_Tx01.a(CySpc.o)
                                0x2ea (size before relaxing)

.debug_loc
 *(.debug_loc)

.debug_macinfo
 *(.debug_macinfo)

.debug_ranges   0x00000000      0x610
 *(.debug_ranges)
 .debug_ranges  0x00000000       0x10 .\ARM_GCC_493\Debug\main.o
 .debug_ranges  0x00000010       0x38 .\ARM_GCC_493\Debug\Cm3Start.o
 .debug_ranges  0x00000048       0x50 .\ARM_GCC_493\Debug\UART_Tx01.a(cyfitter_cfg.o)
 .debug_ranges  0x00000098       0x90 .\ARM_GCC_493\Debug\UART_Tx01.a(UART_1.o)
 .debug_ranges  0x00000128       0x88 .\ARM_GCC_493\Debug\UART_Tx01.a(LCD_Char_1.o)
 .debug_ranges  0x000001b0       0x70 .\ARM_GCC_493\Debug\UART_Tx01.a(isr_1.o)
 .debug_ranges  0x00000220      0x288 .\ARM_GCC_493\Debug\UART_Tx01.a(CyLib.o)
 .debug_ranges  0x000004a8       0x88 .\ARM_GCC_493\Debug\UART_Tx01.a(cyPm.o)
 .debug_ranges  0x00000530       0x78 .\ARM_GCC_493\Debug\UART_Tx01.a(CyFlash.o)
 .debug_ranges  0x000005a8       0x68 .\ARM_GCC_493\Debug\UART_Tx01.a(CySpc.o)

.comment        0x00000000       0x70
 .comment       0x00000000       0x70 .\ARM_GCC_493\Debug\main.o
                                 0x71 (size before relaxing)
 .comment       0x00000000       0x71 .\ARM_GCC_493\Debug\cymetadata.o
 .comment       0x00000000       0x71 .\ARM_GCC_493\Debug\Cm3Start.o
 .comment       0x00000000       0x71 .\ARM_GCC_493\Debug\UART_Tx01.a(cyfitter_cfg.o)
 .comment       0x00000000       0x71 .\ARM_GCC_493\Debug\UART_Tx01.a(UART_1.o)
 .comment       0x00000000       0x71 .\ARM_GCC_493\Debug\UART_Tx01.a(LCD_Char_1.o)
 .comment       0x00000000       0x71 .\ARM_GCC_493\Debug\UART_Tx01.a(isr_1.o)
 .comment       0x00000000       0x71 .\ARM_GCC_493\Debug\UART_Tx01.a(CyLib.o)
 .comment       0x00000000       0x71 .\ARM_GCC_493\Debug\UART_Tx01.a(cyPm.o)
 .comment       0x00000000       0x71 .\ARM_GCC_493\Debug\UART_Tx01.a(CyFlash.o)
 .comment       0x00000000       0x71 .\ARM_GCC_493\Debug\UART_Tx01.a(CySpc.o)

.debug_weaknames
 *(.debug_weaknames)

.debug_funcnames
 *(.debug_funcnames)

.debug_typenames
 *(.debug_typenames)

.debug_varnames
 *(.debug_varnames)

.note.gnu.arm.ident
 *(.note.gnu.arm.ident)

.ARM.attributes
                0x00000000       0x29
 *(.ARM.attributes)
 .ARM.attributes
                0x00000000       0x1d c:/program files (x86)/cypress/psoc creator/3.3/psoc creator/import/gnu/arm/4.9.3/bin/../lib/gcc/arm-none-eabi/4.9.3/armv7-m/crti.o
 .ARM.attributes
                0x0000001d       0x2d c:/program files (x86)/cypress/psoc creator/3.3/psoc creator/import/gnu/arm/4.9.3/bin/../lib/gcc/arm-none-eabi/4.9.3/armv7-m/crtbegin.o
 .ARM.attributes
                0x0000004a       0x1b c:/program files (x86)/cypress/psoc creator/3.3/psoc creator/import/gnu/arm/4.9.3/bin/../lib/gcc/arm-none-eabi/4.9.3/../../../../arm-none-eabi/lib/armv7-m/crt0.o
 .ARM.attributes
                0x00000065       0x33 .\ARM_GCC_493\Debug\main.o
 .ARM.attributes
                0x00000098       0x33 .\ARM_GCC_493\Debug\cymetadata.o
 .ARM.attributes
                0x000000cb       0x33 .\ARM_GCC_493\Debug\Cm3Start.o
 .ARM.attributes
                0x000000fe       0x33 .\ARM_GCC_493\Debug\UART_Tx01.a(cyfitter_cfg.o)
 .ARM.attributes
                0x00000131       0x33 .\ARM_GCC_493\Debug\UART_Tx01.a(UART_1.o)
 .ARM.attributes
                0x00000164       0x33 .\ARM_GCC_493\Debug\UART_Tx01.a(LCD_Char_1.o)
 .ARM.attributes
                0x00000197       0x33 .\ARM_GCC_493\Debug\UART_Tx01.a(isr_1.o)
 .ARM.attributes
                0x000001ca       0x21 .\ARM_GCC_493\Debug\UART_Tx01.a(CyBootAsmGnu.o)
 .ARM.attributes
                0x000001eb       0x33 .\ARM_GCC_493\Debug\UART_Tx01.a(CyLib.o)
 .ARM.attributes
                0x0000021e       0x33 .\ARM_GCC_493\Debug\UART_Tx01.a(cyPm.o)
 .ARM.attributes
                0x00000251       0x33 .\ARM_GCC_493\Debug\UART_Tx01.a(CyFlash.o)
 .ARM.attributes
                0x00000284       0x33 .\ARM_GCC_493\Debug\UART_Tx01.a(CySpc.o)
 .ARM.attributes
                0x000002b7       0x2d c:/program files (x86)/cypress/psoc creator/3.3/psoc creator/import/gnu/arm/4.9.3/bin/../lib/gcc/arm-none-eabi/4.9.3/../../../../arm-none-eabi/lib/armv7-m\libg_nano.a(lib_a-errno.o)
 .ARM.attributes
                0x000002e4       0x2d c:/program files (x86)/cypress/psoc creator/3.3/psoc creator/import/gnu/arm/4.9.3/bin/../lib/gcc/arm-none-eabi/4.9.3/../../../../arm-none-eabi/lib/armv7-m\libg_nano.a(lib_a-exit.o)
 .ARM.attributes
                0x00000311       0x2d c:/program files (x86)/cypress/psoc creator/3.3/psoc creator/import/gnu/arm/4.9.3/bin/../lib/gcc/arm-none-eabi/4.9.3/../../../../arm-none-eabi/lib/armv7-m\libg_nano.a(lib_a-impure.o)
 .ARM.attributes
                0x0000033e       0x2d c:/program files (x86)/cypress/psoc creator/3.3/psoc creator/import/gnu/arm/4.9.3/bin/../lib/gcc/arm-none-eabi/4.9.3/../../../../arm-none-eabi/lib/armv7-m\libg_nano.a(lib_a-init.o)
 .ARM.attributes
                0x0000036b       0x2d c:/program files (x86)/cypress/psoc creator/3.3/psoc creator/import/gnu/arm/4.9.3/bin/../lib/gcc/arm-none-eabi/4.9.3/../../../../arm-none-eabi/lib/armv7-m\libg_nano.a(lib_a-memcpy.o)
 .ARM.attributes
                0x00000398       0x2d c:/program files (x86)/cypress/psoc creator/3.3/psoc creator/import/gnu/arm/4.9.3/bin/../lib/gcc/arm-none-eabi/4.9.3/../../../../arm-none-eabi/lib/armv7-m\libg_nano.a(lib_a-memset.o)
 .ARM.attributes
                0x000003c5       0x2d c:/program files (x86)/cypress/psoc creator/3.3/psoc creator/import/gnu/arm/4.9.3/bin/../lib/gcc/arm-none-eabi/4.9.3/armv7-m/crtend.o
 .ARM.attributes
                0x000003f2       0x1d c:/program files (x86)/cypress/psoc creator/3.3/psoc creator/import/gnu/arm/4.9.3/bin/../lib/gcc/arm-none-eabi/4.9.3/armv7-m/crtn.o

/DISCARD/
 *(.note.GNU-stack)
OUTPUT(.\ARM_GCC_493\Debug\UART_Tx01.elf elf32-littlearm)
