Archive member included because of file (symbol)

.\CortexM3\ARM_GCC_493\Debug\SPIM_Example02.a(cyfitter_cfg.o)
                              .\CortexM3\ARM_GCC_493\Debug\Cm3Start.o (cyfitter_cfg)
.\CortexM3\ARM_GCC_493\Debug\SPIM_Example02.a(LCD.o)
                              .\CortexM3\ARM_GCC_493\Debug\main.o (LCD_WriteControl)
.\CortexM3\ARM_GCC_493\Debug\SPIM_Example02.a(DMA_RX_dma.o)
                              .\CortexM3\ARM_GCC_493\Debug\main.o (DMA_RX_DmaInitialize)
.\CortexM3\ARM_GCC_493\Debug\SPIM_Example02.a(SPIM.o)
                              .\CortexM3\ARM_GCC_493\Debug\main.o (SPIM_ReadTxStatus)
.\CortexM3\ARM_GCC_493\Debug\SPIM_Example02.a(DMA_TX_dma.o)
                              .\CortexM3\ARM_GCC_493\Debug\main.o (DMA_TX_DmaInitialize)
.\CortexM3\ARM_GCC_493\Debug\SPIM_Example02.a(CyBootAsmGnu.o)
                              .\CortexM3\ARM_GCC_493\Debug\SPIM_Example02.a(cyfitter_cfg.o) (CyDelayCycles)
.\CortexM3\ARM_GCC_493\Debug\SPIM_Example02.a(CyDmac.o)
                              .\CortexM3\ARM_GCC_493\Debug\Cm3Start.o (CyDmacConfigure)
.\CortexM3\ARM_GCC_493\Debug\SPIM_Example02.a(CyLib.o)
                              .\CortexM3\ARM_GCC_493\Debug\Cm3Start.o (CyResetStatus)
.\CortexM3\ARM_GCC_493\Debug\SPIM_Example02.a(cyPm.o)
                              .\CortexM3\ARM_GCC_493\Debug\SPIM_Example02.a(CyLib.o) (CyPmReadStatus)
.\CortexM3\ARM_GCC_493\Debug\SPIM_Example02.a(CyFlash.o)
                              .\CortexM3\ARM_GCC_493\Debug\SPIM_Example02.a(cyPm.o) (CyFlash_SetWaitCycles)
.\CortexM3\ARM_GCC_493\Debug\SPIM_Example02.a(CySpc.o)
                              .\CortexM3\ARM_GCC_493\Debug\SPIM_Example02.a(CyFlash.o) (CySpcStart)
c:/program files (x86)/cypress/psoc creator/3.3/psoc creator/import/gnu/arm/4.9.3/bin/../lib/gcc/arm-none-eabi/4.9.3/../../../../arm-none-eabi/lib/armv7-m\libg_nano.a(lib_a-errno.o)
                              .\CortexM3\ARM_GCC_493\Debug\Cm3Start.o (__errno)
c:/program files (x86)/cypress/psoc creator/3.3/psoc creator/import/gnu/arm/4.9.3/bin/../lib/gcc/arm-none-eabi/4.9.3/../../../../arm-none-eabi/lib/armv7-m\libg_nano.a(lib_a-exit.o)
                              c:/program files (x86)/cypress/psoc creator/3.3/psoc creator/import/gnu/arm/4.9.3/bin/../lib/gcc/arm-none-eabi/4.9.3/../../../../arm-none-eabi/lib/armv7-m/crt0.o (exit)
c:/program files (x86)/cypress/psoc creator/3.3/psoc creator/import/gnu/arm/4.9.3/bin/../lib/gcc/arm-none-eabi/4.9.3/../../../../arm-none-eabi/lib/armv7-m\libg_nano.a(lib_a-impure.o)
                              c:/program files (x86)/cypress/psoc creator/3.3/psoc creator/import/gnu/arm/4.9.3/bin/../lib/gcc/arm-none-eabi/4.9.3/../../../../arm-none-eabi/lib/armv7-m\libg_nano.a(lib_a-exit.o) (_global_impure_ptr)
c:/program files (x86)/cypress/psoc creator/3.3/psoc creator/import/gnu/arm/4.9.3/bin/../lib/gcc/arm-none-eabi/4.9.3/../../../../arm-none-eabi/lib/armv7-m\libg_nano.a(lib_a-init.o)
                              c:/program files (x86)/cypress/psoc creator/3.3/psoc creator/import/gnu/arm/4.9.3/bin/../lib/gcc/arm-none-eabi/4.9.3/../../../../arm-none-eabi/lib/armv7-m/crt0.o (__libc_init_array)
c:/program files (x86)/cypress/psoc creator/3.3/psoc creator/import/gnu/arm/4.9.3/bin/../lib/gcc/arm-none-eabi/4.9.3/../../../../arm-none-eabi/lib/armv7-m\libg_nano.a(lib_a-memcpy.o)
                              .\CortexM3\ARM_GCC_493\Debug\SPIM_Example02.a(cyfitter_cfg.o) (memcpy)
c:/program files (x86)/cypress/psoc creator/3.3/psoc creator/import/gnu/arm/4.9.3/bin/../lib/gcc/arm-none-eabi/4.9.3/../../../../arm-none-eabi/lib/armv7-m\libg_nano.a(lib_a-memset.o)
                              c:/program files (x86)/cypress/psoc creator/3.3/psoc creator/import/gnu/arm/4.9.3/bin/../lib/gcc/arm-none-eabi/4.9.3/../../../../arm-none-eabi/lib/armv7-m/crt0.o (memset)

Allocating common symbols
Common symbol       size              file

SPIM_swStatusTx     0x1               .\CortexM3\ARM_GCC_493\Debug\SPIM_Example02.a(SPIM.o)
txChannel           0x1               .\CortexM3\ARM_GCC_493\Debug\main.o
rxTD                0x1               .\CortexM3\ARM_GCC_493\Debug\main.o
rxBuffer            0x8               .\CortexM3\ARM_GCC_493\Debug\main.o
txTD                0x1               .\CortexM3\ARM_GCC_493\Debug\main.o
dieTemperature      0x2               .\CortexM3\ARM_GCC_493\Debug\SPIM_Example02.a(CyFlash.o)
SPIM_swStatusRx     0x1               .\CortexM3\ARM_GCC_493\Debug\SPIM_Example02.a(SPIM.o)
rxChannel           0x1               .\CortexM3\ARM_GCC_493\Debug\main.o

Discarded input sections

 .text          0x00000000        0x0 c:/program files (x86)/cypress/psoc creator/3.3/psoc creator/import/gnu/arm/4.9.3/bin/../lib/gcc/arm-none-eabi/4.9.3/armv7-m/crti.o
 .data          0x00000000        0x0 c:/program files (x86)/cypress/psoc creator/3.3/psoc creator/import/gnu/arm/4.9.3/bin/../lib/gcc/arm-none-eabi/4.9.3/armv7-m/crti.o
 .bss           0x00000000        0x0 c:/program files (x86)/cypress/psoc creator/3.3/psoc creator/import/gnu/arm/4.9.3/bin/../lib/gcc/arm-none-eabi/4.9.3/armv7-m/crti.o
 .data          0x00000000        0x4 c:/program files (x86)/cypress/psoc creator/3.3/psoc creator/import/gnu/arm/4.9.3/bin/../lib/gcc/arm-none-eabi/4.9.3/armv7-m/crtbegin.o
 .text          0x00000000       0x74 c:/program files (x86)/cypress/psoc creator/3.3/psoc creator/import/gnu/arm/4.9.3/bin/../lib/gcc/arm-none-eabi/4.9.3/../../../../arm-none-eabi/lib/armv7-m/crt0.o
 .data          0x00000000        0x0 c:/program files (x86)/cypress/psoc creator/3.3/psoc creator/import/gnu/arm/4.9.3/bin/../lib/gcc/arm-none-eabi/4.9.3/../../../../arm-none-eabi/lib/armv7-m/crt0.o
 .bss           0x00000000        0x0 c:/program files (x86)/cypress/psoc creator/3.3/psoc creator/import/gnu/arm/4.9.3/bin/../lib/gcc/arm-none-eabi/4.9.3/../../../../arm-none-eabi/lib/armv7-m/crt0.o
 .ARM.extab     0x00000000        0x0 c:/program files (x86)/cypress/psoc creator/3.3/psoc creator/import/gnu/arm/4.9.3/bin/../lib/gcc/arm-none-eabi/4.9.3/../../../../arm-none-eabi/lib/armv7-m/crt0.o
 .ARM.exidx     0x00000000        0x8 c:/program files (x86)/cypress/psoc creator/3.3/psoc creator/import/gnu/arm/4.9.3/bin/../lib/gcc/arm-none-eabi/4.9.3/../../../../arm-none-eabi/lib/armv7-m/crt0.o
 .text          0x00000000        0x0 .\CortexM3\ARM_GCC_493\Debug\main.o
 .bss           0x00000000        0x0 .\CortexM3\ARM_GCC_493\Debug\main.o
 .text          0x00000000        0x0 .\CortexM3\ARM_GCC_493\Debug\cymetadata.o
 .data          0x00000000        0x0 .\CortexM3\ARM_GCC_493\Debug\cymetadata.o
 .bss           0x00000000        0x0 .\CortexM3\ARM_GCC_493\Debug\cymetadata.o
 .text          0x00000000        0x0 .\CortexM3\ARM_GCC_493\Debug\Cm3Start.o
 .data          0x00000000        0x4 .\CortexM3\ARM_GCC_493\Debug\Cm3Start.o
 .bss           0x00000000        0x0 .\CortexM3\ARM_GCC_493\Debug\Cm3Start.o
 .text._exit    0x00000000       0x14 .\CortexM3\ARM_GCC_493\Debug\Cm3Start.o
 .text._sbrk    0x00000000       0x50 .\CortexM3\ARM_GCC_493\Debug\Cm3Start.o
 .text          0x00000000        0x0 .\CortexM3\ARM_GCC_493\Debug\SPIM_Example02.a(cyfitter_cfg.o)
 .data          0x00000000        0x0 .\CortexM3\ARM_GCC_493\Debug\SPIM_Example02.a(cyfitter_cfg.o)
 .text.CYCONFIGCPYCODE
                0x00000000       0x1c .\CortexM3\ARM_GCC_493\Debug\SPIM_Example02.a(cyfitter_cfg.o)
 .text.SetAnalogRoutingPumps
                0x00000000       0x28 .\CortexM3\ARM_GCC_493\Debug\SPIM_Example02.a(cyfitter_cfg.o)
 .text          0x00000000        0x0 .\CortexM3\ARM_GCC_493\Debug\SPIM_Example02.a(LCD.o)
 .data          0x00000000        0x0 .\CortexM3\ARM_GCC_493\Debug\SPIM_Example02.a(LCD.o)
 .text.LCD_Stop
                0x00000000       0x18 .\CortexM3\ARM_GCC_493\Debug\SPIM_Example02.a(LCD.o)
 .text.LCD_PrintInt16
                0x00000000       0x28 .\CortexM3\ARM_GCC_493\Debug\SPIM_Example02.a(LCD.o)
 .text.LCD_PrintInt32
                0x00000000       0x30 .\CortexM3\ARM_GCC_493\Debug\SPIM_Example02.a(LCD.o)
 .text.LCD_PrintU32Number
                0x00000000       0xa4 .\CortexM3\ARM_GCC_493\Debug\SPIM_Example02.a(LCD.o)
 .text          0x00000000        0x0 .\CortexM3\ARM_GCC_493\Debug\SPIM_Example02.a(DMA_RX_dma.o)
 .bss           0x00000000        0x0 .\CortexM3\ARM_GCC_493\Debug\SPIM_Example02.a(DMA_RX_dma.o)
 .text.DMA_RX_DmaRelease
                0x00000000       0x14 .\CortexM3\ARM_GCC_493\Debug\SPIM_Example02.a(DMA_RX_dma.o)
 .text          0x00000000        0x0 .\CortexM3\ARM_GCC_493\Debug\SPIM_Example02.a(SPIM.o)
 .data          0x00000000        0x0 .\CortexM3\ARM_GCC_493\Debug\SPIM_Example02.a(SPIM.o)
 .text.SPIM_Stop
                0x00000000       0x4c .\CortexM3\ARM_GCC_493\Debug\SPIM_Example02.a(SPIM.o)
 .text.SPIM_DisableTxInt
                0x00000000        0xc .\CortexM3\ARM_GCC_493\Debug\SPIM_Example02.a(SPIM.o)
 .text.SPIM_DisableRxInt
                0x00000000        0xc .\CortexM3\ARM_GCC_493\Debug\SPIM_Example02.a(SPIM.o)
 .text.SPIM_SetTxInterruptMode
                0x00000000       0x20 .\CortexM3\ARM_GCC_493\Debug\SPIM_Example02.a(SPIM.o)
 .text.SPIM_SetRxInterruptMode
                0x00000000       0x20 .\CortexM3\ARM_GCC_493\Debug\SPIM_Example02.a(SPIM.o)
 .text.SPIM_WriteTxData
                0x00000000       0x34 .\CortexM3\ARM_GCC_493\Debug\SPIM_Example02.a(SPIM.o)
 .text.SPIM_ReadRxData
                0x00000000       0x20 .\CortexM3\ARM_GCC_493\Debug\SPIM_Example02.a(SPIM.o)
 .text.SPIM_GetRxBufferSize
                0x00000000       0x30 .\CortexM3\ARM_GCC_493\Debug\SPIM_Example02.a(SPIM.o)
 .text.SPIM_GetTxBufferSize
                0x00000000       0x44 .\CortexM3\ARM_GCC_493\Debug\SPIM_Example02.a(SPIM.o)
 .text.SPIM_ClearRxBuffer
                0x00000000       0x28 .\CortexM3\ARM_GCC_493\Debug\SPIM_Example02.a(SPIM.o)
 .text.SPIM_ClearTxBuffer
                0x00000000       0x40 .\CortexM3\ARM_GCC_493\Debug\SPIM_Example02.a(SPIM.o)
 .text.SPIM_PutArray
                0x00000000       0x38 .\CortexM3\ARM_GCC_493\Debug\SPIM_Example02.a(SPIM.o)
 .text.SPIM_EnableInt
                0x00000000       0x10 .\CortexM3\ARM_GCC_493\Debug\SPIM_Example02.a(SPIM.o)
 .text.SPIM_DisableInt
                0x00000000       0x10 .\CortexM3\ARM_GCC_493\Debug\SPIM_Example02.a(SPIM.o)
 .text.SPIM_SetInterruptMode
                0x00000000       0x30 .\CortexM3\ARM_GCC_493\Debug\SPIM_Example02.a(SPIM.o)
 .text.SPIM_ReadStatus
                0x00000000       0x38 .\CortexM3\ARM_GCC_493\Debug\SPIM_Example02.a(SPIM.o)
 COMMON         0x00000000        0x2 .\CortexM3\ARM_GCC_493\Debug\SPIM_Example02.a(SPIM.o)
 .text          0x00000000        0x0 .\CortexM3\ARM_GCC_493\Debug\SPIM_Example02.a(DMA_TX_dma.o)
 .bss           0x00000000        0x0 .\CortexM3\ARM_GCC_493\Debug\SPIM_Example02.a(DMA_TX_dma.o)
 .text.DMA_TX_DmaRelease
                0x00000000       0x14 .\CortexM3\ARM_GCC_493\Debug\SPIM_Example02.a(DMA_TX_dma.o)
 .data          0x00000000        0x0 .\CortexM3\ARM_GCC_493\Debug\SPIM_Example02.a(CyBootAsmGnu.o)
 .bss           0x00000000        0x0 .\CortexM3\ARM_GCC_493\Debug\SPIM_Example02.a(CyBootAsmGnu.o)
 .text          0x00000000        0x0 .\CortexM3\ARM_GCC_493\Debug\SPIM_Example02.a(CyDmac.o)
 .bss           0x00000000        0x0 .\CortexM3\ARM_GCC_493\Debug\SPIM_Example02.a(CyDmac.o)
 .text.CyDmacError
                0x00000000       0x20 .\CortexM3\ARM_GCC_493\Debug\SPIM_Example02.a(CyDmac.o)
 .text.CyDmacClearError
                0x00000000       0x24 .\CortexM3\ARM_GCC_493\Debug\SPIM_Example02.a(CyDmac.o)
 .text.CyDmacErrorAddress
                0x00000000       0x18 .\CortexM3\ARM_GCC_493\Debug\SPIM_Example02.a(CyDmac.o)
 .text.CyDmaChAlloc
                0x00000000       0x64 .\CortexM3\ARM_GCC_493\Debug\SPIM_Example02.a(CyDmac.o)
 .text.CyDmaChFree
                0x00000000       0x4c .\CortexM3\ARM_GCC_493\Debug\SPIM_Example02.a(CyDmac.o)
 .text.CyDmaChDisable
                0x00000000       0x64 .\CortexM3\ARM_GCC_493\Debug\SPIM_Example02.a(CyDmac.o)
 .text.CyDmaClearPendingDrq
                0x00000000       0x64 .\CortexM3\ARM_GCC_493\Debug\SPIM_Example02.a(CyDmac.o)
 .text.CyDmaChSetRequest
                0x00000000       0x58 .\CortexM3\ARM_GCC_493\Debug\SPIM_Example02.a(CyDmac.o)
 .text.CyDmaChGetRequest
                0x00000000       0x38 .\CortexM3\ARM_GCC_493\Debug\SPIM_Example02.a(CyDmac.o)
 .text.CyDmaChStatus
                0x00000000       0x60 .\CortexM3\ARM_GCC_493\Debug\SPIM_Example02.a(CyDmac.o)
 .text.CyDmaTdFree
                0x00000000       0x54 .\CortexM3\ARM_GCC_493\Debug\SPIM_Example02.a(CyDmac.o)
 .text.CyDmaTdFreeCount
                0x00000000       0x1c .\CortexM3\ARM_GCC_493\Debug\SPIM_Example02.a(CyDmac.o)
 .text.CyDmaTdGetConfiguration
                0x00000000       0x88 .\CortexM3\ARM_GCC_493\Debug\SPIM_Example02.a(CyDmac.o)
 .text.CyDmaTdGetAddress
                0x00000000       0x6c .\CortexM3\ARM_GCC_493\Debug\SPIM_Example02.a(CyDmac.o)
 .text.CyDmaChRoundRobin
                0x00000000       0x70 .\CortexM3\ARM_GCC_493\Debug\SPIM_Example02.a(CyDmac.o)
 .text          0x00000000        0x0 .\CortexM3\ARM_GCC_493\Debug\SPIM_Example02.a(CyLib.o)
 .bss           0x00000000       0x1c .\CortexM3\ARM_GCC_493\Debug\SPIM_Example02.a(CyLib.o)
 .text.CyPLL_OUT_Start
                0x00000000       0xb0 .\CortexM3\ARM_GCC_493\Debug\SPIM_Example02.a(CyLib.o)
 .text.CyPLL_OUT_Stop
                0x00000000       0x20 .\CortexM3\ARM_GCC_493\Debug\SPIM_Example02.a(CyLib.o)
 .text.CyPLL_OUT_SetPQ
                0x00000000       0x90 .\CortexM3\ARM_GCC_493\Debug\SPIM_Example02.a(CyLib.o)
 .text.CyPLL_OUT_SetSource
                0x00000000       0x54 .\CortexM3\ARM_GCC_493\Debug\SPIM_Example02.a(CyLib.o)
 .text.CyIMO_Start
                0x00000000       0x94 .\CortexM3\ARM_GCC_493\Debug\SPIM_Example02.a(CyLib.o)
 .text.CyIMO_Stop
                0x00000000       0x34 .\CortexM3\ARM_GCC_493\Debug\SPIM_Example02.a(CyLib.o)
 .text.CyUSB_PowerOnCheck
                0x00000000       0x60 .\CortexM3\ARM_GCC_493\Debug\SPIM_Example02.a(CyLib.o)
 .text.CyIMO_SetTrimValue
                0x00000000      0x108 .\CortexM3\ARM_GCC_493\Debug\SPIM_Example02.a(CyLib.o)
 .text.CyIMO_SetFreq
                0x00000000      0x1ac .\CortexM3\ARM_GCC_493\Debug\SPIM_Example02.a(CyLib.o)
 .text.CyIMO_SetSource
                0x00000000       0x8c .\CortexM3\ARM_GCC_493\Debug\SPIM_Example02.a(CyLib.o)
 .text.CyIMO_EnableDoubler
                0x00000000       0x20 .\CortexM3\ARM_GCC_493\Debug\SPIM_Example02.a(CyLib.o)
 .text.CyIMO_DisableDoubler
                0x00000000       0x20 .\CortexM3\ARM_GCC_493\Debug\SPIM_Example02.a(CyLib.o)
 .text.CyMasterClk_SetSource
                0x00000000       0x34 .\CortexM3\ARM_GCC_493\Debug\SPIM_Example02.a(CyLib.o)
 .text.CyMasterClk_SetDivider
                0x00000000       0x20 .\CortexM3\ARM_GCC_493\Debug\SPIM_Example02.a(CyLib.o)
 .text.CyBusClk_Internal_SetDivider
                0x00000000       0x78 .\CortexM3\ARM_GCC_493\Debug\SPIM_Example02.a(CyLib.o)
 .text.CyBusClk_SetDivider
                0x00000000       0xb4 .\CortexM3\ARM_GCC_493\Debug\SPIM_Example02.a(CyLib.o)
 .text.CyUsbClk_SetSource
                0x00000000       0x34 .\CortexM3\ARM_GCC_493\Debug\SPIM_Example02.a(CyLib.o)
 .text.CyILO_Start1K
                0x00000000       0x20 .\CortexM3\ARM_GCC_493\Debug\SPIM_Example02.a(CyLib.o)
 .text.CyILO_Stop1K
                0x00000000       0x20 .\CortexM3\ARM_GCC_493\Debug\SPIM_Example02.a(CyLib.o)
 .text.CyILO_Start100K
                0x00000000       0x20 .\CortexM3\ARM_GCC_493\Debug\SPIM_Example02.a(CyLib.o)
 .text.CyILO_Stop100K
                0x00000000       0x20 .\CortexM3\ARM_GCC_493\Debug\SPIM_Example02.a(CyLib.o)
 .text.CyILO_Enable33K
                0x00000000       0x20 .\CortexM3\ARM_GCC_493\Debug\SPIM_Example02.a(CyLib.o)
 .text.CyILO_Disable33K
                0x00000000       0x20 .\CortexM3\ARM_GCC_493\Debug\SPIM_Example02.a(CyLib.o)
 .text.CyILO_SetSource
                0x00000000       0x38 .\CortexM3\ARM_GCC_493\Debug\SPIM_Example02.a(CyLib.o)
 .text.CyILO_SetPowerMode
                0x00000000       0x4c .\CortexM3\ARM_GCC_493\Debug\SPIM_Example02.a(CyLib.o)
 .text.CyXTAL_32KHZ_Start
                0x00000000       0x84 .\CortexM3\ARM_GCC_493\Debug\SPIM_Example02.a(CyLib.o)
 .text.CyXTAL_32KHZ_Stop
                0x00000000       0x50 .\CortexM3\ARM_GCC_493\Debug\SPIM_Example02.a(CyLib.o)
 .text.CyXTAL_32KHZ_ReadStatus
                0x00000000       0x20 .\CortexM3\ARM_GCC_493\Debug\SPIM_Example02.a(CyLib.o)
 .text.CyXTAL_32KHZ_SetPowerMode
                0x00000000       0xb4 .\CortexM3\ARM_GCC_493\Debug\SPIM_Example02.a(CyLib.o)
 .text.CyXTAL_Start
                0x00000000       0xd0 .\CortexM3\ARM_GCC_493\Debug\SPIM_Example02.a(CyLib.o)
 .text.CyXTAL_Stop
                0x00000000       0x20 .\CortexM3\ARM_GCC_493\Debug\SPIM_Example02.a(CyLib.o)
 .text.CyXTAL_EnableErrStatus
                0x00000000       0x20 .\CortexM3\ARM_GCC_493\Debug\SPIM_Example02.a(CyLib.o)
 .text.CyXTAL_DisableErrStatus
                0x00000000       0x20 .\CortexM3\ARM_GCC_493\Debug\SPIM_Example02.a(CyLib.o)
 .text.CyXTAL_ReadStatus
                0x00000000       0x28 .\CortexM3\ARM_GCC_493\Debug\SPIM_Example02.a(CyLib.o)
 .text.CyXTAL_EnableFaultRecovery
                0x00000000       0x20 .\CortexM3\ARM_GCC_493\Debug\SPIM_Example02.a(CyLib.o)
 .text.CyXTAL_DisableFaultRecovery
                0x00000000       0x20 .\CortexM3\ARM_GCC_493\Debug\SPIM_Example02.a(CyLib.o)
 .text.CyXTAL_SetStartup
                0x00000000       0x34 .\CortexM3\ARM_GCC_493\Debug\SPIM_Example02.a(CyLib.o)
 .text.CyXTAL_SetFbVoltage
                0x00000000       0x34 .\CortexM3\ARM_GCC_493\Debug\SPIM_Example02.a(CyLib.o)
 .text.CyXTAL_SetWdVoltage
                0x00000000       0x38 .\CortexM3\ARM_GCC_493\Debug\SPIM_Example02.a(CyLib.o)
 .text.CyHalt   0x00000000       0x18 .\CortexM3\ARM_GCC_493\Debug\SPIM_Example02.a(CyLib.o)
 .text.CySoftwareReset
                0x00000000       0x20 .\CortexM3\ARM_GCC_493\Debug\SPIM_Example02.a(CyLib.o)
 .text.CyDelayFreq
                0x00000000       0x7c .\CortexM3\ARM_GCC_493\Debug\SPIM_Example02.a(CyLib.o)
 .text.CyWdtStart
                0x00000000       0x8c .\CortexM3\ARM_GCC_493\Debug\SPIM_Example02.a(CyLib.o)
 .text.CyWdtClear
                0x00000000       0x18 .\CortexM3\ARM_GCC_493\Debug\SPIM_Example02.a(CyLib.o)
 .text.CyVdLvDigitEnable
                0x00000000       0xcc .\CortexM3\ARM_GCC_493\Debug\SPIM_Example02.a(CyLib.o)
 .text.CyVdLvAnalogEnable
                0x00000000       0xc8 .\CortexM3\ARM_GCC_493\Debug\SPIM_Example02.a(CyLib.o)
 .text.CyVdLvDigitDisable
                0x00000000       0x48 .\CortexM3\ARM_GCC_493\Debug\SPIM_Example02.a(CyLib.o)
 .text.CyVdLvAnalogDisable
                0x00000000       0x40 .\CortexM3\ARM_GCC_493\Debug\SPIM_Example02.a(CyLib.o)
 .text.CyVdHvAnalogEnable
                0x00000000       0x78 .\CortexM3\ARM_GCC_493\Debug\SPIM_Example02.a(CyLib.o)
 .text.CyVdHvAnalogDisable
                0x00000000       0x2c .\CortexM3\ARM_GCC_493\Debug\SPIM_Example02.a(CyLib.o)
 .text.CyVdStickyStatus
                0x00000000       0x5c .\CortexM3\ARM_GCC_493\Debug\SPIM_Example02.a(CyLib.o)
 .text.CyVdRealTimeStatus
                0x00000000       0x30 .\CortexM3\ARM_GCC_493\Debug\SPIM_Example02.a(CyLib.o)
 .text.CyDisableInts
                0x00000000       0x34 .\CortexM3\ARM_GCC_493\Debug\SPIM_Example02.a(CyLib.o)
 .text.CyEnableInts
                0x00000000       0x28 .\CortexM3\ARM_GCC_493\Debug\SPIM_Example02.a(CyLib.o)
 .text.CyFlushCache
                0x00000000       0x58 .\CortexM3\ARM_GCC_493\Debug\SPIM_Example02.a(CyLib.o)
 .text.CyIntSetSysVector
                0x00000000       0x4c .\CortexM3\ARM_GCC_493\Debug\SPIM_Example02.a(CyLib.o)
 .text.CyIntGetSysVector
                0x00000000       0x38 .\CortexM3\ARM_GCC_493\Debug\SPIM_Example02.a(CyLib.o)
 .text.CyIntSetVector
                0x00000000       0x50 .\CortexM3\ARM_GCC_493\Debug\SPIM_Example02.a(CyLib.o)
 .text.CyIntGetVector
                0x00000000       0x38 .\CortexM3\ARM_GCC_493\Debug\SPIM_Example02.a(CyLib.o)
 .text.CyIntSetPriority
                0x00000000       0x44 .\CortexM3\ARM_GCC_493\Debug\SPIM_Example02.a(CyLib.o)
 .text.CyIntGetPriority
                0x00000000       0x38 .\CortexM3\ARM_GCC_493\Debug\SPIM_Example02.a(CyLib.o)
 .text.CyIntGetState
                0x00000000       0x44 .\CortexM3\ARM_GCC_493\Debug\SPIM_Example02.a(CyLib.o)
 .text.CySysTickStart
                0x00000000       0x20 .\CortexM3\ARM_GCC_493\Debug\SPIM_Example02.a(CyLib.o)
 .text.CySysTickInit
                0x00000000       0x68 .\CortexM3\ARM_GCC_493\Debug\SPIM_Example02.a(CyLib.o)
 .text.CySysTickEnable
                0x00000000       0x1c .\CortexM3\ARM_GCC_493\Debug\SPIM_Example02.a(CyLib.o)
 .text.CySysTickStop
                0x00000000       0x1c .\CortexM3\ARM_GCC_493\Debug\SPIM_Example02.a(CyLib.o)
 .text.CySysTickEnableInterrupt
                0x00000000       0x1c .\CortexM3\ARM_GCC_493\Debug\SPIM_Example02.a(CyLib.o)
 .text.CySysTickDisableInterrupt
                0x00000000       0x1c .\CortexM3\ARM_GCC_493\Debug\SPIM_Example02.a(CyLib.o)
 .text.CySysTickSetReload
                0x00000000       0x20 .\CortexM3\ARM_GCC_493\Debug\SPIM_Example02.a(CyLib.o)
 .text.CySysTickGetReload
                0x00000000       0x1c .\CortexM3\ARM_GCC_493\Debug\SPIM_Example02.a(CyLib.o)
 .text.CySysTickGetValue
                0x00000000       0x1c .\CortexM3\ARM_GCC_493\Debug\SPIM_Example02.a(CyLib.o)
 .text.CySysTickSetClockSource
                0x00000000       0x38 .\CortexM3\ARM_GCC_493\Debug\SPIM_Example02.a(CyLib.o)
 .text.CySysTickGetCountFlag
                0x00000000       0x1c .\CortexM3\ARM_GCC_493\Debug\SPIM_Example02.a(CyLib.o)
 .text.CySysTickClear
                0x00000000       0x18 .\CortexM3\ARM_GCC_493\Debug\SPIM_Example02.a(CyLib.o)
 .text.CySysTickSetCallback
                0x00000000       0x30 .\CortexM3\ARM_GCC_493\Debug\SPIM_Example02.a(CyLib.o)
 .text.CySysTickGetCallback
                0x00000000       0x20 .\CortexM3\ARM_GCC_493\Debug\SPIM_Example02.a(CyLib.o)
 .text.CySysTickServiceCallbacks
                0x00000000       0x44 .\CortexM3\ARM_GCC_493\Debug\SPIM_Example02.a(CyLib.o)
 .text.CyGetUniqueId
                0x00000000       0xc4 .\CortexM3\ARM_GCC_493\Debug\SPIM_Example02.a(CyLib.o)
 .text          0x00000000        0x0 .\CortexM3\ARM_GCC_493\Debug\SPIM_Example02.a(cyPm.o)
 .data          0x00000000        0x0 .\CortexM3\ARM_GCC_493\Debug\SPIM_Example02.a(cyPm.o)
 .bss           0x00000000       0x44 .\CortexM3\ARM_GCC_493\Debug\SPIM_Example02.a(cyPm.o)
 .rodata        0x00000000       0x10 .\CortexM3\ARM_GCC_493\Debug\SPIM_Example02.a(cyPm.o)
 .text.CyPmSaveClocks
                0x00000000      0x284 .\CortexM3\ARM_GCC_493\Debug\SPIM_Example02.a(cyPm.o)
 .text.CyPmRestoreClocks
                0x00000000      0x300 .\CortexM3\ARM_GCC_493\Debug\SPIM_Example02.a(cyPm.o)
 .text.CyPmAltAct
                0x00000000       0xb8 .\CortexM3\ARM_GCC_493\Debug\SPIM_Example02.a(cyPm.o)
 .text.CyPmSleep
                0x00000000      0x170 .\CortexM3\ARM_GCC_493\Debug\SPIM_Example02.a(cyPm.o)
 .text.CyPmHibernate
                0x00000000        0xc .\CortexM3\ARM_GCC_493\Debug\SPIM_Example02.a(cyPm.o)
 .text.CyPmHibernateEx
                0x00000000      0x158 .\CortexM3\ARM_GCC_493\Debug\SPIM_Example02.a(cyPm.o)
 .text.CyPmReadStatus
                0x00000000       0x5c .\CortexM3\ARM_GCC_493\Debug\SPIM_Example02.a(cyPm.o)
 .text.CyPmHibSaveSet
                0x00000000       0xd4 .\CortexM3\ARM_GCC_493\Debug\SPIM_Example02.a(cyPm.o)
 .text.CyPmHibRestore
                0x00000000       0x68 .\CortexM3\ARM_GCC_493\Debug\SPIM_Example02.a(cyPm.o)
 .text.CyPmCtwSetInterval
                0x00000000       0x90 .\CortexM3\ARM_GCC_493\Debug\SPIM_Example02.a(cyPm.o)
 .text.CyPmOppsSet
                0x00000000       0x40 .\CortexM3\ARM_GCC_493\Debug\SPIM_Example02.a(cyPm.o)
 .text.CyPmFtwSetInterval
                0x00000000       0x90 .\CortexM3\ARM_GCC_493\Debug\SPIM_Example02.a(cyPm.o)
 .text.CyPmHibSlpSaveSet
                0x00000000      0x280 .\CortexM3\ARM_GCC_493\Debug\SPIM_Example02.a(cyPm.o)
 .text.CyPmHibSlpRestore
                0x00000000      0x188 .\CortexM3\ARM_GCC_493\Debug\SPIM_Example02.a(cyPm.o)
 .text.CyPmHviLviSaveDisable
                0x00000000       0xd4 .\CortexM3\ARM_GCC_493\Debug\SPIM_Example02.a(cyPm.o)
 .text.CyPmHviLviRestore
                0x00000000       0x54 .\CortexM3\ARM_GCC_493\Debug\SPIM_Example02.a(cyPm.o)
 .text          0x00000000        0x0 .\CortexM3\ARM_GCC_493\Debug\SPIM_Example02.a(CyFlash.o)
 .data          0x00000000        0x0 .\CortexM3\ARM_GCC_493\Debug\SPIM_Example02.a(CyFlash.o)
 .bss           0x00000000        0x4 .\CortexM3\ARM_GCC_493\Debug\SPIM_Example02.a(CyFlash.o)
 .text.CyFlash_Start
                0x00000000       0x8c .\CortexM3\ARM_GCC_493\Debug\SPIM_Example02.a(CyFlash.o)
 .text.CyFlash_Stop
                0x00000000       0x44 .\CortexM3\ARM_GCC_493\Debug\SPIM_Example02.a(CyFlash.o)
 .text.CySetTempInt
                0x00000000       0x7c .\CortexM3\ARM_GCC_493\Debug\SPIM_Example02.a(CyFlash.o)
 .text.CyFlashGetSpcAlgorithm
                0x00000000       0x70 .\CortexM3\ARM_GCC_493\Debug\SPIM_Example02.a(CyFlash.o)
 .text.CySetTemp
                0x00000000       0x24 .\CortexM3\ARM_GCC_493\Debug\SPIM_Example02.a(CyFlash.o)
 .text.CySetFlashEEBuffer
                0x00000000       0x54 .\CortexM3\ARM_GCC_493\Debug\SPIM_Example02.a(CyFlash.o)
 .text.CyWriteRowData
                0x00000000       0x3c .\CortexM3\ARM_GCC_493\Debug\SPIM_Example02.a(CyFlash.o)
 .text.CyWriteRowFull
                0x00000000      0x158 .\CortexM3\ARM_GCC_493\Debug\SPIM_Example02.a(CyFlash.o)
 .text.CyFlash_SetWaitCycles
                0x00000000       0xbc .\CortexM3\ARM_GCC_493\Debug\SPIM_Example02.a(CyFlash.o)
 .text.CyEEPROM_Start
                0x00000000       0x8c .\CortexM3\ARM_GCC_493\Debug\SPIM_Example02.a(CyFlash.o)
 .text.CyEEPROM_Stop
                0x00000000       0x44 .\CortexM3\ARM_GCC_493\Debug\SPIM_Example02.a(CyFlash.o)
 .text.CyEEPROM_ReadReserve
                0x00000000       0x30 .\CortexM3\ARM_GCC_493\Debug\SPIM_Example02.a(CyFlash.o)
 .text.CyEEPROM_ReadRelease
                0x00000000       0x20 .\CortexM3\ARM_GCC_493\Debug\SPIM_Example02.a(CyFlash.o)
 COMMON         0x00000000        0x2 .\CortexM3\ARM_GCC_493\Debug\SPIM_Example02.a(CyFlash.o)
 .text          0x00000000        0x0 .\CortexM3\ARM_GCC_493\Debug\SPIM_Example02.a(CySpc.o)
 .data          0x00000000        0x0 .\CortexM3\ARM_GCC_493\Debug\SPIM_Example02.a(CySpc.o)
 .bss           0x00000000        0x8 .\CortexM3\ARM_GCC_493\Debug\SPIM_Example02.a(CySpc.o)
 .text.CySpcStart
                0x00000000       0x44 .\CortexM3\ARM_GCC_493\Debug\SPIM_Example02.a(CySpc.o)
 .text.CySpcStop
                0x00000000       0x44 .\CortexM3\ARM_GCC_493\Debug\SPIM_Example02.a(CySpc.o)
 .text.CySpcReadData
                0x00000000       0x58 .\CortexM3\ARM_GCC_493\Debug\SPIM_Example02.a(CySpc.o)
 .text.CySpcLoadMultiByte
                0x00000000       0xd4 .\CortexM3\ARM_GCC_493\Debug\SPIM_Example02.a(CySpc.o)
 .text.CySpcLoadRow
                0x00000000       0x8c .\CortexM3\ARM_GCC_493\Debug\SPIM_Example02.a(CySpc.o)
 .text.CySpcLoadRowFull
                0x00000000       0xd0 .\CortexM3\ARM_GCC_493\Debug\SPIM_Example02.a(CySpc.o)
 .text.CySpcWriteRow
                0x00000000       0x98 .\CortexM3\ARM_GCC_493\Debug\SPIM_Example02.a(CySpc.o)
 .text.CySpcEraseSector
                0x00000000       0x70 .\CortexM3\ARM_GCC_493\Debug\SPIM_Example02.a(CySpc.o)
 .text.CySpcGetTemp
                0x00000000       0x64 .\CortexM3\ARM_GCC_493\Debug\SPIM_Example02.a(CySpc.o)
 .text.CySpcLock
                0x00000000       0x68 .\CortexM3\ARM_GCC_493\Debug\SPIM_Example02.a(CySpc.o)
 .text.CySpcUnlock
                0x00000000       0x50 .\CortexM3\ARM_GCC_493\Debug\SPIM_Example02.a(CySpc.o)
 .text.CySpcGetAlgorithm
                0x00000000       0x48 .\CortexM3\ARM_GCC_493\Debug\SPIM_Example02.a(CySpc.o)
 .text          0x00000000        0x0 c:/program files (x86)/cypress/psoc creator/3.3/psoc creator/import/gnu/arm/4.9.3/bin/../lib/gcc/arm-none-eabi/4.9.3/../../../../arm-none-eabi/lib/armv7-m\libg_nano.a(lib_a-errno.o)
 .data          0x00000000        0x0 c:/program files (x86)/cypress/psoc creator/3.3/psoc creator/import/gnu/arm/4.9.3/bin/../lib/gcc/arm-none-eabi/4.9.3/../../../../arm-none-eabi/lib/armv7-m\libg_nano.a(lib_a-errno.o)
 .bss           0x00000000        0x0 c:/program files (x86)/cypress/psoc creator/3.3/psoc creator/import/gnu/arm/4.9.3/bin/../lib/gcc/arm-none-eabi/4.9.3/../../../../arm-none-eabi/lib/armv7-m\libg_nano.a(lib_a-errno.o)
 .text.__errno  0x00000000        0xc c:/program files (x86)/cypress/psoc creator/3.3/psoc creator/import/gnu/arm/4.9.3/bin/../lib/gcc/arm-none-eabi/4.9.3/../../../../arm-none-eabi/lib/armv7-m\libg_nano.a(lib_a-errno.o)
 .text          0x00000000        0x0 c:/program files (x86)/cypress/psoc creator/3.3/psoc creator/import/gnu/arm/4.9.3/bin/../lib/gcc/arm-none-eabi/4.9.3/../../../../arm-none-eabi/lib/armv7-m\libg_nano.a(lib_a-exit.o)
 .data          0x00000000        0x0 c:/program files (x86)/cypress/psoc creator/3.3/psoc creator/import/gnu/arm/4.9.3/bin/../lib/gcc/arm-none-eabi/4.9.3/../../../../arm-none-eabi/lib/armv7-m\libg_nano.a(lib_a-exit.o)
 .bss           0x00000000        0x0 c:/program files (x86)/cypress/psoc creator/3.3/psoc creator/import/gnu/arm/4.9.3/bin/../lib/gcc/arm-none-eabi/4.9.3/../../../../arm-none-eabi/lib/armv7-m\libg_nano.a(lib_a-exit.o)
 .text.exit     0x00000000       0x28 c:/program files (x86)/cypress/psoc creator/3.3/psoc creator/import/gnu/arm/4.9.3/bin/../lib/gcc/arm-none-eabi/4.9.3/../../../../arm-none-eabi/lib/armv7-m\libg_nano.a(lib_a-exit.o)
 .text          0x00000000        0x0 c:/program files (x86)/cypress/psoc creator/3.3/psoc creator/import/gnu/arm/4.9.3/bin/../lib/gcc/arm-none-eabi/4.9.3/../../../../arm-none-eabi/lib/armv7-m\libg_nano.a(lib_a-impure.o)
 .data          0x00000000        0x0 c:/program files (x86)/cypress/psoc creator/3.3/psoc creator/import/gnu/arm/4.9.3/bin/../lib/gcc/arm-none-eabi/4.9.3/../../../../arm-none-eabi/lib/armv7-m\libg_nano.a(lib_a-impure.o)
 .bss           0x00000000        0x0 c:/program files (x86)/cypress/psoc creator/3.3/psoc creator/import/gnu/arm/4.9.3/bin/../lib/gcc/arm-none-eabi/4.9.3/../../../../arm-none-eabi/lib/armv7-m\libg_nano.a(lib_a-impure.o)
 .data.impure_data
                0x00000000       0x60 c:/program files (x86)/cypress/psoc creator/3.3/psoc creator/import/gnu/arm/4.9.3/bin/../lib/gcc/arm-none-eabi/4.9.3/../../../../arm-none-eabi/lib/armv7-m\libg_nano.a(lib_a-impure.o)
 .data._impure_ptr
                0x00000000        0x4 c:/program files (x86)/cypress/psoc creator/3.3/psoc creator/import/gnu/arm/4.9.3/bin/../lib/gcc/arm-none-eabi/4.9.3/../../../../arm-none-eabi/lib/armv7-m\libg_nano.a(lib_a-impure.o)
 .rodata.str1.1
                0x00000000        0x2 c:/program files (x86)/cypress/psoc creator/3.3/psoc creator/import/gnu/arm/4.9.3/bin/../lib/gcc/arm-none-eabi/4.9.3/../../../../arm-none-eabi/lib/armv7-m\libg_nano.a(lib_a-impure.o)
 .rodata._global_impure_ptr
                0x00000000        0x4 c:/program files (x86)/cypress/psoc creator/3.3/psoc creator/import/gnu/arm/4.9.3/bin/../lib/gcc/arm-none-eabi/4.9.3/../../../../arm-none-eabi/lib/armv7-m\libg_nano.a(lib_a-impure.o)
 .text          0x00000000        0x0 c:/program files (x86)/cypress/psoc creator/3.3/psoc creator/import/gnu/arm/4.9.3/bin/../lib/gcc/arm-none-eabi/4.9.3/../../../../arm-none-eabi/lib/armv7-m\libg_nano.a(lib_a-init.o)
 .data          0x00000000        0x0 c:/program files (x86)/cypress/psoc creator/3.3/psoc creator/import/gnu/arm/4.9.3/bin/../lib/gcc/arm-none-eabi/4.9.3/../../../../arm-none-eabi/lib/armv7-m\libg_nano.a(lib_a-init.o)
 .bss           0x00000000        0x0 c:/program files (x86)/cypress/psoc creator/3.3/psoc creator/import/gnu/arm/4.9.3/bin/../lib/gcc/arm-none-eabi/4.9.3/../../../../arm-none-eabi/lib/armv7-m\libg_nano.a(lib_a-init.o)
 .text          0x00000000        0x0 c:/program files (x86)/cypress/psoc creator/3.3/psoc creator/import/gnu/arm/4.9.3/bin/../lib/gcc/arm-none-eabi/4.9.3/../../../../arm-none-eabi/lib/armv7-m\libg_nano.a(lib_a-memcpy.o)
 .data          0x00000000        0x0 c:/program files (x86)/cypress/psoc creator/3.3/psoc creator/import/gnu/arm/4.9.3/bin/../lib/gcc/arm-none-eabi/4.9.3/../../../../arm-none-eabi/lib/armv7-m\libg_nano.a(lib_a-memcpy.o)
 .bss           0x00000000        0x0 c:/program files (x86)/cypress/psoc creator/3.3/psoc creator/import/gnu/arm/4.9.3/bin/../lib/gcc/arm-none-eabi/4.9.3/../../../../arm-none-eabi/lib/armv7-m\libg_nano.a(lib_a-memcpy.o)
 .text          0x00000000        0x0 c:/program files (x86)/cypress/psoc creator/3.3/psoc creator/import/gnu/arm/4.9.3/bin/../lib/gcc/arm-none-eabi/4.9.3/../../../../arm-none-eabi/lib/armv7-m\libg_nano.a(lib_a-memset.o)
 .data          0x00000000        0x0 c:/program files (x86)/cypress/psoc creator/3.3/psoc creator/import/gnu/arm/4.9.3/bin/../lib/gcc/arm-none-eabi/4.9.3/../../../../arm-none-eabi/lib/armv7-m\libg_nano.a(lib_a-memset.o)
 .bss           0x00000000        0x0 c:/program files (x86)/cypress/psoc creator/3.3/psoc creator/import/gnu/arm/4.9.3/bin/../lib/gcc/arm-none-eabi/4.9.3/../../../../arm-none-eabi/lib/armv7-m\libg_nano.a(lib_a-memset.o)
 .text          0x00000000        0x0 c:/program files (x86)/cypress/psoc creator/3.3/psoc creator/import/gnu/arm/4.9.3/bin/../lib/gcc/arm-none-eabi/4.9.3/armv7-m/crtend.o
 .data          0x00000000        0x0 c:/program files (x86)/cypress/psoc creator/3.3/psoc creator/import/gnu/arm/4.9.3/bin/../lib/gcc/arm-none-eabi/4.9.3/armv7-m/crtend.o
 .bss           0x00000000        0x0 c:/program files (x86)/cypress/psoc creator/3.3/psoc creator/import/gnu/arm/4.9.3/bin/../lib/gcc/arm-none-eabi/4.9.3/armv7-m/crtend.o
 .text          0x00000000        0x0 c:/program files (x86)/cypress/psoc creator/3.3/psoc creator/import/gnu/arm/4.9.3/bin/../lib/gcc/arm-none-eabi/4.9.3/armv7-m/crtn.o
 .data          0x00000000        0x0 c:/program files (x86)/cypress/psoc creator/3.3/psoc creator/import/gnu/arm/4.9.3/bin/../lib/gcc/arm-none-eabi/4.9.3/armv7-m/crtn.o
 .bss           0x00000000        0x0 c:/program files (x86)/cypress/psoc creator/3.3/psoc creator/import/gnu/arm/4.9.3/bin/../lib/gcc/arm-none-eabi/4.9.3/armv7-m/crtn.o

Memory Configuration

Name             Origin             Length             Attributes
rom              0x00000000         0x00040000         xr
ram              0x1fff8000         0x00010000         xrw
*default*        0x00000000         0xffffffff

Linker script and memory map

LOAD c:/program files (x86)/cypress/psoc creator/3.3/psoc creator/import/gnu/arm/4.9.3/bin/../lib/gcc/arm-none-eabi/4.9.3/armv7-m/crti.o
LOAD c:/program files (x86)/cypress/psoc creator/3.3/psoc creator/import/gnu/arm/4.9.3/bin/../lib/gcc/arm-none-eabi/4.9.3/armv7-m/crtbegin.o
LOAD c:/program files (x86)/cypress/psoc creator/3.3/psoc creator/import/gnu/arm/4.9.3/bin/../lib/gcc/arm-none-eabi/4.9.3/../../../../arm-none-eabi/lib/armv7-m/crt0.o
START GROUP
LOAD .\CortexM3\ARM_GCC_493\Debug\main.o
LOAD .\CortexM3\ARM_GCC_493\Debug\cymetadata.o
LOAD .\CortexM3\ARM_GCC_493\Debug\Cm3Start.o
LOAD .\CortexM3\ARM_GCC_493\Debug\SPIM_Example02.a
LOAD C:\Program Files (x86)\Cypress\PSoC Creator\3.3\PSoC Creator\psoc\content\cycomponentlibrary\CyComponentLibrary.cylib\CortexM3\ARM_GCC_493\Debug\CyComponentLibrary.a
END GROUP
START GROUP
LOAD c:/program files (x86)/cypress/psoc creator/3.3/psoc creator/import/gnu/arm/4.9.3/bin/../lib/gcc/arm-none-eabi/4.9.3/armv7-m\libgcc.a
LOAD c:/program files (x86)/cypress/psoc creator/3.3/psoc creator/import/gnu/arm/4.9.3/bin/../lib/gcc/arm-none-eabi/4.9.3/../../../../arm-none-eabi/lib/armv7-m\libg_nano.a
LOAD c:/program files (x86)/cypress/psoc creator/3.3/psoc creator/import/gnu/arm/4.9.3/bin/../lib/gcc/arm-none-eabi/4.9.3/../../../../arm-none-eabi/lib/armv7-m\libc_nano.a
END GROUP
START GROUP
LOAD c:/program files (x86)/cypress/psoc creator/3.3/psoc creator/import/gnu/arm/4.9.3/bin/../lib/gcc/arm-none-eabi/4.9.3/armv7-m\libgcc.a
LOAD c:/program files (x86)/cypress/psoc creator/3.3/psoc creator/import/gnu/arm/4.9.3/bin/../lib/gcc/arm-none-eabi/4.9.3/../../../../arm-none-eabi/lib/armv7-m\libc_nano.a
END GROUP
LOAD c:/program files (x86)/cypress/psoc creator/3.3/psoc creator/import/gnu/arm/4.9.3/bin/../lib/gcc/arm-none-eabi/4.9.3/armv7-m/crtend.o
LOAD c:/program files (x86)/cypress/psoc creator/3.3/psoc creator/import/gnu/arm/4.9.3/bin/../lib/gcc/arm-none-eabi/4.9.3/armv7-m/crtn.o
START GROUP
LOAD c:/program files (x86)/cypress/psoc creator/3.3/psoc creator/import/gnu/arm/4.9.3/bin/../lib/gcc/arm-none-eabi/4.9.3/armv7-m\libgcc.a
LOAD c:/program files (x86)/cypress/psoc creator/3.3/psoc creator/import/gnu/arm/4.9.3/bin/../lib/gcc/arm-none-eabi/4.9.3/../../../../arm-none-eabi/lib/armv7-m\libc.a
LOAD c:/program files (x86)/cypress/psoc creator/3.3/psoc creator/import/gnu/arm/4.9.3/bin/../lib/gcc/arm-none-eabi/4.9.3/../../../../arm-none-eabi/lib/armv7-m\libnosys.a
END GROUP
                0x00000000                CY_APPL_ORIGIN = 0x0
                0x00000100                CY_FLASH_ROW_SIZE = 0x100
                0x00000020                CY_ECC_ROW_SIZE = 0x20
                0x00000000                CY_EE_IN_BTLDR = 0x0
                0x00000000                CY_APPL_LOADABLE = 0x0
                0x00000800                CY_EE_SIZE = 0x800
                0x00000001                CY_APPL_NUM = 0x1
                0x00000001                CY_APPL_MAX = 0x1
                0x00000040                CY_METADATA_SIZE = 0x40
                0x00000000                CY_APPL_LOADABLE = 0x0
                0x00000000                CY_CHECKSUM_EXCLUDE_SIZE = ALIGN (0x0, CY_FLASH_ROW_SIZE)
                0x1fff8170                PROVIDE (__cy_heap_start, _end)
                0x00000001                PROVIDE (__cy_region_num, ((__cy_regions_end - __cy_regions) / 0x10))
                0x20008000                PROVIDE (__cy_stack, (ORIGIN (ram) + 0x10000))
                0x20007800                PROVIDE (__cy_heap_end, (__cy_stack - 0x800))

.cybootloader   0x00000000        0x0
 *(.cybootloader)
                0x00000000                appl1_start = CY_APPL_ORIGIN?CY_APPL_ORIGIN:ALIGN (CY_FLASH_ROW_SIZE)
                0x0001ff00                appl2_start = (appl1_start + ALIGN ((((0x40000 - appl1_start) - (0x2 * CY_FLASH_ROW_SIZE)) / 0x2), CY_FLASH_ROW_SIZE))
                0x00000000                appl_start = (CY_APPL_NUM == 0x1)?appl1_start:appl2_start
                0x00000000                ecc_offset = ((appl_start / CY_FLASH_ROW_SIZE) * CY_ECC_ROW_SIZE)
                0x00000000                ee_offset = (CY_APPL_LOADABLE && ! (CY_EE_IN_BTLDR))?((CY_EE_SIZE / CY_APPL_MAX) * (CY_APPL_NUM - 0x1)):0x0
                0x00000800                ee_size = (CY_APPL_LOADABLE && ! (CY_EE_IN_BTLDR))?(CY_EE_SIZE / CY_APPL_MAX):CY_EE_SIZE
                0x00000000                PROVIDE (CY_ECC_OFFSET, ecc_offset)

.text           0x00000000     0x142a
 CREATE_OBJECT_SYMBOLS
                0x00000000                PROVIDE (__cy_interrupt_vector, RomVectors)
 *(.romvectors)
 .romvectors    0x00000000       0x10 .\CortexM3\ARM_GCC_493\Debug\Cm3Start.o
                0x00000000                RomVectors
                0x00000001                ASSERT ((. != __cy_interrupt_vector), No interrupt vector)
                0x00000001                ASSERT (CY_APPL_ORIGIN?(SIZEOF (.cybootloader) <= CY_APPL_ORIGIN):0x1, Wrong image location)
                0x00000010                PROVIDE (__cy_reset, Reset)
 *(.text.Reset)
 .text.Reset    0x00000010       0x18 .\CortexM3\ARM_GCC_493\Debug\Cm3Start.o
                0x00000010                Reset
                0x00000001                ASSERT ((. != __cy_reset), No reset code)
 *(.dma_init)
 .dma_init      0x00000028      0x1a0 .\CortexM3\ARM_GCC_493\Debug\SPIM_Example02.a(cyfitter_cfg.o)
                0x00000001                ASSERT ((((appl_start + .) <= 0x10000) || 0x0), DMA Init must be within the first 64k of flash)
 *(.text .text.* .gnu.linkonce.t.*)
 .text          0x000001c8       0x5c c:/program files (x86)/cypress/psoc creator/3.3/psoc creator/import/gnu/arm/4.9.3/bin/../lib/gcc/arm-none-eabi/4.9.3/armv7-m/crtbegin.o
 .text.main     0x00000224       0xb0 .\CortexM3\ARM_GCC_493\Debug\main.o
                0x00000224                main
 .text.DmaTxConfiguration
                0x000002d4       0x6c .\CortexM3\ARM_GCC_493\Debug\main.o
                0x000002d4                DmaTxConfiguration
 .text.DmaRxConfiguration
                0x00000340       0x6c .\CortexM3\ARM_GCC_493\Debug\main.o
                0x00000340                DmaRxConfiguration
 .text.IntDefaultHandler
                0x000003ac        0x8 .\CortexM3\ARM_GCC_493\Debug\Cm3Start.o
                0x000003ac                IntDefaultHandler
 .text.Start_c  0x000003b4       0x98 .\CortexM3\ARM_GCC_493\Debug\Cm3Start.o
                0x000003b4                Start_c
 .text.initialize_psoc
                0x0000044c       0x90 .\CortexM3\ARM_GCC_493\Debug\Cm3Start.o
                0x0000044c                initialize_psoc
 .text.CYMEMZERO
                0x000004dc       0x1c .\CortexM3\ARM_GCC_493\Debug\SPIM_Example02.a(cyfitter_cfg.o)
 .text.CYCONFIGCPY
                0x000004f8       0x1c .\CortexM3\ARM_GCC_493\Debug\SPIM_Example02.a(cyfitter_cfg.o)
 .text.CyClockStartupError
                0x00000514        0xc .\CortexM3\ARM_GCC_493\Debug\SPIM_Example02.a(cyfitter_cfg.o)
 .text.cfg_dma_init
                0x00000520      0x180 .\CortexM3\ARM_GCC_493\Debug\SPIM_Example02.a(cyfitter_cfg.o)
 .text.ClockSetup
                0x000006a0       0xfc .\CortexM3\ARM_GCC_493\Debug\SPIM_Example02.a(cyfitter_cfg.o)
 .text.AnalogSetDefault
                0x0000079c       0x44 .\CortexM3\ARM_GCC_493\Debug\SPIM_Example02.a(cyfitter_cfg.o)
 .text.cyfitter_cfg
                0x000007e0       0xf0 .\CortexM3\ARM_GCC_493\Debug\SPIM_Example02.a(cyfitter_cfg.o)
                0x000007e0                cyfitter_cfg
 .text.LCD_Init
                0x000008d0       0x6c .\CortexM3\ARM_GCC_493\Debug\SPIM_Example02.a(LCD.o)
                0x000008d0                LCD_Init
 .text.LCD_Enable
                0x0000093c       0x18 .\CortexM3\ARM_GCC_493\Debug\SPIM_Example02.a(LCD.o)
                0x0000093c                LCD_Enable
 .text.LCD_Start
                0x00000954       0x20 .\CortexM3\ARM_GCC_493\Debug\SPIM_Example02.a(LCD.o)
                0x00000954                LCD_Start
 .text.LCD_Position
                0x00000974       0x6c .\CortexM3\ARM_GCC_493\Debug\SPIM_Example02.a(LCD.o)
                0x00000974                LCD_Position
 .text.LCD_PrintString
                0x000009e0       0x38 .\CortexM3\ARM_GCC_493\Debug\SPIM_Example02.a(LCD.o)
                0x000009e0                LCD_PrintString
 .text.LCD_PutChar
                0x00000a18       0x18 .\CortexM3\ARM_GCC_493\Debug\SPIM_Example02.a(LCD.o)
                0x00000a18                LCD_PutChar
 .text.LCD_WriteData
                0x00000a30       0x34 .\CortexM3\ARM_GCC_493\Debug\SPIM_Example02.a(LCD.o)
                0x00000a30                LCD_WriteData
 .text.LCD_WriteControl
                0x00000a64       0x34 .\CortexM3\ARM_GCC_493\Debug\SPIM_Example02.a(LCD.o)
                0x00000a64                LCD_WriteControl
 .text.LCD_IsReady
                0x00000a98      0x178 .\CortexM3\ARM_GCC_493\Debug\SPIM_Example02.a(LCD.o)
                0x00000a98                LCD_IsReady
 .text.LCD_WrDatNib
                0x00000c10       0x78 .\CortexM3\ARM_GCC_493\Debug\SPIM_Example02.a(LCD.o)
 .text.LCD_WrCntrlNib
                0x00000c88       0x60 .\CortexM3\ARM_GCC_493\Debug\SPIM_Example02.a(LCD.o)
 .text.LCD_PrintInt8
                0x00000ce8       0x38 .\CortexM3\ARM_GCC_493\Debug\SPIM_Example02.a(LCD.o)
                0x00000ce8                LCD_PrintInt8
 .text.DMA_RX_DmaInitialize
                0x00000d20       0x68 .\CortexM3\ARM_GCC_493\Debug\SPIM_Example02.a(DMA_RX_dma.o)
                0x00000d20                DMA_RX_DmaInitialize
 .text.SPIM_Init
                0x00000d88       0x30 .\CortexM3\ARM_GCC_493\Debug\SPIM_Example02.a(SPIM.o)
                0x00000d88                SPIM_Init
 .text.SPIM_Enable
                0x00000db8       0x60 .\CortexM3\ARM_GCC_493\Debug\SPIM_Example02.a(SPIM.o)
                0x00000db8                SPIM_Enable
 .text.SPIM_Start
                0x00000e18       0x20 .\CortexM3\ARM_GCC_493\Debug\SPIM_Example02.a(SPIM.o)
                0x00000e18                SPIM_Start
 .text.SPIM_EnableTxInt
                0x00000e38        0xc .\CortexM3\ARM_GCC_493\Debug\SPIM_Example02.a(SPIM.o)
                0x00000e38                SPIM_EnableTxInt
 .text.SPIM_EnableRxInt
                0x00000e44        0xc .\CortexM3\ARM_GCC_493\Debug\SPIM_Example02.a(SPIM.o)
                0x00000e44                SPIM_EnableRxInt
 .text.SPIM_ReadTxStatus
                0x00000e50       0x20 .\CortexM3\ARM_GCC_493\Debug\SPIM_Example02.a(SPIM.o)
                0x00000e50                SPIM_ReadTxStatus
 .text.SPIM_ReadRxStatus
                0x00000e70       0x20 .\CortexM3\ARM_GCC_493\Debug\SPIM_Example02.a(SPIM.o)
                0x00000e70                SPIM_ReadRxStatus
 .text.SPIM_ClearFIFO
                0x00000e90       0x5c .\CortexM3\ARM_GCC_493\Debug\SPIM_Example02.a(SPIM.o)
                0x00000e90                SPIM_ClearFIFO
 .text.DMA_TX_DmaInitialize
                0x00000eec       0x68 .\CortexM3\ARM_GCC_493\Debug\SPIM_Example02.a(DMA_TX_dma.o)
                0x00000eec                DMA_TX_DmaInitialize
 *fill*         0x00000f54        0x4 
 .text          0x00000f58       0x20 .\CortexM3\ARM_GCC_493\Debug\SPIM_Example02.a(CyBootAsmGnu.o)
                0x00000f58                CyDelayCycles
                0x00000f68                CyEnterCriticalSection
                0x00000f70                CyExitCriticalSection
 .text.CyDmacConfigure
                0x00000f78       0x5c .\CortexM3\ARM_GCC_493\Debug\SPIM_Example02.a(CyDmac.o)
                0x00000f78                CyDmacConfigure
 .text.CyDmaChEnable
                0x00000fd4       0x8c .\CortexM3\ARM_GCC_493\Debug\SPIM_Example02.a(CyDmac.o)
                0x00000fd4                CyDmaChEnable
 .text.CyDmaChPriority
                0x00001060       0x60 .\CortexM3\ARM_GCC_493\Debug\SPIM_Example02.a(CyDmac.o)
                0x00001060                CyDmaChPriority
 .text.CyDmaChSetExtendedAddress
                0x000010c0       0x7c .\CortexM3\ARM_GCC_493\Debug\SPIM_Example02.a(CyDmac.o)
                0x000010c0                CyDmaChSetExtendedAddress
 .text.CyDmaChSetInitialTd
                0x0000113c       0x3c .\CortexM3\ARM_GCC_493\Debug\SPIM_Example02.a(CyDmac.o)
                0x0000113c                CyDmaChSetInitialTd
 .text.CyDmaChSetConfiguration
                0x00001178       0xa0 .\CortexM3\ARM_GCC_493\Debug\SPIM_Example02.a(CyDmac.o)
                0x00001178                CyDmaChSetConfiguration
 .text.CyDmaTdAllocate
                0x00001218       0x5c .\CortexM3\ARM_GCC_493\Debug\SPIM_Example02.a(CyDmac.o)
                0x00001218                CyDmaTdAllocate
 .text.CyDmaTdSetConfiguration
                0x00001274       0x80 .\CortexM3\ARM_GCC_493\Debug\SPIM_Example02.a(CyDmac.o)
                0x00001274                CyDmaTdSetConfiguration
 .text.CyDmaTdSetAddress
                0x000012f4       0x5c .\CortexM3\ARM_GCC_493\Debug\SPIM_Example02.a(CyDmac.o)
                0x000012f4                CyDmaTdSetAddress
 .text.CyDelay  0x00001350       0x44 .\CortexM3\ARM_GCC_493\Debug\SPIM_Example02.a(CyLib.o)
                0x00001350                CyDelay
 .text.CyDelayUs
                0x00001394       0x24 .\CortexM3\ARM_GCC_493\Debug\SPIM_Example02.a(CyLib.o)
                0x00001394                CyDelayUs
 .text.__libc_init_array
                0x000013b8       0x4c c:/program files (x86)/cypress/psoc creator/3.3/psoc creator/import/gnu/arm/4.9.3/bin/../lib/gcc/arm-none-eabi/4.9.3/../../../../arm-none-eabi/lib/armv7-m\libg_nano.a(lib_a-init.o)
                0x000013b8                __libc_init_array
 .text.memcpy   0x00001404       0x16 c:/program files (x86)/cypress/psoc creator/3.3/psoc creator/import/gnu/arm/4.9.3/bin/../lib/gcc/arm-none-eabi/4.9.3/../../../../arm-none-eabi/lib/armv7-m\libg_nano.a(lib_a-memcpy.o)
                0x00001404                memcpy
 .text.memset   0x0000141a       0x10 c:/program files (x86)/cypress/psoc creator/3.3/psoc creator/import/gnu/arm/4.9.3/bin/../lib/gcc/arm-none-eabi/4.9.3/../../../../arm-none-eabi/lib/armv7-m\libg_nano.a(lib_a-memset.o)
                0x0000141a                memset
 *(.plt)
 *(.gnu.warning)
 *(.glue_7t)
 .glue_7t       0x00000000        0x0 linker stubs
 *(.glue_7)
 .glue_7        0x00000000        0x0 linker stubs
 *(.vfp11_veneer)
 .vfp11_veneer  0x00000000        0x0 linker stubs
 *(.bootloader)
 *(.ARM.extab* .gnu.linkonce.armextab.*)
 *(.gcc_except_table)

.v4_bx          0x0000142c        0x0
 .v4_bx         0x00000000        0x0 linker stubs

.iplt           0x0000142c        0x0
 .iplt          0x00000000        0x0 c:/program files (x86)/cypress/psoc creator/3.3/psoc creator/import/gnu/arm/4.9.3/bin/../lib/gcc/arm-none-eabi/4.9.3/armv7-m/crtbegin.o

.eh_frame_hdr
 *(.eh_frame_hdr)

.eh_frame       0x0000142c        0x4
 *(.eh_frame)
 .eh_frame      0x0000142c        0x0 c:/program files (x86)/cypress/psoc creator/3.3/psoc creator/import/gnu/arm/4.9.3/bin/../lib/gcc/arm-none-eabi/4.9.3/armv7-m/crtbegin.o
 .eh_frame      0x0000142c        0x4 c:/program files (x86)/cypress/psoc creator/3.3/psoc creator/import/gnu/arm/4.9.3/bin/../lib/gcc/arm-none-eabi/4.9.3/armv7-m/crtend.o
                0x00001430                PROVIDE (__exidx_start, .)

.ARM.exidx
 *(.ARM.exidx* .gnu.linkonce.armexidx.*)
                0x00001430                __exidx_end = .

.rodata         0x00001430      0x128
 *(.rodata .rodata.* .gnu.linkonce.r.*)
 .rodata        0x00001430       0x24 .\CortexM3\ARM_GCC_493\Debug\main.o
 .rodata        0x00001454       0xbc .\CortexM3\ARM_GCC_493\Debug\SPIM_Example02.a(cyfitter_cfg.o)
 .rodata        0x00001510       0x10 .\CortexM3\ARM_GCC_493\Debug\SPIM_Example02.a(LCD.o)
                0x00001520                . = ALIGN (0x4)
 *(.init)
 .init          0x00001520        0x4 c:/program files (x86)/cypress/psoc creator/3.3/psoc creator/import/gnu/arm/4.9.3/bin/../lib/gcc/arm-none-eabi/4.9.3/armv7-m/crti.o
                0x00001520                _init
 .init          0x00001524        0x8 c:/program files (x86)/cypress/psoc creator/3.3/psoc creator/import/gnu/arm/4.9.3/bin/../lib/gcc/arm-none-eabi/4.9.3/armv7-m/crtn.o
                0x0000152c                . = ALIGN (0x4)
                0x0000152c                __preinit_array_start = .
 *(.preinit_array)
                0x0000152c                __preinit_array_end = .
                0x0000152c                . = ALIGN (0x4)
                0x0000152c                __init_array_start = .
 *(SORT(.init_array.*))
 *(.init_array)
 .init_array    0x0000152c        0x4 c:/program files (x86)/cypress/psoc creator/3.3/psoc creator/import/gnu/arm/4.9.3/bin/../lib/gcc/arm-none-eabi/4.9.3/armv7-m/crtbegin.o
 .init_array    0x00001530        0x4 .\CortexM3\ARM_GCC_493\Debug\Cm3Start.o
                0x00001534                __init_array_end = .
                0x00001534                . = ALIGN (0x4)
 *(.fini)
 .fini          0x00001534        0x4 c:/program files (x86)/cypress/psoc creator/3.3/psoc creator/import/gnu/arm/4.9.3/bin/../lib/gcc/arm-none-eabi/4.9.3/armv7-m/crti.o
                0x00001534                _fini
 .fini          0x00001538        0x8 c:/program files (x86)/cypress/psoc creator/3.3/psoc creator/import/gnu/arm/4.9.3/bin/../lib/gcc/arm-none-eabi/4.9.3/armv7-m/crtn.o
                0x00001540                . = ALIGN (0x4)
                0x00001540                __fini_array_start = .
 *(.fini_array)
 .fini_array    0x00001540        0x4 c:/program files (x86)/cypress/psoc creator/3.3/psoc creator/import/gnu/arm/4.9.3/bin/../lib/gcc/arm-none-eabi/4.9.3/armv7-m/crtbegin.o
 *(SORT(.fini_array.*))
                0x00001544                __fini_array_end = .
                0x00001544                . = ALIGN (0x4)
 *crtbegin.o(.ctors)
 *(EXCLUDE_FILE(*crtend.o) .ctors)
 *(SORT(.ctors.*))
 *crtend.o(.ctors)
                0x00001544                . = ALIGN (0x4)
 *crtbegin.o(.dtors)
 *(EXCLUDE_FILE(*crtend.o) .dtors)
 *(SORT(.dtors.*))
 *crtend.o(.dtors)
                0x00001544                . = ALIGN (0x4)
                0x00001544                __cy_regions = .
                0x00001544        0x4 LONG 0x1558 __cy_region_init_ram
                0x00001548        0x4 LONG 0x1fff8108 __cy_region_start_data
                0x0000154c        0x4 LONG 0x28 __cy_region_init_size_ram
                0x00001550        0x4 LONG 0x40 __cy_region_zero_size_ram
                0x00001554                __cy_regions_end = .
                0x00001558                . = ALIGN (0x8)
 *fill*         0x00001554        0x4 
                0x00001558                _etext = .

.cy_checksum_exclude
                0x00001558        0x0
 *(.cy_checksum_exclude)

.ramvectors     0x1fff8000      0x100
                0x1fff8000                __cy_region_start_ram = .
 *(.ramvectors)
 .ramvectors    0x1fff8000      0x100 .\CortexM3\ARM_GCC_493\Debug\Cm3Start.o
                0x1fff8000                CyRamVectors

.noinit         0x1fff8100        0x5
 *(.noinit)
 .noinit        0x1fff8100        0x4 .\CortexM3\ARM_GCC_493\Debug\Cm3Start.o
 .noinit        0x1fff8104        0x1 .\CortexM3\ARM_GCC_493\Debug\SPIM_Example02.a(CyLib.o)
                0x1fff8104                CyResetStatus

.data           0x1fff8108       0x28 load address 0x00001558
                0x1fff8108                __cy_region_start_data = .
 *(.jcr)
 .jcr           0x1fff8108        0x0 c:/program files (x86)/cypress/psoc creator/3.3/psoc creator/import/gnu/arm/4.9.3/bin/../lib/gcc/arm-none-eabi/4.9.3/armv7-m/crtbegin.o
 .jcr           0x1fff8108        0x4 c:/program files (x86)/cypress/psoc creator/3.3/psoc creator/import/gnu/arm/4.9.3/bin/../lib/gcc/arm-none-eabi/4.9.3/armv7-m/crtend.o
 *(.got.plt)
 *(.got)
 *(.shdata)
 *(.data .data.* .gnu.linkonce.d.*)
 .data          0x1fff810c        0x8 .\CortexM3\ARM_GCC_493\Debug\main.o
                0x1fff810c                txBuffer
 .data          0x1fff8114        0x1 .\CortexM3\ARM_GCC_493\Debug\SPIM_Example02.a(DMA_RX_dma.o)
                0x1fff8114                DMA_RX_DmaHandle
 .data          0x1fff8115        0x1 .\CortexM3\ARM_GCC_493\Debug\SPIM_Example02.a(DMA_TX_dma.o)
                0x1fff8115                DMA_TX_DmaHandle
 *fill*         0x1fff8116        0x2 
 .data          0x1fff8118        0x8 .\CortexM3\ARM_GCC_493\Debug\SPIM_Example02.a(CyDmac.o)
 .data          0x1fff8120       0x10 .\CortexM3\ARM_GCC_493\Debug\SPIM_Example02.a(CyLib.o)
                0x1fff8120                cydelay_freq_hz
                0x1fff8124                cydelay_freq_khz
                0x1fff8128                cydelay_freq_mhz
                0x1fff812c                cydelay_32k_ms
                0x1fff8130                . = ALIGN (0x8)
 *(.ram)
                0x1fff8130                _edata = .

.igot.plt       0x1fff8130        0x0 load address 0x00001580
 .igot.plt      0x00000000        0x0 c:/program files (x86)/cypress/psoc creator/3.3/psoc creator/import/gnu/arm/4.9.3/bin/../lib/gcc/arm-none-eabi/4.9.3/armv7-m/crtbegin.o

.bss            0x1fff8130       0x40 load address 0x00001580
                0x1fff8130                PROVIDE (__bss_start__, .)
 *(.shbss)
 *(.bss .bss.* .gnu.linkonce.b.*)
 .bss           0x1fff8130       0x1c c:/program files (x86)/cypress/psoc creator/3.3/psoc creator/import/gnu/arm/4.9.3/bin/../lib/gcc/arm-none-eabi/4.9.3/armv7-m/crtbegin.o
 *fill*         0x1fff814c        0x4 
 .bss           0x1fff8150        0x8 .\CortexM3\ARM_GCC_493\Debug\SPIM_Example02.a(cyfitter_cfg.o)
 .bss           0x1fff8158        0x2 .\CortexM3\ARM_GCC_493\Debug\SPIM_Example02.a(LCD.o)
                0x1fff8158                LCD_enableState
                0x1fff8159                LCD_initVar
 .bss           0x1fff815a        0x1 .\CortexM3\ARM_GCC_493\Debug\SPIM_Example02.a(SPIM.o)
                0x1fff815a                SPIM_initVar
 *(COMMON)
 *fill*         0x1fff815b        0x1 
 COMMON         0x1fff815c        0xe .\CortexM3\ARM_GCC_493\Debug\main.o
                0x1fff815c                txChannel
                0x1fff815d                rxTD
                0x1fff8160                rxBuffer
                0x1fff8168                txTD
                0x1fff8169                rxChannel
                0x1fff8170                . = ALIGN (0x8)
 *fill*         0x1fff816a        0x6 
 *(.ram.b)
                0x1fff8170                _end = .
                0x1fff8170                __end = .
                0x1fff8170                PROVIDE (end, .)
                0x1fff8170                PROVIDE (__bss_end__, .)
                0x00001558                __cy_region_init_ram = LOADADDR (.data)
                0x00000028                __cy_region_init_size_ram = (_edata - ADDR (.data))
                0x00000040                __cy_region_zero_size_ram = (_end - _edata)

.heap           0x1fff8170       0x80 load address 0x00001580
                0x1fff8170                . = _end
                0x1fff81f0                . = (. + 0x80)
 *fill*         0x1fff8170       0x80 
                0x1fff81f0                __cy_heap_limit = .

.stack          0x20007800      0x800
                0x20007800                __cy_stack_limit = .
                0x20008000                . = (. + 0x800)
 *fill*         0x20007800      0x800 
                0x00000001                ASSERT ((__cy_stack_limit >= __cy_heap_limit), region RAM overflowed with stack)
                0x00000000                cy_checksum_exclude_size = (CY_APPL_LOADABLE == 0x1)?SIZEOF (.cy_checksum_exclude):0x0
                0x00000001                ASSERT ((cy_checksum_exclude_size <= CY_CHECKSUM_EXCLUDE_SIZE), CY_BOOT: Section .cy_checksum_exclude size exceedes specified limit.)

.cyloadermeta
 *(.cyloadermeta)

.cyloadablemeta
 *(.cyloadablemeta)

.cyconfigecc    0x80000000      0x9d0
 *(.cyconfigecc)
 .cyconfigecc   0x80000000      0x9d0 .\CortexM3\ARM_GCC_493\Debug\cymetadata.o
                0x80000000                cy_meta_configecc

.cycustnvl      0x90000000        0x4
 *(.cycustnvl)
 .cycustnvl     0x90000000        0x4 .\CortexM3\ARM_GCC_493\Debug\cymetadata.o
                0x90000000                cy_meta_custnvl

.cywolatch      0x90100000        0x4
 *(.cywolatch)
 .cywolatch     0x90100000        0x4 .\CortexM3\ARM_GCC_493\Debug\cymetadata.o
                0x90100000                cy_meta_wonvl

.cyeeprom       0x90200000        0x0
 *(.cyeeprom)
                0x00000001                ASSERT ((. <= ((0x90200000 + ee_offset) + ee_size)), .cyeeprom data will not fit in EEPROM)

.cyflashprotect
                0x90400000      0x100
 *(.cyflashprotect)
 .cyflashprotect
                0x90400000      0x100 .\CortexM3\ARM_GCC_493\Debug\cymetadata.o
                0x90400000                cy_meta_flashprotect

.cymeta         0x90500000        0xc
 *(.cymeta)
 .cymeta        0x90500000        0xc .\CortexM3\ARM_GCC_493\Debug\cymetadata.o
                0x90500000                cy_metadata

.rel.dyn        0x00001580        0x0 load address 0x9050000c
 .rel.iplt      0x00000000        0x0 c:/program files (x86)/cypress/psoc creator/3.3/psoc creator/import/gnu/arm/4.9.3/bin/../lib/gcc/arm-none-eabi/4.9.3/armv7-m/crtbegin.o

.stab
 *(.stab)

.stabstr
 *(.stabstr)

.debug
 *(.debug)

.line
 *(.line)

.debug_srcinfo
 *(.debug_srcinfo)

.debug_sfnames
 *(.debug_sfnames)

.debug_aranges  0x00000000      0x7d0
 *(.debug_aranges)
 .debug_aranges
                0x00000000       0x30 .\CortexM3\ARM_GCC_493\Debug\main.o
 .debug_aranges
                0x00000030       0x18 .\CortexM3\ARM_GCC_493\Debug\cymetadata.o
 .debug_aranges
                0x00000048       0x48 .\CortexM3\ARM_GCC_493\Debug\Cm3Start.o
 .debug_aranges
                0x00000090       0x60 .\CortexM3\ARM_GCC_493\Debug\SPIM_Example02.a(cyfitter_cfg.o)
 .debug_aranges
                0x000000f0       0x98 .\CortexM3\ARM_GCC_493\Debug\SPIM_Example02.a(LCD.o)
 .debug_aranges
                0x00000188       0x28 .\CortexM3\ARM_GCC_493\Debug\SPIM_Example02.a(DMA_RX_dma.o)
 .debug_aranges
                0x000001b0       0xd8 .\CortexM3\ARM_GCC_493\Debug\SPIM_Example02.a(SPIM.o)
 .debug_aranges
                0x00000288       0x28 .\CortexM3\ARM_GCC_493\Debug\SPIM_Example02.a(DMA_TX_dma.o)
 .debug_aranges
                0x000002b0       0x20 .\CortexM3\ARM_GCC_493\Debug\SPIM_Example02.a(CyBootAsmGnu.o)
 .debug_aranges
                0x000002d0       0xd8 .\CortexM3\ARM_GCC_493\Debug\SPIM_Example02.a(CyDmac.o)
 .debug_aranges
                0x000003a8      0x298 .\CortexM3\ARM_GCC_493\Debug\SPIM_Example02.a(CyLib.o)
 .debug_aranges
                0x00000640       0x98 .\CortexM3\ARM_GCC_493\Debug\SPIM_Example02.a(cyPm.o)
 .debug_aranges
                0x000006d8       0x80 .\CortexM3\ARM_GCC_493\Debug\SPIM_Example02.a(CyFlash.o)
 .debug_aranges
                0x00000758       0x78 .\CortexM3\ARM_GCC_493\Debug\SPIM_Example02.a(CySpc.o)

.debug_pubnames
 *(.debug_pubnames)

.debug_info     0x00000000     0x3830
 *(.debug_info .gnu.linkonce.wi.*)
 .debug_info    0x00000000      0x1a2 .\CortexM3\ARM_GCC_493\Debug\main.o
 .debug_info    0x000001a2      0x13f .\CortexM3\ARM_GCC_493\Debug\cymetadata.o
 .debug_info    0x000002e1      0x319 .\CortexM3\ARM_GCC_493\Debug\Cm3Start.o
 .debug_info    0x000005fa      0x3b0 .\CortexM3\ARM_GCC_493\Debug\SPIM_Example02.a(cyfitter_cfg.o)
 .debug_info    0x000009aa      0x3c8 .\CortexM3\ARM_GCC_493\Debug\SPIM_Example02.a(LCD.o)
 .debug_info    0x00000d72      0x114 .\CortexM3\ARM_GCC_493\Debug\SPIM_Example02.a(DMA_RX_dma.o)
 .debug_info    0x00000e86      0x3ed .\CortexM3\ARM_GCC_493\Debug\SPIM_Example02.a(SPIM.o)
 .debug_info    0x00001273      0x114 .\CortexM3\ARM_GCC_493\Debug\SPIM_Example02.a(DMA_TX_dma.o)
 .debug_info    0x00001387       0x98 .\CortexM3\ARM_GCC_493\Debug\SPIM_Example02.a(CyBootAsmGnu.o)
 .debug_info    0x0000141f      0x8b4 .\CortexM3\ARM_GCC_493\Debug\SPIM_Example02.a(CyDmac.o)
 .debug_info    0x00001cd3      0xe36 .\CortexM3\ARM_GCC_493\Debug\SPIM_Example02.a(CyLib.o)
 .debug_info    0x00002b09      0x562 .\CortexM3\ARM_GCC_493\Debug\SPIM_Example02.a(cyPm.o)
 .debug_info    0x0000306b      0x36c .\CortexM3\ARM_GCC_493\Debug\SPIM_Example02.a(CyFlash.o)
 .debug_info    0x000033d7      0x459 .\CortexM3\ARM_GCC_493\Debug\SPIM_Example02.a(CySpc.o)

.debug_abbrev   0x00000000      0xfb7
 *(.debug_abbrev)
 .debug_abbrev  0x00000000       0xc0 .\CortexM3\ARM_GCC_493\Debug\main.o
 .debug_abbrev  0x000000c0       0x77 .\CortexM3\ARM_GCC_493\Debug\cymetadata.o
 .debug_abbrev  0x00000137      0x1b6 .\CortexM3\ARM_GCC_493\Debug\Cm3Start.o
 .debug_abbrev  0x000002ed      0x192 .\CortexM3\ARM_GCC_493\Debug\SPIM_Example02.a(cyfitter_cfg.o)
 .debug_abbrev  0x0000047f      0x120 .\CortexM3\ARM_GCC_493\Debug\SPIM_Example02.a(LCD.o)
 .debug_abbrev  0x0000059f       0x8b .\CortexM3\ARM_GCC_493\Debug\SPIM_Example02.a(DMA_RX_dma.o)
 .debug_abbrev  0x0000062a      0x156 .\CortexM3\ARM_GCC_493\Debug\SPIM_Example02.a(SPIM.o)
 .debug_abbrev  0x00000780       0x8b .\CortexM3\ARM_GCC_493\Debug\SPIM_Example02.a(DMA_TX_dma.o)
 .debug_abbrev  0x0000080b       0x14 .\CortexM3\ARM_GCC_493\Debug\SPIM_Example02.a(CyBootAsmGnu.o)
 .debug_abbrev  0x0000081f      0x194 .\CortexM3\ARM_GCC_493\Debug\SPIM_Example02.a(CyDmac.o)
 .debug_abbrev  0x000009b3      0x217 .\CortexM3\ARM_GCC_493\Debug\SPIM_Example02.a(CyLib.o)
 .debug_abbrev  0x00000bca      0x161 .\CortexM3\ARM_GCC_493\Debug\SPIM_Example02.a(cyPm.o)
 .debug_abbrev  0x00000d2b      0x120 .\CortexM3\ARM_GCC_493\Debug\SPIM_Example02.a(CyFlash.o)
 .debug_abbrev  0x00000e4b      0x16c .\CortexM3\ARM_GCC_493\Debug\SPIM_Example02.a(CySpc.o)

.debug_line     0x00000000     0x1e98
 *(.debug_line)
 .debug_line    0x00000000      0x1bc .\CortexM3\ARM_GCC_493\Debug\main.o
 .debug_line    0x000001bc       0x53 .\CortexM3\ARM_GCC_493\Debug\cymetadata.o
 .debug_line    0x0000020f      0x1d5 .\CortexM3\ARM_GCC_493\Debug\Cm3Start.o
 .debug_line    0x000003e4      0x21b .\CortexM3\ARM_GCC_493\Debug\SPIM_Example02.a(cyfitter_cfg.o)
 .debug_line    0x000005ff      0x1e3 .\CortexM3\ARM_GCC_493\Debug\SPIM_Example02.a(LCD.o)
 .debug_line    0x000007e2       0x92 .\CortexM3\ARM_GCC_493\Debug\SPIM_Example02.a(DMA_RX_dma.o)
 .debug_line    0x00000874      0x262 .\CortexM3\ARM_GCC_493\Debug\SPIM_Example02.a(SPIM.o)
 .debug_line    0x00000ad6       0x92 .\CortexM3\ARM_GCC_493\Debug\SPIM_Example02.a(DMA_TX_dma.o)
 .debug_line    0x00000b68       0x68 .\CortexM3\ARM_GCC_493\Debug\SPIM_Example02.a(CyBootAsmGnu.o)
 .debug_line    0x00000bd0      0x2b7 .\CortexM3\ARM_GCC_493\Debug\SPIM_Example02.a(CyDmac.o)
 .debug_line    0x00000e87      0x872 .\CortexM3\ARM_GCC_493\Debug\SPIM_Example02.a(CyLib.o)
 .debug_line    0x000016f9      0x381 .\CortexM3\ARM_GCC_493\Debug\SPIM_Example02.a(cyPm.o)
 .debug_line    0x00001a7a      0x207 .\CortexM3\ARM_GCC_493\Debug\SPIM_Example02.a(CyFlash.o)
 .debug_line    0x00001c81      0x217 .\CortexM3\ARM_GCC_493\Debug\SPIM_Example02.a(CySpc.o)

.debug_frame    0x00000000     0x1fec
 *(.debug_frame)
 .debug_frame   0x00000000       0x68 .\CortexM3\ARM_GCC_493\Debug\main.o
 .debug_frame   0x00000068       0xd8 .\CortexM3\ARM_GCC_493\Debug\Cm3Start.o
 .debug_frame   0x00000140      0x160 .\CortexM3\ARM_GCC_493\Debug\SPIM_Example02.a(cyfitter_cfg.o)
 .debug_frame   0x000002a0      0x260 .\CortexM3\ARM_GCC_493\Debug\SPIM_Example02.a(LCD.o)
 .debug_frame   0x00000500       0x58 .\CortexM3\ARM_GCC_493\Debug\SPIM_Example02.a(DMA_RX_dma.o)
 .debug_frame   0x00000558      0x38c .\CortexM3\ARM_GCC_493\Debug\SPIM_Example02.a(SPIM.o)
 .debug_frame   0x000008e4       0x58 .\CortexM3\ARM_GCC_493\Debug\SPIM_Example02.a(DMA_TX_dma.o)
 .debug_frame   0x0000093c      0x3d0 .\CortexM3\ARM_GCC_493\Debug\SPIM_Example02.a(CyDmac.o)
 .debug_frame   0x00000d0c      0xbe8 .\CortexM3\ARM_GCC_493\Debug\SPIM_Example02.a(CyLib.o)
 .debug_frame   0x000018f4      0x234 .\CortexM3\ARM_GCC_493\Debug\SPIM_Example02.a(cyPm.o)
 .debug_frame   0x00001b28      0x210 .\CortexM3\ARM_GCC_493\Debug\SPIM_Example02.a(CyFlash.o)
 .debug_frame   0x00001d38      0x1f8 .\CortexM3\ARM_GCC_493\Debug\SPIM_Example02.a(CySpc.o)
 .debug_frame   0x00001f30       0x20 c:/program files (x86)/cypress/psoc creator/3.3/psoc creator/import/gnu/arm/4.9.3/bin/../lib/gcc/arm-none-eabi/4.9.3/../../../../arm-none-eabi/lib/armv7-m\libg_nano.a(lib_a-errno.o)
 .debug_frame   0x00001f50       0x28 c:/program files (x86)/cypress/psoc creator/3.3/psoc creator/import/gnu/arm/4.9.3/bin/../lib/gcc/arm-none-eabi/4.9.3/../../../../arm-none-eabi/lib/armv7-m\libg_nano.a(lib_a-exit.o)
 .debug_frame   0x00001f78       0x2c c:/program files (x86)/cypress/psoc creator/3.3/psoc creator/import/gnu/arm/4.9.3/bin/../lib/gcc/arm-none-eabi/4.9.3/../../../../arm-none-eabi/lib/armv7-m\libg_nano.a(lib_a-init.o)
 .debug_frame   0x00001fa4       0x28 c:/program files (x86)/cypress/psoc creator/3.3/psoc creator/import/gnu/arm/4.9.3/bin/../lib/gcc/arm-none-eabi/4.9.3/../../../../arm-none-eabi/lib/armv7-m\libg_nano.a(lib_a-memcpy.o)
 .debug_frame   0x00001fcc       0x20 c:/program files (x86)/cypress/psoc creator/3.3/psoc creator/import/gnu/arm/4.9.3/bin/../lib/gcc/arm-none-eabi/4.9.3/../../../../arm-none-eabi/lib/armv7-m\libg_nano.a(lib_a-memset.o)

.debug_str      0x00000000     0x1a8f
 *(.debug_str)
 .debug_str     0x00000000      0x1d0 .\CortexM3\ARM_GCC_493\Debug\main.o
                                0x211 (size before relaxing)
 .debug_str     0x000001d0       0x77 .\CortexM3\ARM_GCC_493\Debug\cymetadata.o
                                0x1f2 (size before relaxing)
 .debug_str     0x00000247      0x12d .\CortexM3\ARM_GCC_493\Debug\Cm3Start.o
                                0x2d3 (size before relaxing)
 .debug_str     0x00000374      0x181 .\CortexM3\ARM_GCC_493\Debug\SPIM_Example02.a(cyfitter_cfg.o)
                                0x31b (size before relaxing)
 .debug_str     0x000004f5      0x17f .\CortexM3\ARM_GCC_493\Debug\SPIM_Example02.a(LCD.o)
                                0x315 (size before relaxing)
 .debug_str     0x00000674       0x99 .\CortexM3\ARM_GCC_493\Debug\SPIM_Example02.a(DMA_RX_dma.o)
                                0x21b (size before relaxing)
 .debug_str     0x0000070d      0x22f .\CortexM3\ARM_GCC_493\Debug\SPIM_Example02.a(SPIM.o)
                                0x3b4 (size before relaxing)
 .debug_str     0x0000093c       0x5e .\CortexM3\ARM_GCC_493\Debug\SPIM_Example02.a(DMA_TX_dma.o)
                                0x21b (size before relaxing)
 .debug_str     0x0000099a      0x377 .\CortexM3\ARM_GCC_493\Debug\SPIM_Example02.a(CyDmac.o)
                                0x519 (size before relaxing)
 .debug_str     0x00000d11      0x7af .\CortexM3\ARM_GCC_493\Debug\SPIM_Example02.a(CyLib.o)
                                0x9ce (size before relaxing)
 .debug_str     0x000014c0      0x367 .\CortexM3\ARM_GCC_493\Debug\SPIM_Example02.a(cyPm.o)
                                0x533 (size before relaxing)
 .debug_str     0x00001827      0x140 .\CortexM3\ARM_GCC_493\Debug\SPIM_Example02.a(CyFlash.o)
                                0x2f2 (size before relaxing)
 .debug_str     0x00001967      0x128 .\CortexM3\ARM_GCC_493\Debug\SPIM_Example02.a(CySpc.o)
                                0x2ef (size before relaxing)

.debug_loc
 *(.debug_loc)

.debug_macinfo
 *(.debug_macinfo)

.debug_ranges   0x00000000      0x6d8
 *(.debug_ranges)
 .debug_ranges  0x00000000       0x20 .\CortexM3\ARM_GCC_493\Debug\main.o
 .debug_ranges  0x00000020       0x38 .\CortexM3\ARM_GCC_493\Debug\Cm3Start.o
 .debug_ranges  0x00000058       0x50 .\CortexM3\ARM_GCC_493\Debug\SPIM_Example02.a(cyfitter_cfg.o)
 .debug_ranges  0x000000a8       0x88 .\CortexM3\ARM_GCC_493\Debug\SPIM_Example02.a(LCD.o)
 .debug_ranges  0x00000130       0x18 .\CortexM3\ARM_GCC_493\Debug\SPIM_Example02.a(DMA_RX_dma.o)
 .debug_ranges  0x00000148       0xc8 .\CortexM3\ARM_GCC_493\Debug\SPIM_Example02.a(SPIM.o)
 .debug_ranges  0x00000210       0x18 .\CortexM3\ARM_GCC_493\Debug\SPIM_Example02.a(DMA_TX_dma.o)
 .debug_ranges  0x00000228       0xc8 .\CortexM3\ARM_GCC_493\Debug\SPIM_Example02.a(CyDmac.o)
 .debug_ranges  0x000002f0      0x288 .\CortexM3\ARM_GCC_493\Debug\SPIM_Example02.a(CyLib.o)
 .debug_ranges  0x00000578       0x88 .\CortexM3\ARM_GCC_493\Debug\SPIM_Example02.a(cyPm.o)
 .debug_ranges  0x00000600       0x70 .\CortexM3\ARM_GCC_493\Debug\SPIM_Example02.a(CyFlash.o)
 .debug_ranges  0x00000670       0x68 .\CortexM3\ARM_GCC_493\Debug\SPIM_Example02.a(CySpc.o)

.comment        0x00000000       0x70
 .comment       0x00000000       0x70 .\CortexM3\ARM_GCC_493\Debug\main.o
                                 0x71 (size before relaxing)
 .comment       0x00000000       0x71 .\CortexM3\ARM_GCC_493\Debug\cymetadata.o
 .comment       0x00000000       0x71 .\CortexM3\ARM_GCC_493\Debug\Cm3Start.o
 .comment       0x00000000       0x71 .\CortexM3\ARM_GCC_493\Debug\SPIM_Example02.a(cyfitter_cfg.o)
 .comment       0x00000000       0x71 .\CortexM3\ARM_GCC_493\Debug\SPIM_Example02.a(LCD.o)
 .comment       0x00000000       0x71 .\CortexM3\ARM_GCC_493\Debug\SPIM_Example02.a(DMA_RX_dma.o)
 .comment       0x00000000       0x71 .\CortexM3\ARM_GCC_493\Debug\SPIM_Example02.a(SPIM.o)
 .comment       0x00000000       0x71 .\CortexM3\ARM_GCC_493\Debug\SPIM_Example02.a(DMA_TX_dma.o)
 .comment       0x00000000       0x71 .\CortexM3\ARM_GCC_493\Debug\SPIM_Example02.a(CyDmac.o)
 .comment       0x00000000       0x71 .\CortexM3\ARM_GCC_493\Debug\SPIM_Example02.a(CyLib.o)
 .comment       0x00000000       0x71 .\CortexM3\ARM_GCC_493\Debug\SPIM_Example02.a(cyPm.o)
 .comment       0x00000000       0x71 .\CortexM3\ARM_GCC_493\Debug\SPIM_Example02.a(CyFlash.o)
 .comment       0x00000000       0x71 .\CortexM3\ARM_GCC_493\Debug\SPIM_Example02.a(CySpc.o)

.debug_weaknames
 *(.debug_weaknames)

.debug_funcnames
 *(.debug_funcnames)

.debug_typenames
 *(.debug_typenames)

.debug_varnames
 *(.debug_varnames)

.note.gnu.arm.ident
 *(.note.gnu.arm.ident)

.ARM.attributes
                0x00000000       0x29
 *(.ARM.attributes)
 .ARM.attributes
                0x00000000       0x1d c:/program files (x86)/cypress/psoc creator/3.3/psoc creator/import/gnu/arm/4.9.3/bin/../lib/gcc/arm-none-eabi/4.9.3/armv7-m/crti.o
 .ARM.attributes
                0x0000001d       0x2d c:/program files (x86)/cypress/psoc creator/3.3/psoc creator/import/gnu/arm/4.9.3/bin/../lib/gcc/arm-none-eabi/4.9.3/armv7-m/crtbegin.o
 .ARM.attributes
                0x0000004a       0x1b c:/program files (x86)/cypress/psoc creator/3.3/psoc creator/import/gnu/arm/4.9.3/bin/../lib/gcc/arm-none-eabi/4.9.3/../../../../arm-none-eabi/lib/armv7-m/crt0.o
 .ARM.attributes
                0x00000065       0x33 .\CortexM3\ARM_GCC_493\Debug\main.o
 .ARM.attributes
                0x00000098       0x33 .\CortexM3\ARM_GCC_493\Debug\cymetadata.o
 .ARM.attributes
                0x000000cb       0x33 .\CortexM3\ARM_GCC_493\Debug\Cm3Start.o
 .ARM.attributes
                0x000000fe       0x33 .\CortexM3\ARM_GCC_493\Debug\SPIM_Example02.a(cyfitter_cfg.o)
 .ARM.attributes
                0x00000131       0x33 .\CortexM3\ARM_GCC_493\Debug\SPIM_Example02.a(LCD.o)
 .ARM.attributes
                0x00000164       0x33 .\CortexM3\ARM_GCC_493\Debug\SPIM_Example02.a(DMA_RX_dma.o)
 .ARM.attributes
                0x00000197       0x33 .\CortexM3\ARM_GCC_493\Debug\SPIM_Example02.a(SPIM.o)
 .ARM.attributes
                0x000001ca       0x33 .\CortexM3\ARM_GCC_493\Debug\SPIM_Example02.a(DMA_TX_dma.o)
 .ARM.attributes
                0x000001fd       0x21 .\CortexM3\ARM_GCC_493\Debug\SPIM_Example02.a(CyBootAsmGnu.o)
 .ARM.attributes
                0x0000021e       0x33 .\CortexM3\ARM_GCC_493\Debug\SPIM_Example02.a(CyDmac.o)
 .ARM.attributes
                0x00000251       0x33 .\CortexM3\ARM_GCC_493\Debug\SPIM_Example02.a(CyLib.o)
 .ARM.attributes
                0x00000284       0x33 .\CortexM3\ARM_GCC_493\Debug\SPIM_Example02.a(cyPm.o)
 .ARM.attributes
                0x000002b7       0x33 .\CortexM3\ARM_GCC_493\Debug\SPIM_Example02.a(CyFlash.o)
 .ARM.attributes
                0x000002ea       0x33 .\CortexM3\ARM_GCC_493\Debug\SPIM_Example02.a(CySpc.o)
 .ARM.attributes
                0x0000031d       0x2d c:/program files (x86)/cypress/psoc creator/3.3/psoc creator/import/gnu/arm/4.9.3/bin/../lib/gcc/arm-none-eabi/4.9.3/../../../../arm-none-eabi/lib/armv7-m\libg_nano.a(lib_a-errno.o)
 .ARM.attributes
                0x0000034a       0x2d c:/program files (x86)/cypress/psoc creator/3.3/psoc creator/import/gnu/arm/4.9.3/bin/../lib/gcc/arm-none-eabi/4.9.3/../../../../arm-none-eabi/lib/armv7-m\libg_nano.a(lib_a-exit.o)
 .ARM.attributes
                0x00000377       0x2d c:/program files (x86)/cypress/psoc creator/3.3/psoc creator/import/gnu/arm/4.9.3/bin/../lib/gcc/arm-none-eabi/4.9.3/../../../../arm-none-eabi/lib/armv7-m\libg_nano.a(lib_a-impure.o)
 .ARM.attributes
                0x000003a4       0x2d c:/program files (x86)/cypress/psoc creator/3.3/psoc creator/import/gnu/arm/4.9.3/bin/../lib/gcc/arm-none-eabi/4.9.3/../../../../arm-none-eabi/lib/armv7-m\libg_nano.a(lib_a-init.o)
 .ARM.attributes
                0x000003d1       0x2d c:/program files (x86)/cypress/psoc creator/3.3/psoc creator/import/gnu/arm/4.9.3/bin/../lib/gcc/arm-none-eabi/4.9.3/../../../../arm-none-eabi/lib/armv7-m\libg_nano.a(lib_a-memcpy.o)
 .ARM.attributes
                0x000003fe       0x2d c:/program files (x86)/cypress/psoc creator/3.3/psoc creator/import/gnu/arm/4.9.3/bin/../lib/gcc/arm-none-eabi/4.9.3/../../../../arm-none-eabi/lib/armv7-m\libg_nano.a(lib_a-memset.o)
 .ARM.attributes
                0x0000042b       0x2d c:/program files (x86)/cypress/psoc creator/3.3/psoc creator/import/gnu/arm/4.9.3/bin/../lib/gcc/arm-none-eabi/4.9.3/armv7-m/crtend.o
 .ARM.attributes
                0x00000458       0x1d c:/program files (x86)/cypress/psoc creator/3.3/psoc creator/import/gnu/arm/4.9.3/bin/../lib/gcc/arm-none-eabi/4.9.3/armv7-m/crtn.o

/DISCARD/
 *(.note.GNU-stack)
OUTPUT(.\CortexM3\ARM_GCC_493\Debug\SPIM_Example02.elf elf32-littlearm)
