Archive member included because of file (symbol)

.\ARM_GCC_493\Debug\SPI_Design01.a(cyfitter_cfg.o)
                              .\ARM_GCC_493\Debug\Cm3Start.o (cyfitter_cfg)
.\ARM_GCC_493\Debug\SPI_Design01.a(SPIM.o)
                              .\ARM_GCC_493\Debug\main.o (SPIM_WriteTxData)
.\ARM_GCC_493\Debug\SPI_Design01.a(SPIM_INT.o)
                              .\ARM_GCC_493\Debug\SPI_Design01.a(SPIM.o) (SPIM_TX_ISR)
.\ARM_GCC_493\Debug\SPI_Design01.a(LCD.o)
                              .\ARM_GCC_493\Debug\main.o (LCD_PrintString)
.\ARM_GCC_493\Debug\SPI_Design01.a(CyBootAsmGnu.o)
                              .\ARM_GCC_493\Debug\SPI_Design01.a(cyfitter_cfg.o) (CyDelayCycles)
.\ARM_GCC_493\Debug\SPI_Design01.a(CyLib.o)
                              .\ARM_GCC_493\Debug\Cm3Start.o (CyHalt)
.\ARM_GCC_493\Debug\SPI_Design01.a(cyPm.o)
                              .\ARM_GCC_493\Debug\SPI_Design01.a(CyLib.o) (CyPmReadStatus)
.\ARM_GCC_493\Debug\SPI_Design01.a(CyFlash.o)
                              .\ARM_GCC_493\Debug\SPI_Design01.a(cyPm.o) (CyFlash_SetWaitCycles)
.\ARM_GCC_493\Debug\SPI_Design01.a(CySpc.o)
                              .\ARM_GCC_493\Debug\SPI_Design01.a(CyFlash.o) (CySpcStart)
c:/program files (x86)/cypress/psoc creator/3.3/psoc creator/import/gnu/arm/4.9.3/bin/../lib/gcc/arm-none-eabi/4.9.3/../../../../arm-none-eabi/lib/armv7-m\libg_nano.a(lib_a-errno.o)
                              .\ARM_GCC_493\Debug\Cm3Start.o (__errno)
c:/program files (x86)/cypress/psoc creator/3.3/psoc creator/import/gnu/arm/4.9.3/bin/../lib/gcc/arm-none-eabi/4.9.3/../../../../arm-none-eabi/lib/armv7-m\libg_nano.a(lib_a-exit.o)
                              c:/program files (x86)/cypress/psoc creator/3.3/psoc creator/import/gnu/arm/4.9.3/bin/../lib/gcc/arm-none-eabi/4.9.3/../../../../arm-none-eabi/lib/armv7-m/crt0.o (exit)
c:/program files (x86)/cypress/psoc creator/3.3/psoc creator/import/gnu/arm/4.9.3/bin/../lib/gcc/arm-none-eabi/4.9.3/../../../../arm-none-eabi/lib/armv7-m\libg_nano.a(lib_a-impure.o)
                              c:/program files (x86)/cypress/psoc creator/3.3/psoc creator/import/gnu/arm/4.9.3/bin/../lib/gcc/arm-none-eabi/4.9.3/../../../../arm-none-eabi/lib/armv7-m\libg_nano.a(lib_a-exit.o) (_global_impure_ptr)
c:/program files (x86)/cypress/psoc creator/3.3/psoc creator/import/gnu/arm/4.9.3/bin/../lib/gcc/arm-none-eabi/4.9.3/../../../../arm-none-eabi/lib/armv7-m\libg_nano.a(lib_a-init.o)
                              c:/program files (x86)/cypress/psoc creator/3.3/psoc creator/import/gnu/arm/4.9.3/bin/../lib/gcc/arm-none-eabi/4.9.3/../../../../arm-none-eabi/lib/armv7-m/crt0.o (__libc_init_array)
c:/program files (x86)/cypress/psoc creator/3.3/psoc creator/import/gnu/arm/4.9.3/bin/../lib/gcc/arm-none-eabi/4.9.3/../../../../arm-none-eabi/lib/armv7-m\libg_nano.a(lib_a-memset.o)
                              c:/program files (x86)/cypress/psoc creator/3.3/psoc creator/import/gnu/arm/4.9.3/bin/../lib/gcc/arm-none-eabi/4.9.3/../../../../arm-none-eabi/lib/armv7-m/crt0.o (memset)

Allocating common symbols
Common symbol       size              file

SPIM_rxBufferFull   0x1               .\ARM_GCC_493\Debug\SPI_Design01.a(SPIM.o)
SPIM_txBuffer       0x8               .\ARM_GCC_493\Debug\SPI_Design01.a(SPIM.o)
SPIM_swStatusTx     0x1               .\ARM_GCC_493\Debug\SPI_Design01.a(SPIM.o)
SPIM_rxBuffer       0x8               .\ARM_GCC_493\Debug\SPI_Design01.a(SPIM.o)
SPIM_txBufferFull   0x1               .\ARM_GCC_493\Debug\SPI_Design01.a(SPIM.o)
SPIM_txBufferRead   0x1               .\ARM_GCC_493\Debug\SPI_Design01.a(SPIM.o)
SPIM_rxBufferWrite  0x1               .\ARM_GCC_493\Debug\SPI_Design01.a(SPIM.o)
SPIM_txBufferWrite  0x1               .\ARM_GCC_493\Debug\SPI_Design01.a(SPIM.o)
dieTemperature      0x2               .\ARM_GCC_493\Debug\SPI_Design01.a(CyFlash.o)
SPIM_rxBufferRead   0x1               .\ARM_GCC_493\Debug\SPI_Design01.a(SPIM.o)
SPIM_swStatusRx     0x1               .\ARM_GCC_493\Debug\SPI_Design01.a(SPIM.o)

Discarded input sections

 .text          0x00000000        0x0 c:/program files (x86)/cypress/psoc creator/3.3/psoc creator/import/gnu/arm/4.9.3/bin/../lib/gcc/arm-none-eabi/4.9.3/armv7-m/crti.o
 .data          0x00000000        0x0 c:/program files (x86)/cypress/psoc creator/3.3/psoc creator/import/gnu/arm/4.9.3/bin/../lib/gcc/arm-none-eabi/4.9.3/armv7-m/crti.o
 .bss           0x00000000        0x0 c:/program files (x86)/cypress/psoc creator/3.3/psoc creator/import/gnu/arm/4.9.3/bin/../lib/gcc/arm-none-eabi/4.9.3/armv7-m/crti.o
 .data          0x00000000        0x4 c:/program files (x86)/cypress/psoc creator/3.3/psoc creator/import/gnu/arm/4.9.3/bin/../lib/gcc/arm-none-eabi/4.9.3/armv7-m/crtbegin.o
 .text          0x00000000       0x74 c:/program files (x86)/cypress/psoc creator/3.3/psoc creator/import/gnu/arm/4.9.3/bin/../lib/gcc/arm-none-eabi/4.9.3/../../../../arm-none-eabi/lib/armv7-m/crt0.o
 .data          0x00000000        0x0 c:/program files (x86)/cypress/psoc creator/3.3/psoc creator/import/gnu/arm/4.9.3/bin/../lib/gcc/arm-none-eabi/4.9.3/../../../../arm-none-eabi/lib/armv7-m/crt0.o
 .bss           0x00000000        0x0 c:/program files (x86)/cypress/psoc creator/3.3/psoc creator/import/gnu/arm/4.9.3/bin/../lib/gcc/arm-none-eabi/4.9.3/../../../../arm-none-eabi/lib/armv7-m/crt0.o
 .ARM.extab     0x00000000        0x0 c:/program files (x86)/cypress/psoc creator/3.3/psoc creator/import/gnu/arm/4.9.3/bin/../lib/gcc/arm-none-eabi/4.9.3/../../../../arm-none-eabi/lib/armv7-m/crt0.o
 .ARM.exidx     0x00000000        0x8 c:/program files (x86)/cypress/psoc creator/3.3/psoc creator/import/gnu/arm/4.9.3/bin/../lib/gcc/arm-none-eabi/4.9.3/../../../../arm-none-eabi/lib/armv7-m/crt0.o
 .text          0x00000000        0x0 .\ARM_GCC_493\Debug\main.o
 .data          0x00000000        0x0 .\ARM_GCC_493\Debug\main.o
 .bss           0x00000000        0x0 .\ARM_GCC_493\Debug\main.o
 .text          0x00000000        0x0 .\ARM_GCC_493\Debug\cymetadata.o
 .data          0x00000000        0x0 .\ARM_GCC_493\Debug\cymetadata.o
 .bss           0x00000000        0x0 .\ARM_GCC_493\Debug\cymetadata.o
 .text          0x00000000        0x0 .\ARM_GCC_493\Debug\Cm3Start.o
 .data          0x00000000        0x4 .\ARM_GCC_493\Debug\Cm3Start.o
 .bss           0x00000000        0x0 .\ARM_GCC_493\Debug\Cm3Start.o
 .text._exit    0x00000000        0xa .\ARM_GCC_493\Debug\Cm3Start.o
 .text._sbrk    0x00000000       0x2c .\ARM_GCC_493\Debug\Cm3Start.o
 .text          0x00000000        0x0 .\ARM_GCC_493\Debug\SPI_Design01.a(cyfitter_cfg.o)
 .data          0x00000000        0x0 .\ARM_GCC_493\Debug\SPI_Design01.a(cyfitter_cfg.o)
 .text.SetAnalogRoutingPumps
                0x00000000       0x10 .\ARM_GCC_493\Debug\SPI_Design01.a(cyfitter_cfg.o)
 .text          0x00000000        0x0 .\ARM_GCC_493\Debug\SPI_Design01.a(SPIM.o)
 .data          0x00000000        0x0 .\ARM_GCC_493\Debug\SPI_Design01.a(SPIM.o)
 .text.SPIM_Stop
                0x00000000       0x30 .\ARM_GCC_493\Debug\SPI_Design01.a(SPIM.o)
 .text.SPIM_EnableTxInt
                0x00000000        0xc .\ARM_GCC_493\Debug\SPI_Design01.a(SPIM.o)
 .text.SPIM_EnableRxInt
                0x00000000        0xc .\ARM_GCC_493\Debug\SPI_Design01.a(SPIM.o)
 .text.SPIM_DisableTxInt
                0x00000000        0xc .\ARM_GCC_493\Debug\SPI_Design01.a(SPIM.o)
 .text.SPIM_DisableRxInt
                0x00000000        0xc .\ARM_GCC_493\Debug\SPI_Design01.a(SPIM.o)
 .text.SPIM_SetTxInterruptMode
                0x00000000        0xc .\ARM_GCC_493\Debug\SPI_Design01.a(SPIM.o)
 .text.SPIM_SetRxInterruptMode
                0x00000000        0xc .\ARM_GCC_493\Debug\SPI_Design01.a(SPIM.o)
 .text.SPIM_ReadRxData
                0x00000000       0x5c .\ARM_GCC_493\Debug\SPI_Design01.a(SPIM.o)
 .text.SPIM_GetRxBufferSize
                0x00000000       0x48 .\ARM_GCC_493\Debug\SPI_Design01.a(SPIM.o)
 .text.SPIM_GetTxBufferSize
                0x00000000       0x48 .\ARM_GCC_493\Debug\SPI_Design01.a(SPIM.o)
 .text.SPIM_ClearRxBuffer
                0x00000000       0x48 .\ARM_GCC_493\Debug\SPI_Design01.a(SPIM.o)
 .text.SPIM_ClearTxBuffer
                0x00000000       0x5c .\ARM_GCC_493\Debug\SPI_Design01.a(SPIM.o)
 .text.SPIM_PutArray
                0x00000000       0x18 .\ARM_GCC_493\Debug\SPI_Design01.a(SPIM.o)
 .text.SPIM_EnableInt
                0x00000000       0x10 .\ARM_GCC_493\Debug\SPI_Design01.a(SPIM.o)
 .text.SPIM_DisableInt
                0x00000000       0x10 .\ARM_GCC_493\Debug\SPI_Design01.a(SPIM.o)
 .text.SPIM_SetInterruptMode
                0x00000000       0x10 .\ARM_GCC_493\Debug\SPI_Design01.a(SPIM.o)
 .text.SPIM_ReadStatus
                0x00000000       0x40 .\ARM_GCC_493\Debug\SPI_Design01.a(SPIM.o)
 .text          0x00000000        0x0 .\ARM_GCC_493\Debug\SPI_Design01.a(SPIM_INT.o)
 .data          0x00000000        0x0 .\ARM_GCC_493\Debug\SPI_Design01.a(SPIM_INT.o)
 .bss           0x00000000        0x0 .\ARM_GCC_493\Debug\SPI_Design01.a(SPIM_INT.o)
 .text          0x00000000        0x0 .\ARM_GCC_493\Debug\SPI_Design01.a(LCD.o)
 .data          0x00000000        0x0 .\ARM_GCC_493\Debug\SPI_Design01.a(LCD.o)
 .text.LCD_PutChar
                0x00000000        0x4 .\ARM_GCC_493\Debug\SPI_Design01.a(LCD.o)
 .text.LCD_Stop
                0x00000000       0x14 .\ARM_GCC_493\Debug\SPI_Design01.a(LCD.o)
 .text.LCD_PrintInt16
                0x00000000       0x14 .\ARM_GCC_493\Debug\SPI_Design01.a(LCD.o)
 .text.LCD_PrintInt32
                0x00000000       0x1a .\ARM_GCC_493\Debug\SPI_Design01.a(LCD.o)
 .text.LCD_PrintU32Number
                0x00000000       0x38 .\ARM_GCC_493\Debug\SPI_Design01.a(LCD.o)
 .data          0x00000000        0x0 .\ARM_GCC_493\Debug\SPI_Design01.a(CyBootAsmGnu.o)
 .bss           0x00000000        0x0 .\ARM_GCC_493\Debug\SPI_Design01.a(CyBootAsmGnu.o)
 .text          0x00000000        0x0 .\ARM_GCC_493\Debug\SPI_Design01.a(CyLib.o)
 .bss           0x00000000       0x1c .\ARM_GCC_493\Debug\SPI_Design01.a(CyLib.o)
 .text.CyIMO_SetTrimValue
                0x00000000       0xbc .\ARM_GCC_493\Debug\SPI_Design01.a(CyLib.o)
 .text.CyBusClk_Internal_SetDivider
                0x00000000       0x44 .\ARM_GCC_493\Debug\SPI_Design01.a(CyLib.o)
 .text.CyPLL_OUT_Stop
                0x00000000       0x10 .\ARM_GCC_493\Debug\SPI_Design01.a(CyLib.o)
 .text.CyPLL_OUT_SetPQ
                0x00000000       0x48 .\ARM_GCC_493\Debug\SPI_Design01.a(CyLib.o)
 .text.CyPLL_OUT_SetSource
                0x00000000       0x28 .\ARM_GCC_493\Debug\SPI_Design01.a(CyLib.o)
 .text.CyIMO_Stop
                0x00000000       0x18 .\ARM_GCC_493\Debug\SPI_Design01.a(CyLib.o)
 .text.CyIMO_SetSource
                0x00000000       0x44 .\ARM_GCC_493\Debug\SPI_Design01.a(CyLib.o)
 .text.CyIMO_EnableDoubler
                0x00000000       0x10 .\ARM_GCC_493\Debug\SPI_Design01.a(CyLib.o)
 .text.CyIMO_DisableDoubler
                0x00000000       0x10 .\ARM_GCC_493\Debug\SPI_Design01.a(CyLib.o)
 .text.CyIMO_SetFreq
                0x00000000      0x108 .\ARM_GCC_493\Debug\SPI_Design01.a(CyLib.o)
 .text.CyMasterClk_SetSource
                0x00000000       0x18 .\ARM_GCC_493\Debug\SPI_Design01.a(CyLib.o)
 .text.CyMasterClk_SetDivider
                0x00000000        0xc .\ARM_GCC_493\Debug\SPI_Design01.a(CyLib.o)
 .text.CyBusClk_SetDivider
                0x00000000       0x70 .\ARM_GCC_493\Debug\SPI_Design01.a(CyLib.o)
 .text.CyUsbClk_SetSource
                0x00000000       0x18 .\ARM_GCC_493\Debug\SPI_Design01.a(CyLib.o)
 .text.CyILO_Start1K
                0x00000000       0x10 .\ARM_GCC_493\Debug\SPI_Design01.a(CyLib.o)
 .text.CyILO_Stop1K
                0x00000000       0x10 .\ARM_GCC_493\Debug\SPI_Design01.a(CyLib.o)
 .text.CyILO_Start100K
                0x00000000       0x10 .\ARM_GCC_493\Debug\SPI_Design01.a(CyLib.o)
 .text.CyILO_Stop100K
                0x00000000       0x10 .\ARM_GCC_493\Debug\SPI_Design01.a(CyLib.o)
 .text.CyPLL_OUT_Start
                0x00000000       0x7c .\ARM_GCC_493\Debug\SPI_Design01.a(CyLib.o)
 .text.CyIMO_Start
                0x00000000       0x5c .\ARM_GCC_493\Debug\SPI_Design01.a(CyLib.o)
 .text.CyILO_Enable33K
                0x00000000       0x10 .\ARM_GCC_493\Debug\SPI_Design01.a(CyLib.o)
 .text.CyILO_Disable33K
                0x00000000       0x10 .\ARM_GCC_493\Debug\SPI_Design01.a(CyLib.o)
 .text.CyILO_SetSource
                0x00000000       0x16 .\ARM_GCC_493\Debug\SPI_Design01.a(CyLib.o)
 .text.CyILO_SetPowerMode
                0x00000000       0x20 .\ARM_GCC_493\Debug\SPI_Design01.a(CyLib.o)
 .text.CyXTAL_32KHZ_Stop
                0x00000000       0x30 .\ARM_GCC_493\Debug\SPI_Design01.a(CyLib.o)
 .text.CyXTAL_32KHZ_ReadStatus
                0x00000000       0x10 .\ARM_GCC_493\Debug\SPI_Design01.a(CyLib.o)
 .text.CyXTAL_Start
                0x00000000       0xa4 .\ARM_GCC_493\Debug\SPI_Design01.a(CyLib.o)
 .text.CyXTAL_Stop
                0x00000000       0x10 .\ARM_GCC_493\Debug\SPI_Design01.a(CyLib.o)
 .text.CyXTAL_EnableErrStatus
                0x00000000       0x10 .\ARM_GCC_493\Debug\SPI_Design01.a(CyLib.o)
 .text.CyXTAL_DisableErrStatus
                0x00000000       0x10 .\ARM_GCC_493\Debug\SPI_Design01.a(CyLib.o)
 .text.CyXTAL_ReadStatus
                0x00000000        0xc .\ARM_GCC_493\Debug\SPI_Design01.a(CyLib.o)
 .text.CyXTAL_EnableFaultRecovery
                0x00000000       0x10 .\ARM_GCC_493\Debug\SPI_Design01.a(CyLib.o)
 .text.CyXTAL_DisableFaultRecovery
                0x00000000       0x10 .\ARM_GCC_493\Debug\SPI_Design01.a(CyLib.o)
 .text.CyXTAL_SetStartup
                0x00000000       0x18 .\ARM_GCC_493\Debug\SPI_Design01.a(CyLib.o)
 .text.CyXTAL_SetFbVoltage
                0x00000000       0x18 .\ARM_GCC_493\Debug\SPI_Design01.a(CyLib.o)
 .text.CyXTAL_SetWdVoltage
                0x00000000       0x18 .\ARM_GCC_493\Debug\SPI_Design01.a(CyLib.o)
 .text.CyHalt   0x00000000        0x4 .\ARM_GCC_493\Debug\SPI_Design01.a(CyLib.o)
 .text.CySoftwareReset
                0x00000000       0x10 .\ARM_GCC_493\Debug\SPI_Design01.a(CyLib.o)
 .text.CyXTAL_32KHZ_SetPowerMode
                0x00000000       0x6c .\ARM_GCC_493\Debug\SPI_Design01.a(CyLib.o)
 .text.CyXTAL_32KHZ_Start
                0x00000000       0x6c .\ARM_GCC_493\Debug\SPI_Design01.a(CyLib.o)
 .text.CyDelayFreq
                0x00000000       0x40 .\ARM_GCC_493\Debug\SPI_Design01.a(CyLib.o)
 .text.CyWdtStart
                0x00000000       0x40 .\ARM_GCC_493\Debug\SPI_Design01.a(CyLib.o)
 .text.CyWdtClear
                0x00000000        0xc .\ARM_GCC_493\Debug\SPI_Design01.a(CyLib.o)
 .text.CyVdStickyStatus
                0x00000000       0x2c .\ARM_GCC_493\Debug\SPI_Design01.a(CyLib.o)
 .text.CyVdLvDigitEnable
                0x00000000       0x84 .\ARM_GCC_493\Debug\SPI_Design01.a(CyLib.o)
 .text.CyVdLvAnalogEnable
                0x00000000       0x80 .\ARM_GCC_493\Debug\SPI_Design01.a(CyLib.o)
 .text.CyVdLvDigitDisable
                0x00000000       0x2c .\ARM_GCC_493\Debug\SPI_Design01.a(CyLib.o)
 .text.CyVdLvAnalogDisable
                0x00000000       0x24 .\ARM_GCC_493\Debug\SPI_Design01.a(CyLib.o)
 .text.CyVdHvAnalogEnable
                0x00000000       0x58 .\ARM_GCC_493\Debug\SPI_Design01.a(CyLib.o)
 .text.CyVdHvAnalogDisable
                0x00000000       0x1c .\ARM_GCC_493\Debug\SPI_Design01.a(CyLib.o)
 .text.CyVdRealTimeStatus
                0x00000000       0x1c .\ARM_GCC_493\Debug\SPI_Design01.a(CyLib.o)
 .text.CyDisableInts
                0x00000000       0x1c .\ARM_GCC_493\Debug\SPI_Design01.a(CyLib.o)
 .text.CyEnableInts
                0x00000000       0x18 .\ARM_GCC_493\Debug\SPI_Design01.a(CyLib.o)
 .text.CyFlushCache
                0x00000000       0x44 .\ARM_GCC_493\Debug\SPI_Design01.a(CyLib.o)
 .text.CyIntSetSysVector
                0x00000000       0x1c .\ARM_GCC_493\Debug\SPI_Design01.a(CyLib.o)
 .text.CyIntGetSysVector
                0x00000000       0x18 .\ARM_GCC_493\Debug\SPI_Design01.a(CyLib.o)
 .text.CyIntGetVector
                0x00000000       0x1c .\ARM_GCC_493\Debug\SPI_Design01.a(CyLib.o)
 .text.CyIntGetPriority
                0x00000000       0x18 .\ARM_GCC_493\Debug\SPI_Design01.a(CyLib.o)
 .text.CyIntGetState
                0x00000000       0x1c .\ARM_GCC_493\Debug\SPI_Design01.a(CyLib.o)
 .text.CySysTickInit
                0x00000000       0x58 .\ARM_GCC_493\Debug\SPI_Design01.a(CyLib.o)
 .text.CySysTickStop
                0x00000000       0x10 .\ARM_GCC_493\Debug\SPI_Design01.a(CyLib.o)
 .text.CySysTickEnableInterrupt
                0x00000000       0x10 .\ARM_GCC_493\Debug\SPI_Design01.a(CyLib.o)
 .text.CySysTickEnable
                0x00000000       0x18 .\ARM_GCC_493\Debug\SPI_Design01.a(CyLib.o)
 .text.CySysTickStart
                0x00000000       0x1c .\ARM_GCC_493\Debug\SPI_Design01.a(CyLib.o)
 .text.CySysTickDisableInterrupt
                0x00000000       0x10 .\ARM_GCC_493\Debug\SPI_Design01.a(CyLib.o)
 .text.CySysTickSetReload
                0x00000000       0x10 .\ARM_GCC_493\Debug\SPI_Design01.a(CyLib.o)
 .text.CySysTickGetReload
                0x00000000       0x10 .\ARM_GCC_493\Debug\SPI_Design01.a(CyLib.o)
 .text.CySysTickGetValue
                0x00000000       0x10 .\ARM_GCC_493\Debug\SPI_Design01.a(CyLib.o)
 .text.CySysTickSetClockSource
                0x00000000       0x18 .\ARM_GCC_493\Debug\SPI_Design01.a(CyLib.o)
 .text.CySysTickGetCountFlag
                0x00000000       0x10 .\ARM_GCC_493\Debug\SPI_Design01.a(CyLib.o)
 .text.CySysTickServiceCallbacks
                0x00000000       0x24 .\ARM_GCC_493\Debug\SPI_Design01.a(CyLib.o)
 .text.CySysTickClear
                0x00000000        0xc .\ARM_GCC_493\Debug\SPI_Design01.a(CyLib.o)
 .text.CySysTickSetCallback
                0x00000000       0x10 .\ARM_GCC_493\Debug\SPI_Design01.a(CyLib.o)
 .text.CySysTickGetCallback
                0x00000000       0x10 .\ARM_GCC_493\Debug\SPI_Design01.a(CyLib.o)
 .text.CyGetUniqueId
                0x00000000       0x70 .\ARM_GCC_493\Debug\SPI_Design01.a(CyLib.o)
 .text          0x00000000        0x0 .\ARM_GCC_493\Debug\SPI_Design01.a(cyPm.o)
 .data          0x00000000        0x0 .\ARM_GCC_493\Debug\SPI_Design01.a(cyPm.o)
 .bss           0x00000000       0x44 .\ARM_GCC_493\Debug\SPI_Design01.a(cyPm.o)
 .text.CyPmHibSlpSaveSet
                0x00000000      0x1c0 .\ARM_GCC_493\Debug\SPI_Design01.a(cyPm.o)
 .text.CyPmHibSlpRestore
                0x00000000       0xc0 .\ARM_GCC_493\Debug\SPI_Design01.a(cyPm.o)
 .text.CyPmSaveClocks
                0x00000000      0x1e8 .\ARM_GCC_493\Debug\SPI_Design01.a(cyPm.o)
 .text.CyPmRestoreClocks
                0x00000000      0x20c .\ARM_GCC_493\Debug\SPI_Design01.a(cyPm.o)
 .text.CyPmAltAct
                0x00000000       0x6c .\ARM_GCC_493\Debug\SPI_Design01.a(cyPm.o)
 .text.CyPmSleep
                0x00000000       0xf4 .\ARM_GCC_493\Debug\SPI_Design01.a(cyPm.o)
 .text.CyPmHibernateEx
                0x00000000      0x270 .\ARM_GCC_493\Debug\SPI_Design01.a(cyPm.o)
 .text.CyPmHibernate
                0x00000000        0x6 .\ARM_GCC_493\Debug\SPI_Design01.a(cyPm.o)
 .text.CyPmReadStatus
                0x00000000       0x30 .\ARM_GCC_493\Debug\SPI_Design01.a(cyPm.o)
 .text.CyPmCtwSetInterval
                0x00000000       0x50 .\ARM_GCC_493\Debug\SPI_Design01.a(cyPm.o)
 .text.CyPmOppsSet
                0x00000000       0x2c .\ARM_GCC_493\Debug\SPI_Design01.a(cyPm.o)
 .text.CyPmFtwSetInterval
                0x00000000       0x50 .\ARM_GCC_493\Debug\SPI_Design01.a(cyPm.o)
 .rodata        0x00000000        0xe .\ARM_GCC_493\Debug\SPI_Design01.a(cyPm.o)
 .text          0x00000000        0x0 .\ARM_GCC_493\Debug\SPI_Design01.a(CyFlash.o)
 .data          0x00000000        0x0 .\ARM_GCC_493\Debug\SPI_Design01.a(CyFlash.o)
 .bss           0x00000000        0x4 .\ARM_GCC_493\Debug\SPI_Design01.a(CyFlash.o)
 .text.CyFlash_Start
                0x00000000       0x50 .\ARM_GCC_493\Debug\SPI_Design01.a(CyFlash.o)
 .text.CyFlash_Stop
                0x00000000       0x24 .\ARM_GCC_493\Debug\SPI_Design01.a(CyFlash.o)
 .text.CySetTemp
                0x00000000       0x90 .\ARM_GCC_493\Debug\SPI_Design01.a(CyFlash.o)
 .text.CySetFlashEEBuffer
                0x00000000       0x2c .\ARM_GCC_493\Debug\SPI_Design01.a(CyFlash.o)
 .text.CyWriteRowFull
                0x00000000       0xc4 .\ARM_GCC_493\Debug\SPI_Design01.a(CyFlash.o)
 .text.CyWriteRowData
                0x00000000        0xe .\ARM_GCC_493\Debug\SPI_Design01.a(CyFlash.o)
 .text.CyFlash_SetWaitCycles
                0x00000000       0x78 .\ARM_GCC_493\Debug\SPI_Design01.a(CyFlash.o)
 .text.CyEEPROM_Start
                0x00000000       0x50 .\ARM_GCC_493\Debug\SPI_Design01.a(CyFlash.o)
 .text.CyEEPROM_Stop
                0x00000000       0x24 .\ARM_GCC_493\Debug\SPI_Design01.a(CyFlash.o)
 .text.CyEEPROM_ReadReserve
                0x00000000       0x18 .\ARM_GCC_493\Debug\SPI_Design01.a(CyFlash.o)
 .text.CyEEPROM_ReadRelease
                0x00000000       0x10 .\ARM_GCC_493\Debug\SPI_Design01.a(CyFlash.o)
 COMMON         0x00000000        0x2 .\ARM_GCC_493\Debug\SPI_Design01.a(CyFlash.o)
 .text          0x00000000        0x0 .\ARM_GCC_493\Debug\SPI_Design01.a(CySpc.o)
 .data          0x00000000        0x0 .\ARM_GCC_493\Debug\SPI_Design01.a(CySpc.o)
 .bss           0x00000000        0x8 .\ARM_GCC_493\Debug\SPI_Design01.a(CySpc.o)
 .text.CySpcStart
                0x00000000       0x24 .\ARM_GCC_493\Debug\SPI_Design01.a(CySpc.o)
 .text.CySpcStop
                0x00000000       0x24 .\ARM_GCC_493\Debug\SPI_Design01.a(CySpc.o)
 .text.CySpcReadData
                0x00000000       0x34 .\ARM_GCC_493\Debug\SPI_Design01.a(CySpc.o)
 .text.CySpcLoadMultiByte
                0x00000000       0x6c .\ARM_GCC_493\Debug\SPI_Design01.a(CySpc.o)
 .text.CySpcLoadRow
                0x00000000       0x48 .\ARM_GCC_493\Debug\SPI_Design01.a(CySpc.o)
 .text.CySpcLoadRowFull
                0x00000000       0x6c .\ARM_GCC_493\Debug\SPI_Design01.a(CySpc.o)
 .text.CySpcWriteRow
                0x00000000       0x40 .\ARM_GCC_493\Debug\SPI_Design01.a(CySpc.o)
 .text.CySpcEraseSector
                0x00000000       0x38 .\ARM_GCC_493\Debug\SPI_Design01.a(CySpc.o)
 .text.CySpcGetTemp
                0x00000000       0x34 .\ARM_GCC_493\Debug\SPI_Design01.a(CySpc.o)
 .text.CySpcLock
                0x00000000       0x40 .\ARM_GCC_493\Debug\SPI_Design01.a(CySpc.o)
 .text.CySpcUnlock
                0x00000000       0x34 .\ARM_GCC_493\Debug\SPI_Design01.a(CySpc.o)
 .text.CySpcGetAlgorithm
                0x00000000       0x28 .\ARM_GCC_493\Debug\SPI_Design01.a(CySpc.o)
 .text          0x00000000        0x0 c:/program files (x86)/cypress/psoc creator/3.3/psoc creator/import/gnu/arm/4.9.3/bin/../lib/gcc/arm-none-eabi/4.9.3/../../../../arm-none-eabi/lib/armv7-m\libg_nano.a(lib_a-errno.o)
 .data          0x00000000        0x0 c:/program files (x86)/cypress/psoc creator/3.3/psoc creator/import/gnu/arm/4.9.3/bin/../lib/gcc/arm-none-eabi/4.9.3/../../../../arm-none-eabi/lib/armv7-m\libg_nano.a(lib_a-errno.o)
 .bss           0x00000000        0x0 c:/program files (x86)/cypress/psoc creator/3.3/psoc creator/import/gnu/arm/4.9.3/bin/../lib/gcc/arm-none-eabi/4.9.3/../../../../arm-none-eabi/lib/armv7-m\libg_nano.a(lib_a-errno.o)
 .text.__errno  0x00000000        0xc c:/program files (x86)/cypress/psoc creator/3.3/psoc creator/import/gnu/arm/4.9.3/bin/../lib/gcc/arm-none-eabi/4.9.3/../../../../arm-none-eabi/lib/armv7-m\libg_nano.a(lib_a-errno.o)
 .text          0x00000000        0x0 c:/program files (x86)/cypress/psoc creator/3.3/psoc creator/import/gnu/arm/4.9.3/bin/../lib/gcc/arm-none-eabi/4.9.3/../../../../arm-none-eabi/lib/armv7-m\libg_nano.a(lib_a-exit.o)
 .data          0x00000000        0x0 c:/program files (x86)/cypress/psoc creator/3.3/psoc creator/import/gnu/arm/4.9.3/bin/../lib/gcc/arm-none-eabi/4.9.3/../../../../arm-none-eabi/lib/armv7-m\libg_nano.a(lib_a-exit.o)
 .bss           0x00000000        0x0 c:/program files (x86)/cypress/psoc creator/3.3/psoc creator/import/gnu/arm/4.9.3/bin/../lib/gcc/arm-none-eabi/4.9.3/../../../../arm-none-eabi/lib/armv7-m\libg_nano.a(lib_a-exit.o)
 .text.exit     0x00000000       0x28 c:/program files (x86)/cypress/psoc creator/3.3/psoc creator/import/gnu/arm/4.9.3/bin/../lib/gcc/arm-none-eabi/4.9.3/../../../../arm-none-eabi/lib/armv7-m\libg_nano.a(lib_a-exit.o)
 .text          0x00000000        0x0 c:/program files (x86)/cypress/psoc creator/3.3/psoc creator/import/gnu/arm/4.9.3/bin/../lib/gcc/arm-none-eabi/4.9.3/../../../../arm-none-eabi/lib/armv7-m\libg_nano.a(lib_a-impure.o)
 .data          0x00000000        0x0 c:/program files (x86)/cypress/psoc creator/3.3/psoc creator/import/gnu/arm/4.9.3/bin/../lib/gcc/arm-none-eabi/4.9.3/../../../../arm-none-eabi/lib/armv7-m\libg_nano.a(lib_a-impure.o)
 .bss           0x00000000        0x0 c:/program files (x86)/cypress/psoc creator/3.3/psoc creator/import/gnu/arm/4.9.3/bin/../lib/gcc/arm-none-eabi/4.9.3/../../../../arm-none-eabi/lib/armv7-m\libg_nano.a(lib_a-impure.o)
 .data.impure_data
                0x00000000       0x60 c:/program files (x86)/cypress/psoc creator/3.3/psoc creator/import/gnu/arm/4.9.3/bin/../lib/gcc/arm-none-eabi/4.9.3/../../../../arm-none-eabi/lib/armv7-m\libg_nano.a(lib_a-impure.o)
 .data._impure_ptr
                0x00000000        0x4 c:/program files (x86)/cypress/psoc creator/3.3/psoc creator/import/gnu/arm/4.9.3/bin/../lib/gcc/arm-none-eabi/4.9.3/../../../../arm-none-eabi/lib/armv7-m\libg_nano.a(lib_a-impure.o)
 .rodata.str1.1
                0x00000000        0x2 c:/program files (x86)/cypress/psoc creator/3.3/psoc creator/import/gnu/arm/4.9.3/bin/../lib/gcc/arm-none-eabi/4.9.3/../../../../arm-none-eabi/lib/armv7-m\libg_nano.a(lib_a-impure.o)
 .rodata._global_impure_ptr
                0x00000000        0x4 c:/program files (x86)/cypress/psoc creator/3.3/psoc creator/import/gnu/arm/4.9.3/bin/../lib/gcc/arm-none-eabi/4.9.3/../../../../arm-none-eabi/lib/armv7-m\libg_nano.a(lib_a-impure.o)
 .text          0x00000000        0x0 c:/program files (x86)/cypress/psoc creator/3.3/psoc creator/import/gnu/arm/4.9.3/bin/../lib/gcc/arm-none-eabi/4.9.3/../../../../arm-none-eabi/lib/armv7-m\libg_nano.a(lib_a-init.o)
 .data          0x00000000        0x0 c:/program files (x86)/cypress/psoc creator/3.3/psoc creator/import/gnu/arm/4.9.3/bin/../lib/gcc/arm-none-eabi/4.9.3/../../../../arm-none-eabi/lib/armv7-m\libg_nano.a(lib_a-init.o)
 .bss           0x00000000        0x0 c:/program files (x86)/cypress/psoc creator/3.3/psoc creator/import/gnu/arm/4.9.3/bin/../lib/gcc/arm-none-eabi/4.9.3/../../../../arm-none-eabi/lib/armv7-m\libg_nano.a(lib_a-init.o)
 .text          0x00000000        0x0 c:/program files (x86)/cypress/psoc creator/3.3/psoc creator/import/gnu/arm/4.9.3/bin/../lib/gcc/arm-none-eabi/4.9.3/../../../../arm-none-eabi/lib/armv7-m\libg_nano.a(lib_a-memset.o)
 .data          0x00000000        0x0 c:/program files (x86)/cypress/psoc creator/3.3/psoc creator/import/gnu/arm/4.9.3/bin/../lib/gcc/arm-none-eabi/4.9.3/../../../../arm-none-eabi/lib/armv7-m\libg_nano.a(lib_a-memset.o)
 .bss           0x00000000        0x0 c:/program files (x86)/cypress/psoc creator/3.3/psoc creator/import/gnu/arm/4.9.3/bin/../lib/gcc/arm-none-eabi/4.9.3/../../../../arm-none-eabi/lib/armv7-m\libg_nano.a(lib_a-memset.o)
 .text.memset   0x00000000       0x10 c:/program files (x86)/cypress/psoc creator/3.3/psoc creator/import/gnu/arm/4.9.3/bin/../lib/gcc/arm-none-eabi/4.9.3/../../../../arm-none-eabi/lib/armv7-m\libg_nano.a(lib_a-memset.o)
 .text          0x00000000        0x0 c:/program files (x86)/cypress/psoc creator/3.3/psoc creator/import/gnu/arm/4.9.3/bin/../lib/gcc/arm-none-eabi/4.9.3/armv7-m/crtend.o
 .data          0x00000000        0x0 c:/program files (x86)/cypress/psoc creator/3.3/psoc creator/import/gnu/arm/4.9.3/bin/../lib/gcc/arm-none-eabi/4.9.3/armv7-m/crtend.o
 .bss           0x00000000        0x0 c:/program files (x86)/cypress/psoc creator/3.3/psoc creator/import/gnu/arm/4.9.3/bin/../lib/gcc/arm-none-eabi/4.9.3/armv7-m/crtend.o
 .text          0x00000000        0x0 c:/program files (x86)/cypress/psoc creator/3.3/psoc creator/import/gnu/arm/4.9.3/bin/../lib/gcc/arm-none-eabi/4.9.3/armv7-m/crtn.o
 .data          0x00000000        0x0 c:/program files (x86)/cypress/psoc creator/3.3/psoc creator/import/gnu/arm/4.9.3/bin/../lib/gcc/arm-none-eabi/4.9.3/armv7-m/crtn.o
 .bss           0x00000000        0x0 c:/program files (x86)/cypress/psoc creator/3.3/psoc creator/import/gnu/arm/4.9.3/bin/../lib/gcc/arm-none-eabi/4.9.3/armv7-m/crtn.o

Memory Configuration

Name             Origin             Length             Attributes
rom              0x00000000         0x00040000         xr
ram              0x1fff8000         0x00010000         xrw
*default*        0x00000000         0xffffffff

Linker script and memory map

LOAD c:/program files (x86)/cypress/psoc creator/3.3/psoc creator/import/gnu/arm/4.9.3/bin/../lib/gcc/arm-none-eabi/4.9.3/armv7-m/crti.o
LOAD c:/program files (x86)/cypress/psoc creator/3.3/psoc creator/import/gnu/arm/4.9.3/bin/../lib/gcc/arm-none-eabi/4.9.3/armv7-m/crtbegin.o
LOAD c:/program files (x86)/cypress/psoc creator/3.3/psoc creator/import/gnu/arm/4.9.3/bin/../lib/gcc/arm-none-eabi/4.9.3/../../../../arm-none-eabi/lib/armv7-m/crt0.o
START GROUP
LOAD .\ARM_GCC_493\Debug\main.o
LOAD .\ARM_GCC_493\Debug\cymetadata.o
LOAD .\ARM_GCC_493\Debug\Cm3Start.o
LOAD .\ARM_GCC_493\Debug\SPI_Design01.a
LOAD C:\Program Files (x86)\Cypress\PSoC Creator\3.3\PSoC Creator\psoc\content\cycomponentlibrary\CyComponentLibrary.cylib\CortexM3\ARM_GCC_493\Debug\CyComponentLibrary.a
END GROUP
START GROUP
LOAD c:/program files (x86)/cypress/psoc creator/3.3/psoc creator/import/gnu/arm/4.9.3/bin/../lib/gcc/arm-none-eabi/4.9.3/armv7-m\libgcc.a
LOAD c:/program files (x86)/cypress/psoc creator/3.3/psoc creator/import/gnu/arm/4.9.3/bin/../lib/gcc/arm-none-eabi/4.9.3/../../../../arm-none-eabi/lib/armv7-m\libg_nano.a
LOAD c:/program files (x86)/cypress/psoc creator/3.3/psoc creator/import/gnu/arm/4.9.3/bin/../lib/gcc/arm-none-eabi/4.9.3/../../../../arm-none-eabi/lib/armv7-m\libc_nano.a
END GROUP
START GROUP
LOAD c:/program files (x86)/cypress/psoc creator/3.3/psoc creator/import/gnu/arm/4.9.3/bin/../lib/gcc/arm-none-eabi/4.9.3/armv7-m\libgcc.a
LOAD c:/program files (x86)/cypress/psoc creator/3.3/psoc creator/import/gnu/arm/4.9.3/bin/../lib/gcc/arm-none-eabi/4.9.3/../../../../arm-none-eabi/lib/armv7-m\libc_nano.a
END GROUP
LOAD c:/program files (x86)/cypress/psoc creator/3.3/psoc creator/import/gnu/arm/4.9.3/bin/../lib/gcc/arm-none-eabi/4.9.3/armv7-m/crtend.o
LOAD c:/program files (x86)/cypress/psoc creator/3.3/psoc creator/import/gnu/arm/4.9.3/bin/../lib/gcc/arm-none-eabi/4.9.3/armv7-m/crtn.o
START GROUP
LOAD c:/program files (x86)/cypress/psoc creator/3.3/psoc creator/import/gnu/arm/4.9.3/bin/../lib/gcc/arm-none-eabi/4.9.3/armv7-m\libgcc.a
LOAD c:/program files (x86)/cypress/psoc creator/3.3/psoc creator/import/gnu/arm/4.9.3/bin/../lib/gcc/arm-none-eabi/4.9.3/../../../../arm-none-eabi/lib/armv7-m\libc.a
LOAD c:/program files (x86)/cypress/psoc creator/3.3/psoc creator/import/gnu/arm/4.9.3/bin/../lib/gcc/arm-none-eabi/4.9.3/../../../../arm-none-eabi/lib/armv7-m\libnosys.a
END GROUP
                0x00000000                CY_APPL_ORIGIN = 0x0
                0x00000100                CY_FLASH_ROW_SIZE = 0x100
                0x00000020                CY_ECC_ROW_SIZE = 0x20
                0x00000000                CY_EE_IN_BTLDR = 0x0
                0x00000000                CY_APPL_LOADABLE = 0x0
                0x00000800                CY_EE_SIZE = 0x800
                0x00000001                CY_APPL_NUM = 0x1
                0x00000001                CY_APPL_MAX = 0x1
                0x00000040                CY_METADATA_SIZE = 0x40
                0x00000000                CY_APPL_LOADABLE = 0x0
                0x00000000                CY_CHECKSUM_EXCLUDE_SIZE = ALIGN (0x0, CY_FLASH_ROW_SIZE)
                0x1fff8168                PROVIDE (__cy_heap_start, _end)
                0x00000001                PROVIDE (__cy_region_num, ((__cy_regions_end - __cy_regions) / 0x10))
                0x20008000                PROVIDE (__cy_stack, (ORIGIN (ram) + 0x10000))
                0x20007800                PROVIDE (__cy_heap_end, (__cy_stack - 0x800))

.cybootloader   0x00000000        0x0
 *(.cybootloader)
                0x00000000                appl1_start = CY_APPL_ORIGIN?CY_APPL_ORIGIN:ALIGN (CY_FLASH_ROW_SIZE)
                0x0001ff00                appl2_start = (appl1_start + ALIGN ((((0x40000 - appl1_start) - (0x2 * CY_FLASH_ROW_SIZE)) / 0x2), CY_FLASH_ROW_SIZE))
                0x00000000                appl_start = (CY_APPL_NUM == 0x1)?appl1_start:appl2_start
                0x00000000                ecc_offset = ((appl_start / CY_FLASH_ROW_SIZE) * CY_ECC_ROW_SIZE)
                0x00000000                ee_offset = (CY_APPL_LOADABLE && ! (CY_EE_IN_BTLDR))?((CY_EE_SIZE / CY_APPL_MAX) * (CY_APPL_NUM - 0x1)):0x0
                0x00000800                ee_size = (CY_APPL_LOADABLE && ! (CY_EE_IN_BTLDR))?(CY_EE_SIZE / CY_APPL_MAX):CY_EE_SIZE
                0x00000000                PROVIDE (CY_ECC_OFFSET, ecc_offset)

.text           0x00000000      0xcdc
 CREATE_OBJECT_SYMBOLS
                0x00000000                PROVIDE (__cy_interrupt_vector, RomVectors)
 *(.romvectors)
 .romvectors    0x00000000       0x10 .\ARM_GCC_493\Debug\Cm3Start.o
                0x00000000                RomVectors
                0x00000001                ASSERT ((. != __cy_interrupt_vector), No interrupt vector)
                0x00000001                ASSERT (CY_APPL_ORIGIN?(SIZEOF (.cybootloader) <= CY_APPL_ORIGIN):0x1, Wrong image location)
                0x00000010                PROVIDE (__cy_reset, Reset)
 *(.text.Reset)
 .text.Reset    0x00000010       0x18 .\ARM_GCC_493\Debug\Cm3Start.o
                0x00000010                Reset
                0x00000001                ASSERT ((. != __cy_reset), No reset code)
 *(.dma_init)
 .dma_init      0x00000028      0x1bd .\ARM_GCC_493\Debug\SPI_Design01.a(cyfitter_cfg.o)
                0x00000001                ASSERT ((((appl_start + .) <= 0x10000) || 0x0), DMA Init must be within the first 64k of flash)
 *(.text .text.* .gnu.linkonce.t.*)
 *fill*         0x000001e5        0x3 
 .text          0x000001e8       0x5c c:/program files (x86)/cypress/psoc creator/3.3/psoc creator/import/gnu/arm/4.9.3/bin/../lib/gcc/arm-none-eabi/4.9.3/armv7-m/crtbegin.o
 .text.MCP41010_Write
                0x00000244       0x22 .\ARM_GCC_493\Debug\main.o
                0x00000244                MCP41010_Write
 *fill*         0x00000266        0x2 
 .text.startup.main
                0x00000268       0x64 .\ARM_GCC_493\Debug\main.o
                0x00000268                main
 .text.IntDefaultHandler
                0x000002cc        0x2 .\ARM_GCC_493\Debug\Cm3Start.o
                0x000002cc                IntDefaultHandler
 *fill*         0x000002ce        0x2 
 .text.Start_c  0x000002d0       0x50 .\ARM_GCC_493\Debug\Cm3Start.o
                0x000002d0                Start_c
 .text.startup.initialize_psoc
                0x00000320       0x70 .\ARM_GCC_493\Debug\Cm3Start.o
                0x00000320                initialize_psoc
 .text.cyfitter_cfg
                0x00000390      0x244 .\ARM_GCC_493\Debug\SPI_Design01.a(cyfitter_cfg.o)
                0x00000390                cyfitter_cfg
 .text.SPIM_Enable
                0x000005d4       0x3c .\ARM_GCC_493\Debug\SPI_Design01.a(SPIM.o)
                0x000005d4                SPIM_Enable
 .text.SPIM_ReadTxStatus
                0x00000610       0x30 .\ARM_GCC_493\Debug\SPI_Design01.a(SPIM.o)
                0x00000610                SPIM_ReadTxStatus
 .text.SPIM_ReadRxStatus
                0x00000640       0x30 .\ARM_GCC_493\Debug\SPI_Design01.a(SPIM.o)
                0x00000640                SPIM_ReadRxStatus
 .text.SPIM_WriteTxData
                0x00000670       0xc0 .\ARM_GCC_493\Debug\SPI_Design01.a(SPIM.o)
                0x00000670                SPIM_WriteTxData
 .text.SPIM_ClearFIFO
                0x00000730       0x3c .\ARM_GCC_493\Debug\SPI_Design01.a(SPIM.o)
                0x00000730                SPIM_ClearFIFO
 .text.SPIM_Init
                0x0000076c       0x90 .\ARM_GCC_493\Debug\SPI_Design01.a(SPIM.o)
                0x0000076c                SPIM_Init
 .text.SPIM_Start
                0x000007fc       0x1c .\ARM_GCC_493\Debug\SPI_Design01.a(SPIM.o)
                0x000007fc                SPIM_Start
 .text.SPIM_TX_ISR
                0x00000818       0x90 .\ARM_GCC_493\Debug\SPI_Design01.a(SPIM_INT.o)
                0x00000818                SPIM_TX_ISR
 .text.SPIM_RX_ISR
                0x000008a8       0x80 .\ARM_GCC_493\Debug\SPI_Design01.a(SPIM_INT.o)
                0x000008a8                SPIM_RX_ISR
 .text.LCD_WrCntrlNib
                0x00000928       0x34 .\ARM_GCC_493\Debug\SPI_Design01.a(LCD.o)
 .text.LCD_WrDatNib
                0x0000095c       0x44 .\ARM_GCC_493\Debug\SPI_Design01.a(LCD.o)
 .text.LCD_IsReady
                0x000009a0       0xe8 .\ARM_GCC_493\Debug\SPI_Design01.a(LCD.o)
                0x000009a0                LCD_IsReady
 .text.LCD_WriteData
                0x00000a88       0x1a .\ARM_GCC_493\Debug\SPI_Design01.a(LCD.o)
                0x00000a88                LCD_WriteData
 .text.LCD_PrintString
                0x00000aa2       0x18 .\ARM_GCC_493\Debug\SPI_Design01.a(LCD.o)
                0x00000aa2                LCD_PrintString
 .text.LCD_WriteControl
                0x00000aba       0x1a .\ARM_GCC_493\Debug\SPI_Design01.a(LCD.o)
                0x00000aba                LCD_WriteControl
 .text.LCD_Init
                0x00000ad4       0x6c .\ARM_GCC_493\Debug\SPI_Design01.a(LCD.o)
                0x00000ad4                LCD_Init
 .text.LCD_Enable
                0x00000b40       0x14 .\ARM_GCC_493\Debug\SPI_Design01.a(LCD.o)
                0x00000b40                LCD_Enable
 .text.LCD_Start
                0x00000b54       0x1c .\ARM_GCC_493\Debug\SPI_Design01.a(LCD.o)
                0x00000b54                LCD_Start
 .text.LCD_Position
                0x00000b70       0x2a .\ARM_GCC_493\Debug\SPI_Design01.a(LCD.o)
                0x00000b70                LCD_Position
 *fill*         0x00000b9a        0x2 
 .text.LCD_PrintInt8
                0x00000b9c       0x20 .\ARM_GCC_493\Debug\SPI_Design01.a(LCD.o)
                0x00000b9c                LCD_PrintInt8
 *fill*         0x00000bbc        0x4 
 .text          0x00000bc0       0x58 .\ARM_GCC_493\Debug\SPI_Design01.a(CyBootAsmGnu.o)
                0x00000bc0                CyDelayCycles
                0x00000bfe                CyEnterCriticalSection
                0x00000c06                CyExitCriticalSection
 .text.CyDelay  0x00000c18       0x28 .\ARM_GCC_493\Debug\SPI_Design01.a(CyLib.o)
                0x00000c18                CyDelay
 .text.CyDelayUs
                0x00000c40       0x10 .\ARM_GCC_493\Debug\SPI_Design01.a(CyLib.o)
                0x00000c40                CyDelayUs
 .text.CyIntSetVector
                0x00000c50       0x20 .\ARM_GCC_493\Debug\SPI_Design01.a(CyLib.o)
                0x00000c50                CyIntSetVector
 .text.CyIntSetPriority
                0x00000c70       0x20 .\ARM_GCC_493\Debug\SPI_Design01.a(CyLib.o)
                0x00000c70                CyIntSetPriority
 .text.__libc_init_array
                0x00000c90       0x4c c:/program files (x86)/cypress/psoc creator/3.3/psoc creator/import/gnu/arm/4.9.3/bin/../lib/gcc/arm-none-eabi/4.9.3/../../../../arm-none-eabi/lib/armv7-m\libg_nano.a(lib_a-init.o)
                0x00000c90                __libc_init_array
 *(.plt)
 *(.gnu.warning)
 *(.glue_7t)
 .glue_7t       0x00000000        0x0 linker stubs
 *(.glue_7)
 .glue_7        0x00000000        0x0 linker stubs
 *(.vfp11_veneer)
 .vfp11_veneer  0x00000000        0x0 linker stubs
 *(.bootloader)
 *(.ARM.extab* .gnu.linkonce.armextab.*)
 *(.gcc_except_table)

.v4_bx          0x00000cdc        0x0
 .v4_bx         0x00000000        0x0 linker stubs

.iplt           0x00000cdc        0x0
 .iplt          0x00000000        0x0 c:/program files (x86)/cypress/psoc creator/3.3/psoc creator/import/gnu/arm/4.9.3/bin/../lib/gcc/arm-none-eabi/4.9.3/armv7-m/crtbegin.o

.eh_frame_hdr
 *(.eh_frame_hdr)

.eh_frame       0x00000cdc        0x4
 *(.eh_frame)
 .eh_frame      0x00000cdc        0x0 c:/program files (x86)/cypress/psoc creator/3.3/psoc creator/import/gnu/arm/4.9.3/bin/../lib/gcc/arm-none-eabi/4.9.3/armv7-m/crtbegin.o
 .eh_frame      0x00000cdc        0x4 c:/program files (x86)/cypress/psoc creator/3.3/psoc creator/import/gnu/arm/4.9.3/bin/../lib/gcc/arm-none-eabi/4.9.3/armv7-m/crtend.o
                0x00000ce0                PROVIDE (__exidx_start, .)

.ARM.exidx
 *(.ARM.exidx* .gnu.linkonce.armexidx.*)
                0x00000ce0                __exidx_end = .

.rodata         0x00000ce0      0x118
 *(.rodata .rodata.* .gnu.linkonce.r.*)
 .rodata.str1.1
                0x00000ce0        0x7 .\ARM_GCC_493\Debug\main.o
 *fill*         0x00000ce7        0x1 
 .rodata        0x00000ce8       0xcc .\ARM_GCC_493\Debug\SPI_Design01.a(cyfitter_cfg.o)
 .rodata        0x00000db4       0x10 .\ARM_GCC_493\Debug\SPI_Design01.a(LCD.o)
                0x00000dc4                . = ALIGN (0x4)
 *(.init)
 .init          0x00000dc4        0x4 c:/program files (x86)/cypress/psoc creator/3.3/psoc creator/import/gnu/arm/4.9.3/bin/../lib/gcc/arm-none-eabi/4.9.3/armv7-m/crti.o
                0x00000dc4                _init
 .init          0x00000dc8        0x8 c:/program files (x86)/cypress/psoc creator/3.3/psoc creator/import/gnu/arm/4.9.3/bin/../lib/gcc/arm-none-eabi/4.9.3/armv7-m/crtn.o
                0x00000dd0                . = ALIGN (0x4)
                0x00000dd0                __preinit_array_start = .
 *(.preinit_array)
                0x00000dd0                __preinit_array_end = .
                0x00000dd0                . = ALIGN (0x4)
                0x00000dd0                __init_array_start = .
 *(SORT(.init_array.*))
 *(.init_array)
 .init_array    0x00000dd0        0x4 c:/program files (x86)/cypress/psoc creator/3.3/psoc creator/import/gnu/arm/4.9.3/bin/../lib/gcc/arm-none-eabi/4.9.3/armv7-m/crtbegin.o
 .init_array    0x00000dd4        0x4 .\ARM_GCC_493\Debug\Cm3Start.o
                0x00000dd8                __init_array_end = .
                0x00000dd8                . = ALIGN (0x4)
 *(.fini)
 .fini          0x00000dd8        0x4 c:/program files (x86)/cypress/psoc creator/3.3/psoc creator/import/gnu/arm/4.9.3/bin/../lib/gcc/arm-none-eabi/4.9.3/armv7-m/crti.o
                0x00000dd8                _fini
 .fini          0x00000ddc        0x8 c:/program files (x86)/cypress/psoc creator/3.3/psoc creator/import/gnu/arm/4.9.3/bin/../lib/gcc/arm-none-eabi/4.9.3/armv7-m/crtn.o
                0x00000de4                . = ALIGN (0x4)
                0x00000de4                __fini_array_start = .
 *(.fini_array)
 .fini_array    0x00000de4        0x4 c:/program files (x86)/cypress/psoc creator/3.3/psoc creator/import/gnu/arm/4.9.3/bin/../lib/gcc/arm-none-eabi/4.9.3/armv7-m/crtbegin.o
 *(SORT(.fini_array.*))
                0x00000de8                __fini_array_end = .
                0x00000de8                . = ALIGN (0x4)
 *crtbegin.o(.ctors)
 *(EXCLUDE_FILE(*crtend.o) .ctors)
 *(SORT(.ctors.*))
 *crtend.o(.ctors)
                0x00000de8                . = ALIGN (0x4)
 *crtbegin.o(.dtors)
 *(EXCLUDE_FILE(*crtend.o) .dtors)
 *(SORT(.dtors.*))
 *crtend.o(.dtors)
                0x00000de8                . = ALIGN (0x4)
                0x00000de8                __cy_regions = .
                0x00000de8        0x4 LONG 0xdf8 __cy_region_init_ram
                0x00000dec        0x4 LONG 0x1fff8108 __cy_region_start_data
                0x00000df0        0x4 LONG 0x18 __cy_region_init_size_ram
                0x00000df4        0x4 LONG 0x48 __cy_region_zero_size_ram
                0x00000df8                __cy_regions_end = .
                0x00000df8                . = ALIGN (0x8)
                0x00000df8                _etext = .

.cy_checksum_exclude
                0x00000df8        0x0
 *(.cy_checksum_exclude)

.ramvectors     0x1fff8000      0x100
                0x1fff8000                __cy_region_start_ram = .
 *(.ramvectors)
 .ramvectors    0x1fff8000      0x100 .\ARM_GCC_493\Debug\Cm3Start.o
                0x1fff8000                CyRamVectors

.noinit         0x1fff8100        0x5
 *(.noinit)
 .noinit        0x1fff8100        0x4 .\ARM_GCC_493\Debug\Cm3Start.o
 .noinit        0x1fff8104        0x1 .\ARM_GCC_493\Debug\SPI_Design01.a(CyLib.o)
                0x1fff8104                CyResetStatus

.data           0x1fff8108       0x18 load address 0x00000df8
                0x1fff8108                __cy_region_start_data = .
 *(.jcr)
 .jcr           0x1fff8108        0x0 c:/program files (x86)/cypress/psoc creator/3.3/psoc creator/import/gnu/arm/4.9.3/bin/../lib/gcc/arm-none-eabi/4.9.3/armv7-m/crtbegin.o
 .jcr           0x1fff8108        0x4 c:/program files (x86)/cypress/psoc creator/3.3/psoc creator/import/gnu/arm/4.9.3/bin/../lib/gcc/arm-none-eabi/4.9.3/armv7-m/crtend.o
 *(.got.plt)
 *(.got)
 *(.shdata)
 *(.data .data.* .gnu.linkonce.d.*)
 .data          0x1fff810c       0x10 .\ARM_GCC_493\Debug\SPI_Design01.a(CyLib.o)
                0x1fff810c                cydelay_32k_ms
                0x1fff8110                cydelay_freq_khz
                0x1fff8114                cydelay_freq_mhz
                0x1fff8118                cydelay_freq_hz
                0x1fff8120                . = ALIGN (0x8)
 *fill*         0x1fff811c        0x4 
 *(.ram)
                0x1fff8120                _edata = .

.igot.plt       0x1fff8120        0x0 load address 0x00000e10
 .igot.plt      0x00000000        0x0 c:/program files (x86)/cypress/psoc creator/3.3/psoc creator/import/gnu/arm/4.9.3/bin/../lib/gcc/arm-none-eabi/4.9.3/armv7-m/crtbegin.o

.bss            0x1fff8120       0x48 load address 0x00000e10
                0x1fff8120                PROVIDE (__bss_start__, .)
 *(.shbss)
 *(.bss .bss.* .gnu.linkonce.b.*)
 .bss           0x1fff8120       0x1c c:/program files (x86)/cypress/psoc creator/3.3/psoc creator/import/gnu/arm/4.9.3/bin/../lib/gcc/arm-none-eabi/4.9.3/armv7-m/crtbegin.o
 *fill*         0x1fff813c        0x4 
 .bss           0x1fff8140        0x8 .\ARM_GCC_493\Debug\SPI_Design01.a(cyfitter_cfg.o)
 .bss           0x1fff8148        0x1 .\ARM_GCC_493\Debug\SPI_Design01.a(SPIM.o)
                0x1fff8148                SPIM_initVar
 .bss           0x1fff8149        0x2 .\ARM_GCC_493\Debug\SPI_Design01.a(LCD.o)
                0x1fff8149                LCD_enableState
                0x1fff814a                LCD_initVar
 *(COMMON)
 COMMON         0x1fff814b       0x18 .\ARM_GCC_493\Debug\SPI_Design01.a(SPIM.o)
                0x1fff814b                SPIM_rxBufferFull
                0x1fff814c                SPIM_txBuffer
                0x1fff8154                SPIM_swStatusTx
                0x1fff8155                SPIM_rxBuffer
                0x1fff815d                SPIM_txBufferFull
                0x1fff815e                SPIM_txBufferRead
                0x1fff815f                SPIM_rxBufferWrite
                0x1fff8160                SPIM_txBufferWrite
                0x1fff8161                SPIM_rxBufferRead
                0x1fff8162                SPIM_swStatusRx
                0x1fff8168                . = ALIGN (0x8)
 *fill*         0x1fff8163        0x5 
 *(.ram.b)
                0x1fff8168                _end = .
                0x1fff8168                __end = .
                0x1fff8168                PROVIDE (end, .)
                0x1fff8168                PROVIDE (__bss_end__, .)
                0x00000df8                __cy_region_init_ram = LOADADDR (.data)
                0x00000018                __cy_region_init_size_ram = (_edata - ADDR (.data))
                0x00000048                __cy_region_zero_size_ram = (_end - _edata)

.heap           0x1fff8168       0x80 load address 0x00000e10
                0x1fff8168                . = _end
                0x1fff81e8                . = (. + 0x80)
 *fill*         0x1fff8168       0x80 
                0x1fff81e8                __cy_heap_limit = .

.stack          0x20007800      0x800
                0x20007800                __cy_stack_limit = .
                0x20008000                . = (. + 0x800)
 *fill*         0x20007800      0x800 
                0x00000001                ASSERT ((__cy_stack_limit >= __cy_heap_limit), region RAM overflowed with stack)
                0x00000000                cy_checksum_exclude_size = (CY_APPL_LOADABLE == 0x1)?SIZEOF (.cy_checksum_exclude):0x0
                0x00000001                ASSERT ((cy_checksum_exclude_size <= CY_CHECKSUM_EXCLUDE_SIZE), CY_BOOT: Section .cy_checksum_exclude size exceedes specified limit.)

.cyloadermeta
 *(.cyloadermeta)

.cyloadablemeta
 *(.cyloadablemeta)

.cyconfigecc    0x80000000      0xc80
 *(.cyconfigecc)
 .cyconfigecc   0x80000000      0xc80 .\ARM_GCC_493\Debug\cymetadata.o
                0x80000000                cy_meta_configecc

.cycustnvl      0x90000000        0x4
 *(.cycustnvl)
 .cycustnvl     0x90000000        0x4 .\ARM_GCC_493\Debug\cymetadata.o
                0x90000000                cy_meta_custnvl

.cywolatch      0x90100000        0x4
 *(.cywolatch)
 .cywolatch     0x90100000        0x4 .\ARM_GCC_493\Debug\cymetadata.o
                0x90100000                cy_meta_wonvl

.cyeeprom       0x90200000        0x0
 *(.cyeeprom)
                0x00000001                ASSERT ((. <= ((0x90200000 + ee_offset) + ee_size)), .cyeeprom data will not fit in EEPROM)

.cyflashprotect
                0x90400000      0x100
 *(.cyflashprotect)
 .cyflashprotect
                0x90400000      0x100 .\ARM_GCC_493\Debug\cymetadata.o
                0x90400000                cy_meta_flashprotect

.cymeta         0x90500000        0xc
 *(.cymeta)
 .cymeta        0x90500000        0xc .\ARM_GCC_493\Debug\cymetadata.o
                0x90500000                cy_metadata

.rel.dyn        0x00000e10        0x0 load address 0x9050000c
 .rel.iplt      0x00000000        0x0 c:/program files (x86)/cypress/psoc creator/3.3/psoc creator/import/gnu/arm/4.9.3/bin/../lib/gcc/arm-none-eabi/4.9.3/armv7-m/crtbegin.o

.stab
 *(.stab)

.stabstr
 *(.stabstr)

.debug
 *(.debug)

.line
 *(.line)

.debug_srcinfo
 *(.debug_srcinfo)

.debug_sfnames
 *(.debug_sfnames)

.debug_aranges  0x00000000      0x658
 *(.debug_aranges)
 .debug_aranges
                0x00000000       0x28 .\ARM_GCC_493\Debug\main.o
 .debug_aranges
                0x00000028       0x18 .\ARM_GCC_493\Debug\cymetadata.o
 .debug_aranges
                0x00000040       0x48 .\ARM_GCC_493\Debug\Cm3Start.o
 .debug_aranges
                0x00000088       0x28 .\ARM_GCC_493\Debug\SPI_Design01.a(cyfitter_cfg.o)
 .debug_aranges
                0x000000b0       0xd8 .\ARM_GCC_493\Debug\SPI_Design01.a(SPIM.o)
 .debug_aranges
                0x00000188       0x28 .\ARM_GCC_493\Debug\SPI_Design01.a(SPIM_INT.o)
 .debug_aranges
                0x000001b0       0x98 .\ARM_GCC_493\Debug\SPI_Design01.a(LCD.o)
 .debug_aranges
                0x00000248       0x20 .\ARM_GCC_493\Debug\SPI_Design01.a(CyBootAsmGnu.o)
 .debug_aranges
                0x00000268      0x290 .\ARM_GCC_493\Debug\SPI_Design01.a(CyLib.o)
 .debug_aranges
                0x000004f8       0x78 .\ARM_GCC_493\Debug\SPI_Design01.a(cyPm.o)
 .debug_aranges
                0x00000570       0x70 .\ARM_GCC_493\Debug\SPI_Design01.a(CyFlash.o)
 .debug_aranges
                0x000005e0       0x78 .\ARM_GCC_493\Debug\SPI_Design01.a(CySpc.o)

.debug_pubnames
 *(.debug_pubnames)

.debug_info     0x00000000     0x4902
 *(.debug_info .gnu.linkonce.wi.*)
 .debug_info    0x00000000      0x2e3 .\ARM_GCC_493\Debug\main.o
 .debug_info    0x000002e3      0x13f .\ARM_GCC_493\Debug\cymetadata.o
 .debug_info    0x00000422      0x3a5 .\ARM_GCC_493\Debug\Cm3Start.o
 .debug_info    0x000007c7      0x613 .\ARM_GCC_493\Debug\SPI_Design01.a(cyfitter_cfg.o)
 .debug_info    0x00000dda      0x7c1 .\ARM_GCC_493\Debug\SPI_Design01.a(SPIM.o)
 .debug_info    0x0000159b      0x186 .\ARM_GCC_493\Debug\SPI_Design01.a(SPIM_INT.o)
 .debug_info    0x00001721      0x704 .\ARM_GCC_493\Debug\SPI_Design01.a(LCD.o)
 .debug_info    0x00001e25       0x96 .\ARM_GCC_493\Debug\SPI_Design01.a(CyBootAsmGnu.o)
 .debug_info    0x00001ebb     0x14f3 .\ARM_GCC_493\Debug\SPI_Design01.a(CyLib.o)
 .debug_info    0x000033ae      0x9e2 .\ARM_GCC_493\Debug\SPI_Design01.a(cyPm.o)
 .debug_info    0x00003d90      0x682 .\ARM_GCC_493\Debug\SPI_Design01.a(CyFlash.o)
 .debug_info    0x00004412      0x4f0 .\ARM_GCC_493\Debug\SPI_Design01.a(CySpc.o)

.debug_abbrev   0x00000000     0x147d
 *(.debug_abbrev)
 .debug_abbrev  0x00000000      0x140 .\ARM_GCC_493\Debug\main.o
 .debug_abbrev  0x00000140       0x77 .\ARM_GCC_493\Debug\cymetadata.o
 .debug_abbrev  0x000001b7      0x20f .\ARM_GCC_493\Debug\Cm3Start.o
 .debug_abbrev  0x000003c6      0x1ef .\ARM_GCC_493\Debug\SPI_Design01.a(cyfitter_cfg.o)
 .debug_abbrev  0x000005b5      0x1e4 .\ARM_GCC_493\Debug\SPI_Design01.a(SPIM.o)
 .debug_abbrev  0x00000799       0x8a .\ARM_GCC_493\Debug\SPI_Design01.a(SPIM_INT.o)
 .debug_abbrev  0x00000823      0x1fc .\ARM_GCC_493\Debug\SPI_Design01.a(LCD.o)
 .debug_abbrev  0x00000a1f       0x14 .\ARM_GCC_493\Debug\SPI_Design01.a(CyBootAsmGnu.o)
 .debug_abbrev  0x00000a33      0x3e9 .\ARM_GCC_493\Debug\SPI_Design01.a(CyLib.o)
 .debug_abbrev  0x00000e1c      0x222 .\ARM_GCC_493\Debug\SPI_Design01.a(cyPm.o)
 .debug_abbrev  0x0000103e      0x270 .\ARM_GCC_493\Debug\SPI_Design01.a(CyFlash.o)
 .debug_abbrev  0x000012ae      0x1cf .\ARM_GCC_493\Debug\SPI_Design01.a(CySpc.o)

.debug_line     0x00000000     0x1c49
 *(.debug_line)
 .debug_line    0x00000000      0x1c5 .\ARM_GCC_493\Debug\main.o
 .debug_line    0x000001c5       0x53 .\ARM_GCC_493\Debug\cymetadata.o
 .debug_line    0x00000218      0x21e .\ARM_GCC_493\Debug\Cm3Start.o
 .debug_line    0x00000436      0x1a5 .\ARM_GCC_493\Debug\SPI_Design01.a(cyfitter_cfg.o)
 .debug_line    0x000005db      0x30d .\ARM_GCC_493\Debug\SPI_Design01.a(SPIM.o)
 .debug_line    0x000008e8       0xaa .\ARM_GCC_493\Debug\SPI_Design01.a(SPIM_INT.o)
 .debug_line    0x00000992      0x219 .\ARM_GCC_493\Debug\SPI_Design01.a(LCD.o)
 .debug_line    0x00000bab       0x7f .\ARM_GCC_493\Debug\SPI_Design01.a(CyBootAsmGnu.o)
 .debug_line    0x00000c2a      0x869 .\ARM_GCC_493\Debug\SPI_Design01.a(CyLib.o)
 .debug_line    0x00001493      0x3c8 .\ARM_GCC_493\Debug\SPI_Design01.a(cyPm.o)
 .debug_line    0x0000185b      0x1ca .\ARM_GCC_493\Debug\SPI_Design01.a(CyFlash.o)
 .debug_line    0x00001a25      0x224 .\ARM_GCC_493\Debug\SPI_Design01.a(CySpc.o)

.debug_frame    0x00000000     0x119c
 *(.debug_frame)
 .debug_frame   0x00000000       0x4c .\ARM_GCC_493\Debug\main.o
 .debug_frame   0x0000004c       0xac .\ARM_GCC_493\Debug\Cm3Start.o
 .debug_frame   0x000000f8       0x40 .\ARM_GCC_493\Debug\SPI_Design01.a(cyfitter_cfg.o)
 .debug_frame   0x00000138      0x228 .\ARM_GCC_493\Debug\SPI_Design01.a(SPIM.o)
 .debug_frame   0x00000360       0x4c .\ARM_GCC_493\Debug\SPI_Design01.a(SPIM_INT.o)
 .debug_frame   0x000003ac      0x1f8 .\ARM_GCC_493\Debug\SPI_Design01.a(LCD.o)
 .debug_frame   0x000005a4      0x6e0 .\ARM_GCC_493\Debug\SPI_Design01.a(CyLib.o)
 .debug_frame   0x00000c84      0x1c8 .\ARM_GCC_493\Debug\SPI_Design01.a(cyPm.o)
 .debug_frame   0x00000e4c      0x154 .\ARM_GCC_493\Debug\SPI_Design01.a(CyFlash.o)
 .debug_frame   0x00000fa0      0x168 .\ARM_GCC_493\Debug\SPI_Design01.a(CySpc.o)
 .debug_frame   0x00001108       0x20 c:/program files (x86)/cypress/psoc creator/3.3/psoc creator/import/gnu/arm/4.9.3/bin/../lib/gcc/arm-none-eabi/4.9.3/../../../../arm-none-eabi/lib/armv7-m\libg_nano.a(lib_a-errno.o)
 .debug_frame   0x00001128       0x28 c:/program files (x86)/cypress/psoc creator/3.3/psoc creator/import/gnu/arm/4.9.3/bin/../lib/gcc/arm-none-eabi/4.9.3/../../../../arm-none-eabi/lib/armv7-m\libg_nano.a(lib_a-exit.o)
 .debug_frame   0x00001150       0x2c c:/program files (x86)/cypress/psoc creator/3.3/psoc creator/import/gnu/arm/4.9.3/bin/../lib/gcc/arm-none-eabi/4.9.3/../../../../arm-none-eabi/lib/armv7-m\libg_nano.a(lib_a-init.o)
 .debug_frame   0x0000117c       0x20 c:/program files (x86)/cypress/psoc creator/3.3/psoc creator/import/gnu/arm/4.9.3/bin/../lib/gcc/arm-none-eabi/4.9.3/../../../../arm-none-eabi/lib/armv7-m\libg_nano.a(lib_a-memset.o)

.debug_str      0x00000000     0x1722
 *(.debug_str)
 .debug_str     0x00000000      0x1f7 .\ARM_GCC_493\Debug\main.o
                                0x238 (size before relaxing)
 .debug_str     0x000001f7       0x77 .\ARM_GCC_493\Debug\cymetadata.o
                                0x1f0 (size before relaxing)
 .debug_str     0x0000026e      0x160 .\ARM_GCC_493\Debug\Cm3Start.o
                                0x304 (size before relaxing)
 .debug_str     0x000003ce      0x16f .\ARM_GCC_493\Debug\SPI_Design01.a(cyfitter_cfg.o)
                                0x30d (size before relaxing)
 .debug_str     0x0000053d      0x305 .\ARM_GCC_493\Debug\SPI_Design01.a(SPIM.o)
                                0x4be (size before relaxing)
 .debug_str     0x00000842       0x3c .\ARM_GCC_493\Debug\SPI_Design01.a(SPIM_INT.o)
                                0x275 (size before relaxing)
 .debug_str     0x0000087e      0x137 .\ARM_GCC_493\Debug\SPI_Design01.a(LCD.o)
                                0x325 (size before relaxing)
 .debug_str     0x000009b5      0x7c6 .\ARM_GCC_493\Debug\SPI_Design01.a(CyLib.o)
                                0xa29 (size before relaxing)
 .debug_str     0x0000117b      0x35b .\ARM_GCC_493\Debug\SPI_Design01.a(cyPm.o)
                                0x721 (size before relaxing)
 .debug_str     0x000014d6      0x197 .\ARM_GCC_493\Debug\SPI_Design01.a(CyFlash.o)
                                0x39b (size before relaxing)
 .debug_str     0x0000166d       0xb5 .\ARM_GCC_493\Debug\SPI_Design01.a(CySpc.o)
                                0x324 (size before relaxing)

.debug_loc      0x00000000     0x1f41
 *(.debug_loc)
 .debug_loc     0x00000000       0x70 .\ARM_GCC_493\Debug\main.o
 .debug_loc     0x00000070      0x1b4 .\ARM_GCC_493\Debug\Cm3Start.o
 .debug_loc     0x00000224       0xc0 .\ARM_GCC_493\Debug\SPI_Design01.a(cyfitter_cfg.o)
 .debug_loc     0x000002e4      0x1d1 .\ARM_GCC_493\Debug\SPI_Design01.a(SPIM.o)
 .debug_loc     0x000004b5       0x69 .\ARM_GCC_493\Debug\SPI_Design01.a(SPIM_INT.o)
 .debug_loc     0x0000051e      0x3c0 .\ARM_GCC_493\Debug\SPI_Design01.a(LCD.o)
 .debug_loc     0x000008de      0xb26 .\ARM_GCC_493\Debug\SPI_Design01.a(CyLib.o)
 .debug_loc     0x00001404      0x1bd .\ARM_GCC_493\Debug\SPI_Design01.a(cyPm.o)
 .debug_loc     0x000015c1      0x391 .\ARM_GCC_493\Debug\SPI_Design01.a(CyFlash.o)
 .debug_loc     0x00001952      0x5ef .\ARM_GCC_493\Debug\SPI_Design01.a(CySpc.o)

.debug_macinfo
 *(.debug_macinfo)

.debug_ranges   0x00000000      0x6b8
 *(.debug_ranges)
 .debug_ranges  0x00000000       0x18 .\ARM_GCC_493\Debug\main.o
 .debug_ranges  0x00000018       0x38 .\ARM_GCC_493\Debug\Cm3Start.o
 .debug_ranges  0x00000050       0x80 .\ARM_GCC_493\Debug\SPI_Design01.a(cyfitter_cfg.o)
 .debug_ranges  0x000000d0      0x110 .\ARM_GCC_493\Debug\SPI_Design01.a(SPIM.o)
 .debug_ranges  0x000001e0       0x18 .\ARM_GCC_493\Debug\SPI_Design01.a(SPIM_INT.o)
 .debug_ranges  0x000001f8       0xb8 .\ARM_GCC_493\Debug\SPI_Design01.a(LCD.o)
 .debug_ranges  0x000002b0      0x298 .\ARM_GCC_493\Debug\SPI_Design01.a(CyLib.o)
 .debug_ranges  0x00000548       0x90 .\ARM_GCC_493\Debug\SPI_Design01.a(cyPm.o)
 .debug_ranges  0x000005d8       0x78 .\ARM_GCC_493\Debug\SPI_Design01.a(CyFlash.o)
 .debug_ranges  0x00000650       0x68 .\ARM_GCC_493\Debug\SPI_Design01.a(CySpc.o)

.comment        0x00000000       0x70
 .comment       0x00000000       0x70 .\ARM_GCC_493\Debug\main.o
                                 0x71 (size before relaxing)
 .comment       0x00000000       0x71 .\ARM_GCC_493\Debug\cymetadata.o
 .comment       0x00000000       0x71 .\ARM_GCC_493\Debug\Cm3Start.o
 .comment       0x00000000       0x71 .\ARM_GCC_493\Debug\SPI_Design01.a(cyfitter_cfg.o)
 .comment       0x00000000       0x71 .\ARM_GCC_493\Debug\SPI_Design01.a(SPIM.o)
 .comment       0x00000000       0x71 .\ARM_GCC_493\Debug\SPI_Design01.a(SPIM_INT.o)
 .comment       0x00000000       0x71 .\ARM_GCC_493\Debug\SPI_Design01.a(LCD.o)
 .comment       0x00000000       0x71 .\ARM_GCC_493\Debug\SPI_Design01.a(CyLib.o)
 .comment       0x00000000       0x71 .\ARM_GCC_493\Debug\SPI_Design01.a(cyPm.o)
 .comment       0x00000000       0x71 .\ARM_GCC_493\Debug\SPI_Design01.a(CyFlash.o)
 .comment       0x00000000       0x71 .\ARM_GCC_493\Debug\SPI_Design01.a(CySpc.o)

.debug_weaknames
 *(.debug_weaknames)

.debug_funcnames
 *(.debug_funcnames)

.debug_typenames
 *(.debug_typenames)

.debug_varnames
 *(.debug_varnames)

.note.gnu.arm.ident
 *(.note.gnu.arm.ident)

.ARM.attributes
                0x00000000       0x29
 *(.ARM.attributes)
 .ARM.attributes
                0x00000000       0x1d c:/program files (x86)/cypress/psoc creator/3.3/psoc creator/import/gnu/arm/4.9.3/bin/../lib/gcc/arm-none-eabi/4.9.3/armv7-m/crti.o
 .ARM.attributes
                0x0000001d       0x2d c:/program files (x86)/cypress/psoc creator/3.3/psoc creator/import/gnu/arm/4.9.3/bin/../lib/gcc/arm-none-eabi/4.9.3/armv7-m/crtbegin.o
 .ARM.attributes
                0x0000004a       0x1b c:/program files (x86)/cypress/psoc creator/3.3/psoc creator/import/gnu/arm/4.9.3/bin/../lib/gcc/arm-none-eabi/4.9.3/../../../../arm-none-eabi/lib/armv7-m/crt0.o
 .ARM.attributes
                0x00000065       0x33 .\ARM_GCC_493\Debug\main.o
 .ARM.attributes
                0x00000098       0x33 .\ARM_GCC_493\Debug\cymetadata.o
 .ARM.attributes
                0x000000cb       0x33 .\ARM_GCC_493\Debug\Cm3Start.o
 .ARM.attributes
                0x000000fe       0x33 .\ARM_GCC_493\Debug\SPI_Design01.a(cyfitter_cfg.o)
 .ARM.attributes
                0x00000131       0x33 .\ARM_GCC_493\Debug\SPI_Design01.a(SPIM.o)
 .ARM.attributes
                0x00000164       0x33 .\ARM_GCC_493\Debug\SPI_Design01.a(SPIM_INT.o)
 .ARM.attributes
                0x00000197       0x33 .\ARM_GCC_493\Debug\SPI_Design01.a(LCD.o)
 .ARM.attributes
                0x000001ca       0x21 .\ARM_GCC_493\Debug\SPI_Design01.a(CyBootAsmGnu.o)
 .ARM.attributes
                0x000001eb       0x33 .\ARM_GCC_493\Debug\SPI_Design01.a(CyLib.o)
 .ARM.attributes
                0x0000021e       0x33 .\ARM_GCC_493\Debug\SPI_Design01.a(cyPm.o)
 .ARM.attributes
                0x00000251       0x33 .\ARM_GCC_493\Debug\SPI_Design01.a(CyFlash.o)
 .ARM.attributes
                0x00000284       0x33 .\ARM_GCC_493\Debug\SPI_Design01.a(CySpc.o)
 .ARM.attributes
                0x000002b7       0x2d c:/program files (x86)/cypress/psoc creator/3.3/psoc creator/import/gnu/arm/4.9.3/bin/../lib/gcc/arm-none-eabi/4.9.3/../../../../arm-none-eabi/lib/armv7-m\libg_nano.a(lib_a-errno.o)
 .ARM.attributes
                0x000002e4       0x2d c:/program files (x86)/cypress/psoc creator/3.3/psoc creator/import/gnu/arm/4.9.3/bin/../lib/gcc/arm-none-eabi/4.9.3/../../../../arm-none-eabi/lib/armv7-m\libg_nano.a(lib_a-exit.o)
 .ARM.attributes
                0x00000311       0x2d c:/program files (x86)/cypress/psoc creator/3.3/psoc creator/import/gnu/arm/4.9.3/bin/../lib/gcc/arm-none-eabi/4.9.3/../../../../arm-none-eabi/lib/armv7-m\libg_nano.a(lib_a-impure.o)
 .ARM.attributes
                0x0000033e       0x2d c:/program files (x86)/cypress/psoc creator/3.3/psoc creator/import/gnu/arm/4.9.3/bin/../lib/gcc/arm-none-eabi/4.9.3/../../../../arm-none-eabi/lib/armv7-m\libg_nano.a(lib_a-init.o)
 .ARM.attributes
                0x0000036b       0x2d c:/program files (x86)/cypress/psoc creator/3.3/psoc creator/import/gnu/arm/4.9.3/bin/../lib/gcc/arm-none-eabi/4.9.3/../../../../arm-none-eabi/lib/armv7-m\libg_nano.a(lib_a-memset.o)
 .ARM.attributes
                0x00000398       0x2d c:/program files (x86)/cypress/psoc creator/3.3/psoc creator/import/gnu/arm/4.9.3/bin/../lib/gcc/arm-none-eabi/4.9.3/armv7-m/crtend.o
 .ARM.attributes
                0x000003c5       0x1d c:/program files (x86)/cypress/psoc creator/3.3/psoc creator/import/gnu/arm/4.9.3/bin/../lib/gcc/arm-none-eabi/4.9.3/armv7-m/crtn.o

/DISCARD/
 *(.note.GNU-stack)
OUTPUT(.\ARM_GCC_493\Debug\SPI_Design01.elf elf32-littlearm)
