Archive member included because of file (symbol)

.\CortexM3\ARM_GCC_493\Debug\HelloWorld_Blinky02.a(cyfitter_cfg.o)
                              .\CortexM3\ARM_GCC_493\Debug\Cm3Start.o (cyfitter_cfg)
.\CortexM3\ARM_GCC_493\Debug\HelloWorld_Blinky02.a(LCD_Char.o)
                              .\CortexM3\ARM_GCC_493\Debug\main.o (LCD_Char_Start)
.\CortexM3\ARM_GCC_493\Debug\HelloWorld_Blinky02.a(PWM.o)
                              .\CortexM3\ARM_GCC_493\Debug\main.o (PWM_Start)
.\CortexM3\ARM_GCC_493\Debug\HelloWorld_Blinky02.a(CyBootAsmGnu.o)
                              .\CortexM3\ARM_GCC_493\Debug\HelloWorld_Blinky02.a(cyfitter_cfg.o) (CyDelayCycles)
.\CortexM3\ARM_GCC_493\Debug\HelloWorld_Blinky02.a(CyLib.o)
                              .\CortexM3\ARM_GCC_493\Debug\Cm3Start.o (CyResetStatus)
.\CortexM3\ARM_GCC_493\Debug\HelloWorld_Blinky02.a(cyPm.o)
                              .\CortexM3\ARM_GCC_493\Debug\HelloWorld_Blinky02.a(CyLib.o) (CyPmReadStatus)
.\CortexM3\ARM_GCC_493\Debug\HelloWorld_Blinky02.a(ADC_SAR_1.o)
                              .\CortexM3\ARM_GCC_493\Debug\main.o (ADC_SAR_1_GetResult16)
.\CortexM3\ARM_GCC_493\Debug\HelloWorld_Blinky02.a(ADC_SAR_1_INT.o)
                              .\CortexM3\ARM_GCC_493\Debug\HelloWorld_Blinky02.a(ADC_SAR_1.o) (ADC_SAR_1_ISR)
.\CortexM3\ARM_GCC_493\Debug\HelloWorld_Blinky02.a(ADC_SAR_1_theACLK.o)
                              .\CortexM3\ARM_GCC_493\Debug\HelloWorld_Blinky02.a(ADC_SAR_1.o) (ADC_SAR_1_theACLK_SetModeRegister)
.\CortexM3\ARM_GCC_493\Debug\HelloWorld_Blinky02.a(CyFlash.o)
                              .\CortexM3\ARM_GCC_493\Debug\HelloWorld_Blinky02.a(cyPm.o) (CyFlash_SetWaitCycles)
.\CortexM3\ARM_GCC_493\Debug\HelloWorld_Blinky02.a(CySpc.o)
                              .\CortexM3\ARM_GCC_493\Debug\HelloWorld_Blinky02.a(CyFlash.o) (CySpcStart)
c:/program files (x86)/cypress/psoc creator/3.3/psoc creator/import/gnu/arm/4.9.3/bin/../lib/gcc/arm-none-eabi/4.9.3/armv7-m\libgcc.a(_arm_addsubsf3.o)
                              .\CortexM3\ARM_GCC_493\Debug\HelloWorld_Blinky02.a(ADC_SAR_1.o) (__aeabi_i2f)
c:/program files (x86)/cypress/psoc creator/3.3/psoc creator/import/gnu/arm/4.9.3/bin/../lib/gcc/arm-none-eabi/4.9.3/armv7-m\libgcc.a(_arm_muldivsf3.o)
                              .\CortexM3\ARM_GCC_493\Debug\HelloWorld_Blinky02.a(ADC_SAR_1.o) (__aeabi_fmul)
c:/program files (x86)/cypress/psoc creator/3.3/psoc creator/import/gnu/arm/4.9.3/bin/../lib/gcc/arm-none-eabi/4.9.3/armv7-m\libgcc.a(_aeabi_ldivmod.o)
                              .\CortexM3\ARM_GCC_493\Debug\HelloWorld_Blinky02.a(ADC_SAR_1.o) (__aeabi_ldivmod)
c:/program files (x86)/cypress/psoc creator/3.3/psoc creator/import/gnu/arm/4.9.3/bin/../lib/gcc/arm-none-eabi/4.9.3/armv7-m\libgcc.a(bpabi.o)
                              c:/program files (x86)/cypress/psoc creator/3.3/psoc creator/import/gnu/arm/4.9.3/bin/../lib/gcc/arm-none-eabi/4.9.3/armv7-m\libgcc.a(_aeabi_ldivmod.o) (__gnu_ldivmod_helper)
c:/program files (x86)/cypress/psoc creator/3.3/psoc creator/import/gnu/arm/4.9.3/bin/../lib/gcc/arm-none-eabi/4.9.3/armv7-m\libgcc.a(_dvmd_tls.o)
                              c:/program files (x86)/cypress/psoc creator/3.3/psoc creator/import/gnu/arm/4.9.3/bin/../lib/gcc/arm-none-eabi/4.9.3/armv7-m\libgcc.a(_aeabi_ldivmod.o) (__aeabi_ldiv0)
c:/program files (x86)/cypress/psoc creator/3.3/psoc creator/import/gnu/arm/4.9.3/bin/../lib/gcc/arm-none-eabi/4.9.3/armv7-m\libgcc.a(_divdi3.o)
                              c:/program files (x86)/cypress/psoc creator/3.3/psoc creator/import/gnu/arm/4.9.3/bin/../lib/gcc/arm-none-eabi/4.9.3/armv7-m\libgcc.a(bpabi.o) (__divdi3)
c:/program files (x86)/cypress/psoc creator/3.3/psoc creator/import/gnu/arm/4.9.3/bin/../lib/gcc/arm-none-eabi/4.9.3/armv7-m\libgcc.a(_udivdi3.o)
                              c:/program files (x86)/cypress/psoc creator/3.3/psoc creator/import/gnu/arm/4.9.3/bin/../lib/gcc/arm-none-eabi/4.9.3/armv7-m\libgcc.a(bpabi.o) (__udivdi3)
c:/program files (x86)/cypress/psoc creator/3.3/psoc creator/import/gnu/arm/4.9.3/bin/../lib/gcc/arm-none-eabi/4.9.3/../../../../arm-none-eabi/lib/armv7-m\libg_nano.a(lib_a-errno.o)
                              .\CortexM3\ARM_GCC_493\Debug\Cm3Start.o (__errno)
c:/program files (x86)/cypress/psoc creator/3.3/psoc creator/import/gnu/arm/4.9.3/bin/../lib/gcc/arm-none-eabi/4.9.3/../../../../arm-none-eabi/lib/armv7-m\libg_nano.a(lib_a-exit.o)
                              c:/program files (x86)/cypress/psoc creator/3.3/psoc creator/import/gnu/arm/4.9.3/bin/../lib/gcc/arm-none-eabi/4.9.3/../../../../arm-none-eabi/lib/armv7-m/crt0.o (exit)
c:/program files (x86)/cypress/psoc creator/3.3/psoc creator/import/gnu/arm/4.9.3/bin/../lib/gcc/arm-none-eabi/4.9.3/../../../../arm-none-eabi/lib/armv7-m\libg_nano.a(lib_a-impure.o)
[...]
Memory Configuration

Name             Origin             Length             Attributes
rom              0x00000000         0x00040000         xr
ram              0x1fff8000         0x00010000         xrw
*default*        0x00000000         0xffffffff

Linker script and memory map

LOAD c:/program files (x86)/cypress/psoc creator/3.3/psoc creator/import/gnu/arm/4.9.3/bin/../lib/gcc/arm-none-eabi/4.9.3/armv7-m/crti.o
LOAD c:/program files (x86)/cypress/psoc creator/3.3/psoc creator/import/gnu/arm/4.9.3/bin/../lib/gcc/arm-none-eabi/4.9.3/armv7-m/crtbegin.o
LOAD c:/program files (x86)/cypress/psoc creator/3.3/psoc creator/import/gnu/arm/4.9.3/bin/../lib/gcc/arm-none-eabi/4.9.3/../../../../arm-none-eabi/lib/armv7-m/crt0.o
START GROUP
LOAD .\CortexM3\ARM_GCC_493\Debug\main.o
LOAD .\CortexM3\ARM_GCC_493\Debug\cymetadata.o
LOAD .\CortexM3\ARM_GCC_493\Debug\Cm3Start.o
LOAD .\CortexM3\ARM_GCC_493\Debug\HelloWorld_Blinky02.a
LOAD C:\Program Files (x86)\Cypress\PSoC Creator\3.3\PSoC Creator\psoc\content\cycomponentlibrary\CyComponentLibrary.cylib\CortexM3\ARM_GCC_493\Debug\CyComponentLibrary.a
END GROUP
START GROUP
LOAD c:/program files (x86)/cypress/psoc creator/3.3/psoc creator/import/gnu/arm/4.9.3/bin/../lib/gcc/arm-none-eabi/4.9.3/armv7-m\libgcc.a
LOAD c:/program files (x86)/cypress/psoc creator/3.3/psoc creator/import/gnu/arm/4.9.3/bin/../lib/gcc/arm-none-eabi/4.9.3/../../../../arm-none-eabi/lib/armv7-m\libg_nano.a
LOAD c:/program files (x86)/cypress/psoc creator/3.3/psoc creator/import/gnu/arm/4.9.3/bin/../lib/gcc/arm-none-eabi/4.9.3/../../../../arm-none-eabi/lib/armv7-m\libc_nano.a
END GROUP
START GROUP
LOAD c:/program files (x86)/cypress/psoc creator/3.3/psoc creator/import/gnu/arm/4.9.3/bin/../lib/gcc/arm-none-eabi/4.9.3/armv7-m\libgcc.a
LOAD c:/program files (x86)/cypress/psoc creator/3.3/psoc creator/import/gnu/arm/4.9.3/bin/../lib/gcc/arm-none-eabi/4.9.3/../../../../arm-none-eabi/lib/armv7-m\libc_nano.a
END GROUP
LOAD c:/program files (x86)/cypress/psoc creator/3.3/psoc creator/import/gnu/arm/4.9.3/bin/../lib/gcc/arm-none-eabi/4.9.3/armv7-m/crtend.o
LOAD c:/program files (x86)/cypress/psoc creator/3.3/psoc creator/import/gnu/arm/4.9.3/bin/../lib/gcc/arm-none-eabi/4.9.3/armv7-m/crtn.o
START GROUP
LOAD c:/program files (x86)/cypress/psoc creator/3.3/psoc creator/import/gnu/arm/4.9.3/bin/../lib/gcc/arm-none-eabi/4.9.3/armv7-m\libgcc.a
LOAD c:/program files (x86)/cypress/psoc creator/3.3/psoc creator/import/gnu/arm/4.9.3/bin/../lib/gcc/arm-none-eabi/4.9.3/../../../../arm-none-eabi/lib/armv7-m\libc.a
LOAD c:/program files (x86)/cypress/psoc creator/3.3/psoc creator/import/gnu/arm/4.9.3/bin/../lib/gcc/arm-none-eabi/4.9.3/../../../../arm-none-eabi/lib/armv7-m\libnosys.a
END GROUP
                0x00000000                CY_APPL_ORIGIN = 0x0
                0x00000100                CY_FLASH_ROW_SIZE = 0x100
                0x00000020                CY_ECC_ROW_SIZE = 0x20
                0x00000000                CY_EE_IN_BTLDR = 0x0
                0x00000000                CY_APPL_LOADABLE = 0x0
                0x00000800                CY_EE_SIZE = 0x800
                0x00000001                CY_APPL_NUM = 0x1
                0x00000001                CY_APPL_MAX = 0x1
                0x00000040                CY_METADATA_SIZE = 0x40
                0x00000000                CY_APPL_LOADABLE = 0x0
                0x00000000                CY_CHECKSUM_EXCLUDE_SIZE = ALIGN (0x0, CY_FLASH_ROW_SIZE)
                0x1fff81c0                PROVIDE (__cy_heap_start, _end)
                0x00000001                PROVIDE (__cy_region_num, ((__cy_regions_end - __cy_regions) / 0x10))
                0x20008000                PROVIDE (__cy_stack, (ORIGIN (ram) + 0x10000))
                0x20007800                PROVIDE (__cy_heap_end, (__cy_stack - 0x800))

.cybootloader   0x00000000        0x0
 *(.cybootloader)
                0x00000000                appl1_start = CY_APPL_ORIGIN?CY_APPL_ORIGIN:ALIGN (CY_FLASH_ROW_SIZE)
                0x0001ff00                appl2_start = (appl1_start + ALIGN ((((0x40000 - appl1_start) - (0x2 * CY_FLASH_ROW_SIZE)) / 0x2), CY_FLASH_ROW_SIZE))
                0x00000000                appl_start = (CY_APPL_NUM == 0x1)?appl1_start:appl2_start
                0x00000000                ecc_offset = ((appl_start / CY_FLASH_ROW_SIZE) * CY_ECC_ROW_SIZE)
                0x00000000                ee_offset = (CY_APPL_LOADABLE && ! (CY_EE_IN_BTLDR))?((CY_EE_SIZE / CY_APPL_MAX) * (CY_APPL_NUM - 0x1)):0x0
                0x00000800                ee_size = (CY_APPL_LOADABLE && ! (CY_EE_IN_BTLDR))?(CY_EE_SIZE / CY_APPL_MAX):CY_EE_SIZE
                0x00000000                PROVIDE (CY_ECC_OFFSET, ecc_offset)

.text           0x00000000     0x14d8
 CREATE_OBJECT_SYMBOLS
                0x00000000                PROVIDE (__cy_interrupt_vector, RomVectors)
 *(.romvectors)
 .romvectors    0x00000000       0x10 .\CortexM3\ARM_GCC_493\Debug\Cm3Start.o
                0x00000000                RomVectors
                0x00000001                ASSERT ((. != __cy_interrupt_vector), No interrupt vector)
                0x00000001                ASSERT (CY_APPL_ORIGIN?(SIZEOF (.cybootloader) <= CY_APPL_ORIGIN):0x1, Wrong image location)
                0x00000010                PROVIDE (__cy_reset, Reset)
 *(.text.Reset)
 .text.Reset    0x00000010       0x18 .\CortexM3\ARM_GCC_493\Debug\Cm3Start.o
                0x00000010                Reset
                0x00000001                ASSERT ((. != __cy_reset), No reset code)
 *(.dma_init)
                0x00000001                ASSERT ((((appl_start + .) <= 0x10000) || 0x1), DMA Init must be within the first 64k of flash)
 *(.text .text.* .gnu.linkonce.t.*)
 .text          0x00000028       0x5c c:/program files (x86)/cypress/psoc creator/3.3/psoc creator/import/gnu/arm/4.9.3/bin/../lib/gcc/arm-none-eabi/4.9.3/armv7-m/crtbegin.o
 .text.main     0x00000084       0x54 .\CortexM3\ARM_GCC_493\Debug\main.o
                0x00000084                main
 .text.IntDefaultHandler
                0x000000d8        0x8 .\CortexM3\ARM_GCC_493\Debug\Cm3Start.o
                0x000000d8                IntDefaultHandler
 .text._sbrk    0x000000e0       0x50 .\CortexM3\ARM_GCC_493\Debug\Cm3Start.o
                0x000000e0                _sbrk
 .text.Start_c  0x00000130       0x98 .\CortexM3\ARM_GCC_493\Debug\Cm3Start.o
                0x00000130                Start_c
 .text.initialize_psoc
                0x000001c8       0x8c .\CortexM3\ARM_GCC_493\Debug\Cm3Start.o
                0x000001c8                initialize_psoc
 .text.CYMEMZERO
                0x00000254       0x1c .\CortexM3\ARM_GCC_493\Debug\HelloWorld_Blinky02.a(cyfitter_cfg.o)
 .text.CYCONFIGCPY
                0x00000270       0x1c .\CortexM3\ARM_GCC_493\Debug\HelloWorld_Blinky02.a(cyfitter_cfg.o)
 .text.CYCONFIGCPYCODE
                0x0000028c       0x1c .\CortexM3\ARM_GCC_493\Debug\HelloWorld_Blinky02.a(cyfitter_cfg.o)
 .text.CyClockStartupError
                0x000002a8        0xc .\CortexM3\ARM_GCC_493\Debug\HelloWorld_Blinky02.a(cyfitter_cfg.o)
 .text.cfg_write_bytes32
                0x000002b4       0x74 .\CortexM3\ARM_GCC_493\Debug\HelloWorld_Blinky02.a(cyfitter_cfg.o)
 .text.ClockSetup
                0x00000328      0x114 .\CortexM3\ARM_GCC_493\Debug\HelloWorld_Blinky02.a(cyfitter_cfg.o)
 .text.AnalogSetDefault
                0x0000043c       0xac .\CortexM3\ARM_GCC_493\Debug\HelloWorld_Blinky02.a(cyfitter_cfg.o)
 .text.cyfitter_cfg
                0x000004e8      0x148 .\CortexM3\ARM_GCC_493\Debug\HelloWorld_Blinky02.a(cyfitter_cfg.o)
                0x000004e8                cyfitter_cfg
 .text.LCD_Char_Init
                0x00000630       0x6c .\CortexM3\ARM_GCC_493\Debug\HelloWorld_Blinky02.a(LCD_Char.o)
                0x00000630                LCD_Char_Init
 .text.LCD_Char_Enable
                0x0000069c       0x18 .\CortexM3\ARM_GCC_493\Debug\HelloWorld_Blinky02.a(LCD_Char.o)
                0x0000069c                LCD_Char_Enable
 .text.LCD_Char_Start
                0x000006b4       0x20 .\CortexM3\ARM_GCC_493\Debug\HelloWorld_Blinky02.a(LCD_Char.o)
                0x000006b4                LCD_Char_Start
 .text.LCD_Char_PrintString
                0x000006d4       0x38 .\CortexM3\ARM_GCC_493\Debug\HelloWorld_Blinky02.a(LCD_Char.o)
                0x000006d4                LCD_Char_PrintString
 .text.LCD_Char_WriteData
                0x0000070c       0x34 .\CortexM3\ARM_GCC_493\Debug\HelloWorld_Blinky02.a(LCD_Char.o)
                0x0000070c                LCD_Char_WriteData
 .text.LCD_Char_WriteControl
                0x00000740       0x34 .\CortexM3\ARM_GCC_493\Debug\HelloWorld_Blinky02.a(LCD_Char.o)
                0x00000740                LCD_Char_WriteControl
 .text.LCD_Char_IsReady
                0x00000774      0x178 .\CortexM3\ARM_GCC_493\Debug\HelloWorld_Blinky02.a(LCD_Char.o)
                0x00000774                LCD_Char_IsReady
 .text.LCD_Char_WrDatNib
                0x000008ec       0x78 .\CortexM3\ARM_GCC_493\Debug\HelloWorld_Blinky02.a(LCD_Char.o)
 .text.LCD_Char_WrCntrlNib
                0x00000964       0x60 .\CortexM3\ARM_GCC_493\Debug\HelloWorld_Blinky02.a(LCD_Char.o)
 .text.PWM_Start
                0x000009c4       0x20 .\CortexM3\ARM_GCC_493\Debug\HelloWorld_Blinky02.a(PWM.o)
                0x000009c4                PWM_Start
 .text.PWM_Init
                0x000009e4       0xc0 .\CortexM3\ARM_GCC_493\Debug\HelloWorld_Blinky02.a(PWM.o)
                0x000009e4                PWM_Init
 .text.PWM_Enable
                0x00000aa4       0x48 .\CortexM3\ARM_GCC_493\Debug\HelloWorld_Blinky02.a(PWM.o)
                0x00000aa4                PWM_Enable
 .text.PWM_WritePeriod
                0x00000aec       0x20 .\CortexM3\ARM_GCC_493\Debug\HelloWorld_Blinky02.a(PWM.o)
                0x00000aec                PWM_WritePeriod
 .text.PWM_WriteCompare
                0x00000b0c       0x20 .\CortexM3\ARM_GCC_493\Debug\HelloWorld_Blinky02.a(PWM.o)
                0x00000b0c                PWM_WriteCompare
 .text.PWM_SetInterruptMode
                0x00000b2c       0x20 .\CortexM3\ARM_GCC_493\Debug\HelloWorld_Blinky02.a(PWM.o)
                0x00000b2c                PWM_SetInterruptMode
 *fill*         0x00000b4c        0x4 
 .text          0x00000b50       0x58 .\CortexM3\ARM_GCC_493\Debug\HelloWorld_Blinky02.a(CyBootAsmGnu.o)
                0x00000b50                CyDelayCycles
                0x00000b8e                CyEnterCriticalSection
                0x00000b96                CyExitCriticalSection
 .text.CyDelay  0x00000ba8       0x44 .\CortexM3\ARM_GCC_493\Debug\HelloWorld_Blinky02.a(CyLib.o)
                0x00000ba8                CyDelay
 .text.CyDelayUs
                0x00000bec       0x24 .\CortexM3\ARM_GCC_493\Debug\HelloWorld_Blinky02.a(CyLib.o)
                0x00000bec                CyDelayUs
 .text.ADC_SAR_1_GetResult16
                0x00000c10       0x34 .\CortexM3\ARM_GCC_493\Debug\HelloWorld_Blinky02.a(ADC_SAR_1.o)
                0x00000c10                ADC_SAR_1_GetResult16
 .text.__errno  0x00000c44        0xc c:/program files (x86)/cypress/psoc creator/3.3/psoc creator/import/gnu/arm/4.9.3/bin/../lib/gcc/arm-none-eabi/4.9.3/../../../../arm-none-eabi/lib/armv7-m\libg_nano.a(lib_a-errno.o)
                0x00000c44                __errno
 .text.__libc_init_array
                0x00000c50       0x4c c:/program files (x86)/cypress/psoc creator/3.3/psoc creator/import/gnu/arm/4.9.3/bin/../lib/gcc/arm-none-eabi/4.9.3/../../../../arm-none-eabi/lib/armv7-m\libg_nano.a(lib_a-init.o)
                0x00000c50                __libc_init_array
 .text.memcpy   0x00000c9c       0x16 c:/program files (x86)/cypress/psoc creator/3.3/psoc creator/import/gnu/arm/4.9.3/bin/../lib/gcc/arm-none-eabi/4.9.3/../../../../arm-none-eabi/lib/armv7-m\libg_nano.a(lib_a-memcpy.o)
                0x00000c9c                memcpy
 .text.memset   0x00000cb2       0x10 c:/program files (x86)/cypress/psoc creator/3.3/psoc creator/import/gnu/arm/4.9.3/bin/../lib/gcc/arm-none-eabi/4.9.3/../../../../arm-none-eabi/lib/armv7-m\libg_nano.a(lib_a-memset.o)
                0x00000cb2                memset
 *fill*         0x00000cc2        0x2 
 .text.sprintf  0x00000cc4       0x48 c:/program files (x86)/cypress/psoc creator/3.3/psoc creator/import/gnu/arm/4.9.3/bin/../lib/gcc/arm-none-eabi/4.9.3/../../../../arm-none-eabi/lib/armv7-m\libg_nano.a(lib_a-sprintf.o)
                0x00000cc4                siprintf
                0x00000cc4                sprintf
 .text.__ssputs_r
                0x00000d0c       0xb2 c:/program files (x86)/cypress/psoc creator/3.3/psoc creator/import/gnu/arm/4.9.3/bin/../lib/gcc/arm-none-eabi/4.9.3/../../../../arm-none-eabi/lib/armv7-m\libg_nano.a(lib_a-nano-svfprintf.o)
                0x00000d0c                __ssputs_r
 *fill*         0x00000dbe        0x2 
 .text._svfprintf_r
                0x00000dc0      0x1e4 c:/program files (x86)/cypress/psoc creator/3.3/psoc creator/import/gnu/arm/4.9.3/bin/../lib/gcc/arm-none-eabi/4.9.3/../../../../arm-none-eabi/lib/armv7-m\libg_nano.a(lib_a-nano-svfprintf.o)
                0x00000dc0                _svfiprintf_r
                0x00000dc0                _svfprintf_r
 .text._printf_common
                0x00000fa4       0xea c:/program files (x86)/cypress/psoc creator/3.3/psoc creator/import/gnu/arm/4.9.3/bin/../lib/gcc/arm-none-eabi/4.9.3/../../../../arm-none-eabi/lib/armv7-m\libg_nano.a(lib_a-nano-vfprintf_i.o)
                0x00000fa4                _printf_common
 *fill*         0x0000108e        0x2 
 .text._printf_i
                0x00001090      0x240 c:/program files (x86)/cypress/psoc creator/3.3/psoc creator/import/gnu/arm/4.9.3/bin/../lib/gcc/arm-none-eabi/4.9.3/../../../../arm-none-eabi/lib/armv7-m\libg_nano.a(lib_a-nano-vfprintf_i.o)
                0x00001090                _printf_i
 .text.memchr   0x000012d0       0x1c c:/program files (x86)/cypress/psoc creator/3.3/psoc creator/import/gnu/arm/4.9.3/bin/../lib/gcc/arm-none-eabi/4.9.3/../../../../arm-none-eabi/lib/armv7-m\libg_nano.a(lib_a-memchr.o)
                0x000012d0                memchr
 .text.memmove  0x000012ec       0x36 c:/program files (x86)/cypress/psoc creator/3.3/psoc creator/import/gnu/arm/4.9.3/bin/../lib/gcc/arm-none-eabi/4.9.3/../../../../arm-none-eabi/lib/armv7-m\libg_nano.a(lib_a-memmove.o)
                0x000012ec                memmove
 *fill*         0x00001322        0x2 
 .text._free_r  0x00001324       0x88 c:/program files (x86)/cypress/psoc creator/3.3/psoc creator/import/gnu/arm/4.9.3/bin/../lib/gcc/arm-none-eabi/4.9.3/../../../../arm-none-eabi/lib/armv7-m\libg_nano.a(lib_a-nano-freer.o)
                0x00001324                _free_r
 .text._malloc_r
                0x000013ac       0xac c:/program files (x86)/cypress/psoc creator/3.3/psoc creator/import/gnu/arm/4.9.3/bin/../lib/gcc/arm-none-eabi/4.9.3/../../../../arm-none-eabi/lib/armv7-m\libg_nano.a(lib_a-nano-mallocr.o)
                0x000013ac                _malloc_r
 .text._realloc_r
                0x00001458       0x4c c:/program files (x86)/cypress/psoc creator/3.3/psoc creator/import/gnu/arm/4.9.3/bin/../lib/gcc/arm-none-eabi/4.9.3/../../../../arm-none-eabi/lib/armv7-m\libg_nano.a(lib_a-nano-reallocr.o)
                0x00001458                _realloc_r
 .text._sbrk_r  0x000014a4       0x20 c:/program files (x86)/cypress/psoc creator/3.3/psoc creator/import/gnu/arm/4.9.3/bin/../lib/gcc/arm-none-eabi/4.9.3/../../../../arm-none-eabi/lib/armv7-m\libg_nano.a(lib_a-sbrkr.o)
                0x000014a4                _sbrk_r
 .text._malloc_usable_size_r
                0x000014c4       0x14 c:/program files (x86)/cypress/psoc creator/3.3/psoc creator/import/gnu/arm/4.9.3/bin/../lib/gcc/arm-none-eabi/4.9.3/../../../../arm-none-eabi/lib/armv7-m\libg_nano.a(lib_a-nano-msizer.o)
                0x000014c4                _malloc_usable_size_r
 *(.plt)
 *(.gnu.warning)
 *(.glue_7t)
 .glue_7t       0x00000000        0x0 linker stubs
 *(.glue_7)
 .glue_7        0x00000000        0x0 linker stubs
 *(.vfp11_veneer)
 .vfp11_veneer  0x00000000        0x0 linker stubs
 *(.bootloader)
 *(.ARM.extab* .gnu.linkonce.armextab.*)
 *(.gcc_except_table)

.v4_bx          0x000014d8        0x0
 .v4_bx         0x00000000        0x0 linker stubs

.iplt           0x000014d8        0x0
 .iplt          0x00000000        0x0 c:/program files (x86)/cypress/psoc creator/3.3/psoc creator/import/gnu/arm/4.9.3/bin/../lib/gcc/arm-none-eabi/4.9.3/armv7-m/crtbegin.o

.eh_frame_hdr
 *(.eh_frame_hdr)

.eh_frame       0x000014d8        0x4
 *(.eh_frame)
 .eh_frame      0x000014d8        0x0 c:/program files (x86)/cypress/psoc creator/3.3/psoc creator/import/gnu/arm/4.9.3/bin/../lib/gcc/arm-none-eabi/4.9.3/armv7-m/crtbegin.o
 .eh_frame      0x000014d8        0x4 c:/program files (x86)/cypress/psoc creator/3.3/psoc creator/import/gnu/arm/4.9.3/bin/../lib/gcc/arm-none-eabi/4.9.3/armv7-m/crtend.o
                0x000014dc                PROVIDE (__exidx_start, .)

.ARM.exidx
 *(.ARM.exidx* .gnu.linkonce.armexidx.*)
                0x000014dc                __exidx_end = .

.rodata         0x000014dc      0x184
 *(.rodata .rodata.* .gnu.linkonce.r.*)
 .rodata        0x000014dc        0x4 .\CortexM3\ARM_GCC_493\Debug\main.o
 .rodata        0x000014e0      0x110 .\CortexM3\ARM_GCC_493\Debug\HelloWorld_Blinky02.a(cyfitter_cfg.o)
 .rodata.str1.1
                0x000015f0        0x2 c:/program files (x86)/cypress/psoc creator/3.3/psoc creator/import/gnu/arm/4.9.3/bin/../lib/gcc/arm-none-eabi/4.9.3/../../../../arm-none-eabi/lib/armv7-m\libg_nano.a(lib_a-impure.o)
 .rodata.str1.1
                0x000015f2       0x11 c:/program files (x86)/cypress/psoc creator/3.3/psoc creator/import/gnu/arm/4.9.3/bin/../lib/gcc/arm-none-eabi/4.9.3/../../../../arm-none-eabi/lib/armv7-m\libg_nano.a(lib_a-nano-svfprintf.o)
 .rodata.str1.1
                0x00001603       0x22 c:/program files (x86)/cypress/psoc creator/3.3/psoc creator/import/gnu/arm/4.9.3/bin/../lib/gcc/arm-none-eabi/4.9.3/../../../../arm-none-eabi/lib/armv7-m\libg_nano.a(lib_a-nano-vfprintf_i.o)
                0x00001628                . = ALIGN (0x4)
 *fill*         0x00001625        0x3 
 *(.init)
 .init          0x00001628        0x4 c:/program files (x86)/cypress/psoc creator/3.3/psoc creator/import/gnu/arm/4.9.3/bin/../lib/gcc/arm-none-eabi/4.9.3/armv7-m/crti.o
                0x00001628                _init
 .init          0x0000162c        0x8 c:/program files (x86)/cypress/psoc creator/3.3/psoc creator/import/gnu/arm/4.9.3/bin/../lib/gcc/arm-none-eabi/4.9.3/armv7-m/crtn.o
                0x00001634                . = ALIGN (0x4)
                0x00001634                __preinit_array_start = .
 *(.preinit_array)
                0x00001634                __preinit_array_end = .
                0x00001634                . = ALIGN (0x4)
                0x00001634                __init_array_start = .
 *(SORT(.init_array.*))
 *(.init_array)
 .init_array    0x00001634        0x4 c:/program files (x86)/cypress/psoc creator/3.3/psoc creator/import/gnu/arm/4.9.3/bin/../lib/gcc/arm-none-eabi/4.9.3/armv7-m/crtbegin.o
 .init_array    0x00001638        0x4 .\CortexM3\ARM_GCC_493\Debug\Cm3Start.o
                0x0000163c                __init_array_end = .
                0x0000163c                . = ALIGN (0x4)
 *(.fini)
 .fini          0x0000163c        0x4 c:/program files (x86)/cypress/psoc creator/3.3/psoc creator/import/gnu/arm/4.9.3/bin/../lib/gcc/arm-none-eabi/4.9.3/armv7-m/crti.o
                0x0000163c                _fini
 .fini          0x00001640        0x8 c:/program files (x86)/cypress/psoc creator/3.3/psoc creator/import/gnu/arm/4.9.3/bin/../lib/gcc/arm-none-eabi/4.9.3/armv7-m/crtn.o
                0x00001648                . = ALIGN (0x4)
                0x00001648                __fini_array_start = .
 *(.fini_array)
 .fini_array    0x00001648        0x4 c:/program files (x86)/cypress/psoc creator/3.3/psoc creator/import/gnu/arm/4.9.3/bin/../lib/gcc/arm-none-eabi/4.9.3/armv7-m/crtbegin.o
 *(SORT(.fini_array.*))
                0x0000164c                __fini_array_end = .
                0x0000164c                . = ALIGN (0x4)
 *crtbegin.o(.ctors)
 *(EXCLUDE_FILE(*crtend.o) .ctors)
 *(SORT(.ctors.*))
 *crtend.o(.ctors)
                0x0000164c                . = ALIGN (0x4)
 *crtbegin.o(.dtors)
 *(EXCLUDE_FILE(*crtend.o) .dtors)
 *(SORT(.dtors.*))
 *crtend.o(.dtors)
                0x0000164c                . = ALIGN (0x4)
                0x0000164c                __cy_regions = .
                0x0000164c        0x4 LONG 0x1660 __cy_region_init_ram
                0x00001650        0x4 LONG 0x1fff8108 __cy_region_start_data
                0x00001654        0x4 LONG 0x80 __cy_region_init_size_ram
                0x00001658        0x4 LONG 0x38 __cy_region_zero_size_ram
                0x0000165c                __cy_regions_end = .
                0x00001660                . = ALIGN (0x8)
 *fill*         0x0000165c        0x4 
                0x00001660                _etext = .

.cy_checksum_exclude
                0x00001660        0x0
 *(.cy_checksum_exclude)

.ramvectors     0x1fff8000      0x100
                0x1fff8000                __cy_region_start_ram = .
 *(.ramvectors)
 .ramvectors    0x1fff8000      0x100 .\CortexM3\ARM_GCC_493\Debug\Cm3Start.o
                0x1fff8000                CyRamVectors

.noinit         0x1fff8100        0x5
 *(.noinit)
 .noinit        0x1fff8100        0x4 .\CortexM3\ARM_GCC_493\Debug\Cm3Start.o
 .noinit        0x1fff8104        0x1 .\CortexM3\ARM_GCC_493\Debug\HelloWorld_Blinky02.a(CyLib.o)
                0x1fff8104                CyResetStatus

.data           0x1fff8108       0x80 load address 0x00001660
                0x1fff8108                __cy_region_start_data = .
 *(.jcr)
 .jcr           0x1fff8108        0x0 c:/program files (x86)/cypress/psoc creator/3.3/psoc creator/import/gnu/arm/4.9.3/bin/../lib/gcc/arm-none-eabi/4.9.3/armv7-m/crtbegin.o
 .jcr           0x1fff8108        0x4 c:/program files (x86)/cypress/psoc creator/3.3/psoc creator/import/gnu/arm/4.9.3/bin/../lib/gcc/arm-none-eabi/4.9.3/armv7-m/crtend.o
 *(.got.plt)
 *(.got)
 *(.shdata)
 *(.data .data.* .gnu.linkonce.d.*)
 .data          0x1fff810c        0x4 .\CortexM3\ARM_GCC_493\Debug\Cm3Start.o
 .data          0x1fff8110       0x10 .\CortexM3\ARM_GCC_493\Debug\HelloWorld_Blinky02.a(CyLib.o)
                0x1fff8110                cydelay_freq_hz
                0x1fff8114                cydelay_freq_khz
                0x1fff8118                cydelay_freq_mhz
                0x1fff811c                cydelay_32k_ms
 .data.impure_data
                0x1fff8120       0x60 c:/program files (x86)/cypress/psoc creator/3.3/psoc creator/import/gnu/arm/4.9.3/bin/../lib/gcc/arm-none-eabi/4.9.3/../../../../arm-none-eabi/lib/armv7-m\libg_nano.a(lib_a-impure.o)
 .data._impure_ptr
                0x1fff8180        0x4 c:/program files (x86)/cypress/psoc creator/3.3/psoc creator/import/gnu/arm/4.9.3/bin/../lib/gcc/arm-none-eabi/4.9.3/../../../../arm-none-eabi/lib/armv7-m\libg_nano.a(lib_a-impure.o)
                0x1fff8180                _impure_ptr
                0x1fff8188                . = ALIGN (0x8)
 *fill*         0x1fff8184        0x4 
 *(.ram)
                0x1fff8188                _edata = .

.igot.plt       0x1fff8188        0x0 load address 0x000016e0
 .igot.plt      0x00000000        0x0 c:/program files (x86)/cypress/psoc creator/3.3/psoc creator/import/gnu/arm/4.9.3/bin/../lib/gcc/arm-none-eabi/4.9.3/armv7-m/crtbegin.o

.bss            0x1fff8188       0x38 load address 0x000016e0
                0x1fff8188                PROVIDE (__bss_start__, .)
 *(.shbss)
 *(.bss .bss.* .gnu.linkonce.b.*)
 .bss           0x1fff8188       0x1c c:/program files (x86)/cypress/psoc creator/3.3/psoc creator/import/gnu/arm/4.9.3/bin/../lib/gcc/arm-none-eabi/4.9.3/armv7-m/crtbegin.o
 .bss           0x1fff81a4        0x2 .\CortexM3\ARM_GCC_493\Debug\HelloWorld_Blinky02.a(LCD_Char.o)
                0x1fff81a4                LCD_Char_enableState
                0x1fff81a5                LCD_Char_initVar
 .bss           0x1fff81a6        0x1 .\CortexM3\ARM_GCC_493\Debug\HelloWorld_Blinky02.a(PWM.o)
                0x1fff81a6                PWM_initVar
 *fill*         0x1fff81a7        0x1 
 .bss.__malloc_sbrk_start
                0x1fff81a8        0x4 c:/program files (x86)/cypress/psoc creator/3.3/psoc creator/import/gnu/arm/4.9.3/bin/../lib/gcc/arm-none-eabi/4.9.3/../../../../arm-none-eabi/lib/armv7-m\libg_nano.a(lib_a-nano-mallocr.o)
                0x1fff81a8                __malloc_sbrk_start
 .bss.__malloc_free_list
                0x1fff81ac        0x4 c:/program files (x86)/cypress/psoc creator/3.3/psoc creator/import/gnu/arm/4.9.3/bin/../lib/gcc/arm-none-eabi/4.9.3/../../../../arm-none-eabi/lib/armv7-m\libg_nano.a(lib_a-nano-mallocr.o)
                0x1fff81ac                __malloc_free_list
 *(COMMON)
 COMMON         0x1fff81b0        0xa .\CortexM3\ARM_GCC_493\Debug\HelloWorld_Blinky02.a(ADC_SAR_1.o)
                0x1fff81b0                ADC_SAR_1_countsPerVolt
                0x1fff81b2                ADC_SAR_1_shift
                0x1fff81b4                ADC_SAR_1_countsPer10Volt
                0x1fff81b8                ADC_SAR_1_offset
 *fill*         0x1fff81ba        0x2 
 COMMON         0x1fff81bc        0x4 c:/program files (x86)/cypress/psoc creator/3.3/psoc creator/import/gnu/arm/4.9.3/bin/../lib/gcc/arm-none-eabi/4.9.3/../../../../arm-none-eabi/lib/armv7-m\libg_nano.a(lib_a-reent.o)
                0x1fff81bc                errno
                0x1fff81c0                . = ALIGN (0x8)
 *(.ram.b)
                0x1fff81c0                _end = .
                0x1fff81c0                __end = .
                0x1fff81c0                PROVIDE (end, .)
                0x1fff81c0                PROVIDE (__bss_end__, .)
                0x00001660                __cy_region_init_ram = LOADADDR (.data)
                0x00000080                __cy_region_init_size_ram = (_edata - ADDR (.data))
                0x00000038                __cy_region_zero_size_ram = (_end - _edata)

.heap           0x1fff81c0       0x80 load address 0x000016e0
                0x1fff81c0                . = _end
                0x1fff8240                . = (. + 0x80)
 *fill*         0x1fff81c0       0x80 
                0x1fff8240                __cy_heap_limit = .

.stack          0x20007800      0x800
                0x20007800                __cy_stack_limit = .
                0x20008000                . = (. + 0x800)
 *fill*         0x20007800      0x800 
                0x00000001                ASSERT ((__cy_stack_limit >= __cy_heap_limit), region RAM overflowed with stack)
                0x00000000                cy_checksum_exclude_size = (CY_APPL_LOADABLE == 0x1)?SIZEOF (.cy_checksum_exclude):0x0
                0x00000001                ASSERT ((cy_checksum_exclude_size <= CY_CHECKSUM_EXCLUDE_SIZE), CY_BOOT: Section .cy_checksum_exclude size exceedes specified limit.)

.cyloadermeta
 *(.cyloadermeta)

.cyloadablemeta
 *(.cyloadablemeta)

.cyconfigecc    0x80000000        0x4
 *(.cyconfigecc)
 .cyconfigecc   0x80000000        0x4 .\CortexM3\ARM_GCC_493\Debug\cymetadata.o
                0x80000000                cy_meta_configecc

.cycustnvl      0x90000000        0x4
 *(.cycustnvl)
 .cycustnvl     0x90000000        0x4 .\CortexM3\ARM_GCC_493\Debug\cymetadata.o
                0x90000000                cy_meta_custnvl

.cywolatch      0x90100000        0x4
 *(.cywolatch)
 .cywolatch     0x90100000        0x4 .\CortexM3\ARM_GCC_493\Debug\cymetadata.o
                0x90100000                cy_meta_wonvl

.cyeeprom       0x90200000        0x0
 *(.cyeeprom)
                0x00000001                ASSERT ((. <= ((0x90200000 + ee_offset) + ee_size)), .cyeeprom data will not fit in EEPROM)

.cyflashprotect
                0x90400000      0x100
 *(.cyflashprotect)
 .cyflashprotect
                0x90400000      0x100 .\CortexM3\ARM_GCC_493\Debug\cymetadata.o
                0x90400000                cy_meta_flashprotect

.cymeta         0x90500000        0xc
 *(.cymeta)
 .cymeta        0x90500000        0xc .\CortexM3\ARM_GCC_493\Debug\cymetadata.o
                0x90500000                cy_metadata

.rel.dyn        0x000016e0        0x0 load address 0x9050000c
 .rel.iplt      0x00000000        0x0 c:/program files (x86)/cypress/psoc creator/3.3/psoc creator/import/gnu/arm/4.9.3/bin/../lib/gcc/arm-none-eabi/4.9.3/armv7-m/crtbegin.o

.stab
 *(.stab)

.stabstr
 *(.stabstr)

.debug
 *(.debug)

.line
 *(.line)

.debug_srcinfo
 *(.debug_srcinfo)

.debug_sfnames
 *(.debug_sfnames)

.debug_aranges  0x00000000      0x778
 *(.debug_aranges)
 .debug_aranges
                0x00000000       0x20 .\CortexM3\ARM_GCC_493\Debug\main.o
 .debug_aranges
                0x00000020       0x18 .\CortexM3\ARM_GCC_493\Debug\cymetadata.o
 .debug_aranges
                0x00000038       0x48 .\CortexM3\ARM_GCC_493\Debug\Cm3Start.o
 .debug_aranges
                0x00000080       0x60 .\CortexM3\ARM_GCC_493\Debug\HelloWorld_Blinky02.a(cyfitter_cfg.o)
 .debug_aranges
                0x000000e0       0x98 .\CortexM3\ARM_GCC_493\Debug\HelloWorld_Blinky02.a(LCD_Char.o)
 .debug_aranges
                0x00000178       0x78 .\CortexM3\ARM_GCC_493\Debug\HelloWorld_Blinky02.a(PWM.o)
 .debug_aranges
                0x000001f0       0x20 .\CortexM3\ARM_GCC_493\Debug\HelloWorld_Blinky02.a(CyBootAsmGnu.o)
 .debug_aranges
                0x00000210      0x298 .\CortexM3\ARM_GCC_493\Debug\HelloWorld_Blinky02.a(CyLib.o)
 .debug_aranges
                0x000004a8       0x98 .\CortexM3\ARM_GCC_493\Debug\HelloWorld_Blinky02.a(cyPm.o)
 .debug_aranges
                0x00000540       0xa8 .\CortexM3\ARM_GCC_493\Debug\HelloWorld_Blinky02.a(ADC_SAR_1.o)
 .debug_aranges
                0x000005e8       0x20 .\CortexM3\ARM_GCC_493\Debug\HelloWorld_Blinky02.a(ADC_SAR_1_INT.o)
 .debug_aranges
                0x00000608       0x70 .\CortexM3\ARM_GCC_493\Debug\HelloWorld_Blinky02.a(ADC_SAR_1_theACLK.o)
 .debug_aranges
                0x00000678       0x88 .\CortexM3\ARM_GCC_493\Debug\HelloWorld_Blinky02.a(CyFlash.o)
 .debug_aranges
                0x00000700       0x78 .\CortexM3\ARM_GCC_493\Debug\HelloWorld_Blinky02.a(CySpc.o)

.debug_pubnames
 *(.debug_pubnames)

.debug_info     0x00000000     0x3355
 *(.debug_info .gnu.linkonce.wi.*)
 .debug_info    0x00000000       0xe7 .\CortexM3\ARM_GCC_493\Debug\main.o
 .debug_info    0x000000e7      0x13a .\CortexM3\ARM_GCC_493\Debug\cymetadata.o
 .debug_info    0x00000221      0x319 .\CortexM3\ARM_GCC_493\Debug\Cm3Start.o
 .debug_info    0x0000053a      0x46d .\CortexM3\ARM_GCC_493\Debug\HelloWorld_Blinky02.a(cyfitter_cfg.o)
 .debug_info    0x000009a7      0x3c8 .\CortexM3\ARM_GCC_493\Debug\HelloWorld_Blinky02.a(LCD_Char.o)
 .debug_info    0x00000d6f      0x22e .\CortexM3\ARM_GCC_493\Debug\HelloWorld_Blinky02.a(PWM.o)
 .debug_info    0x00000f9d       0x9d .\CortexM3\ARM_GCC_493\Debug\HelloWorld_Blinky02.a(CyBootAsmGnu.o)
 .debug_info    0x0000103a      0xe36 .\CortexM3\ARM_GCC_493\Debug\HelloWorld_Blinky02.a(CyLib.o)
 .debug_info    0x00001e70      0x562 .\CortexM3\ARM_GCC_493\Debug\HelloWorld_Blinky02.a(cyPm.o)
 .debug_info    0x000023d2      0x478 .\CortexM3\ARM_GCC_493\Debug\HelloWorld_Blinky02.a(ADC_SAR_1.o)
 .debug_info    0x0000284a       0x92 .\CortexM3\ARM_GCC_493\Debug\HelloWorld_Blinky02.a(ADC_SAR_1_INT.o)
 .debug_info    0x000028dc      0x25d .\CortexM3\ARM_GCC_493\Debug\HelloWorld_Blinky02.a(ADC_SAR_1_theACLK.o)
 .debug_info    0x00002b39      0x3c3 .\CortexM3\ARM_GCC_493\Debug\HelloWorld_Blinky02.a(CyFlash.o)
 .debug_info    0x00002efc      0x459 .\CortexM3\ARM_GCC_493\Debug\HelloWorld_Blinky02.a(CySpc.o)

.debug_abbrev   0x00000000      0xf44
 *(.debug_abbrev)
 .debug_abbrev  0x00000000       0x8a .\CortexM3\ARM_GCC_493\Debug\main.o
 .debug_abbrev  0x0000008a       0x5d .\CortexM3\ARM_GCC_493\Debug\cymetadata.o
 .debug_abbrev  0x000000e7      0x1b6 .\CortexM3\ARM_GCC_493\Debug\Cm3Start.o
 .debug_abbrev  0x0000029d      0x187 .\CortexM3\ARM_GCC_493\Debug\HelloWorld_Blinky02.a(cyfitter_cfg.o)
 .debug_abbrev  0x00000424      0x120 .\CortexM3\ARM_GCC_493\Debug\HelloWorld_Blinky02.a(LCD_Char.o)
 .debug_abbrev  0x00000544      0x116 .\CortexM3\ARM_GCC_493\Debug\HelloWorld_Blinky02.a(PWM.o)
 .debug_abbrev  0x0000065a       0x14 .\CortexM3\ARM_GCC_493\Debug\HelloWorld_Blinky02.a(CyBootAsmGnu.o)
 .debug_abbrev  0x0000066e      0x217 .\CortexM3\ARM_GCC_493\Debug\HelloWorld_Blinky02.a(CyLib.o)
 .debug_abbrev  0x00000885      0x161 .\CortexM3\ARM_GCC_493\Debug\HelloWorld_Blinky02.a(cyPm.o)
 .debug_abbrev  0x000009e6      0x173 .\CortexM3\ARM_GCC_493\Debug\HelloWorld_Blinky02.a(ADC_SAR_1.o)
 .debug_abbrev  0x00000b59       0x42 .\CortexM3\ARM_GCC_493\Debug\HelloWorld_Blinky02.a(ADC_SAR_1_INT.o)
 .debug_abbrev  0x00000b9b      0x11d .\CortexM3\ARM_GCC_493\Debug\HelloWorld_Blinky02.a(ADC_SAR_1_theACLK.o)
 .debug_abbrev  0x00000cb8      0x120 .\CortexM3\ARM_GCC_493\Debug\HelloWorld_Blinky02.a(CyFlash.o)
 .debug_abbrev  0x00000dd8      0x16c .\CortexM3\ARM_GCC_493\Debug\HelloWorld_Blinky02.a(CySpc.o)

.debug_line     0x00000000     0x1daf
 *(.debug_line)
 .debug_line    0x00000000      0x16c .\CortexM3\ARM_GCC_493\Debug\main.o
 .debug_line    0x0000016c       0x53 .\CortexM3\ARM_GCC_493\Debug\cymetadata.o
 .debug_line    0x000001bf      0x1d6 .\CortexM3\ARM_GCC_493\Debug\Cm3Start.o
 .debug_line    0x00000395      0x202 .\CortexM3\ARM_GCC_493\Debug\HelloWorld_Blinky02.a(cyfitter_cfg.o)
 .debug_line    0x00000597      0x1e8 .\CortexM3\ARM_GCC_493\Debug\HelloWorld_Blinky02.a(LCD_Char.o)
 .debug_line    0x0000077f      0x140 .\CortexM3\ARM_GCC_493\Debug\HelloWorld_Blinky02.a(PWM.o)
 .debug_line    0x000008bf       0x7f .\CortexM3\ARM_GCC_493\Debug\HelloWorld_Blinky02.a(CyBootAsmGnu.o)
 .debug_line    0x0000093e      0x872 .\CortexM3\ARM_GCC_493\Debug\HelloWorld_Blinky02.a(CyLib.o)
 .debug_line    0x000011b0      0x381 .\CortexM3\ARM_GCC_493\Debug\HelloWorld_Blinky02.a(cyPm.o)
 .debug_line    0x00001531      0x20d .\CortexM3\ARM_GCC_493\Debug\HelloWorld_Blinky02.a(ADC_SAR_1.o)
 .debug_line    0x0000173e       0x5b .\CortexM3\ARM_GCC_493\Debug\HelloWorld_Blinky02.a(ADC_SAR_1_INT.o)
 .debug_line    0x00001799      0x1c5 .\CortexM3\ARM_GCC_493\Debug\HelloWorld_Blinky02.a(ADC_SAR_1_theACLK.o)
 .debug_line    0x0000195e      0x21a .\CortexM3\ARM_GCC_493\Debug\HelloWorld_Blinky02.a(CyFlash.o)
 .debug_line    0x00001b78      0x237 .\CortexM3\ARM_GCC_493\Debug\HelloWorld_Blinky02.a(CySpc.o)

.debug_frame    0x00000000     0x2218
 *(.debug_frame)
 .debug_frame   0x00000000       0x30 .\CortexM3\ARM_GCC_493\Debug\main.o
 .debug_frame   0x00000030       0xd8 .\CortexM3\ARM_GCC_493\Debug\Cm3Start.o
 .debug_frame   0x00000108      0x16c .\CortexM3\ARM_GCC_493\Debug\HelloWorld_Blinky02.a(cyfitter_cfg.o)
 .debug_frame   0x00000274      0x260 .\CortexM3\ARM_GCC_493\Debug\HelloWorld_Blinky02.a(LCD_Char.o)
 .debug_frame   0x000004d4      0x1d0 .\CortexM3\ARM_GCC_493\Debug\HelloWorld_Blinky02.a(PWM.o)
 .debug_frame   0x000006a4      0xbe8 .\CortexM3\ARM_GCC_493\Debug\HelloWorld_Blinky02.a(CyLib.o)
 .debug_frame   0x0000128c      0x234 .\CortexM3\ARM_GCC_493\Debug\HelloWorld_Blinky02.a(cyPm.o)
 .debug_frame   0x000014c0      0x2c0 .\CortexM3\ARM_GCC_493\Debug\HelloWorld_Blinky02.a(ADC_SAR_1.o)
 .debug_frame   0x00001780       0x34 .\CortexM3\ARM_GCC_493\Debug\HelloWorld_Blinky02.a(ADC_SAR_1_INT.o)
 .debug_frame   0x000017b4      0x1b4 .\CortexM3\ARM_GCC_493\Debug\HelloWorld_Blinky02.a(ADC_SAR_1_theACLK.o)
 .debug_frame   0x00001968      0x238 .\CortexM3\ARM_GCC_493\Debug\HelloWorld_Blinky02.a(CyFlash.o)
 .debug_frame   0x00001ba0      0x1f8 .\CortexM3\ARM_GCC_493\Debug\HelloWorld_Blinky02.a(CySpc.o)
 .debug_frame   0x00001d98       0x28 c:/program files (x86)/cypress/psoc creator/3.3/psoc creator/import/gnu/arm/4.9.3/bin/../lib/gcc/arm-none-eabi/4.9.3/armv7-m\libgcc.a(_aeabi_ldivmod.o)
 .debug_frame   0x00001dc0       0x54 c:/program files (x86)/cypress/psoc creator/3.3/psoc creator/import/gnu/arm/4.9.3/bin/../lib/gcc/arm-none-eabi/4.9.3/armv7-m\libgcc.a(bpabi.o)
 .debug_frame   0x00001e14       0x34 c:/program files (x86)/cypress/psoc creator/3.3/psoc creator/import/gnu/arm/4.9.3/bin/../lib/gcc/arm-none-eabi/4.9.3/armv7-m\libgcc.a(_divdi3.o)
 .debug_frame   0x00001e48       0x34 c:/program files (x86)/cypress/psoc creator/3.3/psoc creator/import/gnu/arm/4.9.3/bin/../lib/gcc/arm-none-eabi/4.9.3/armv7-m\libgcc.a(_udivdi3.o)
 .debug_frame   0x00001e7c       0x20 c:/program files (x86)/cypress/psoc creator/3.3/psoc creator/import/gnu/arm/4.9.3/bin/../lib/gcc/arm-none-eabi/4.9.3/../../../../arm-none-eabi/lib/armv7-m\libg_nano.a(lib_a-errno.o)
 .debug_frame   0x00001e9c       0x28 c:/program files (x86)/cypress/psoc creator/3.3/psoc creator/import/gnu/arm/4.9.3/bin/../lib/gcc/arm-none-eabi/4.9.3/../../../../arm-none-eabi/lib/armv7-m\libg_nano.a(lib_a-exit.o)
 .debug_frame   0x00001ec4       0x2c c:/program files (x86)/cypress/psoc creator/3.3/psoc creator/import/gnu/arm/4.9.3/bin/../lib/gcc/arm-none-eabi/4.9.3/../../../../arm-none-eabi/lib/armv7-m\libg_nano.a(lib_a-init.o)
 .debug_frame   0x00001ef0       0x28 c:/program files (x86)/cypress/psoc creator/3.3/psoc creator/import/gnu/arm/4.9.3/bin/../lib/gcc/arm-none-eabi/4.9.3/../../../../arm-none-eabi/lib/armv7-m\libg_nano.a(lib_a-memcpy.o)
 .debug_frame   0x00001f18       0x20 c:/program files (x86)/cypress/psoc creator/3.3/psoc creator/import/gnu/arm/4.9.3/bin/../lib/gcc/arm-none-eabi/4.9.3/../../../../arm-none-eabi/lib/armv7-m\libg_nano.a(lib_a-memset.o)
 .debug_frame   0x00001f38       0x70 c:/program files (x86)/cypress/psoc creator/3.3/psoc creator/import/gnu/arm/4.9.3/bin/../lib/gcc/arm-none-eabi/4.9.3/../../../../arm-none-eabi/lib/armv7-m\libg_nano.a(lib_a-sprintf.o)
 .debug_frame   0x00001fa8       0x8c c:/program files (x86)/cypress/psoc creator/3.3/psoc creator/import/gnu/arm/4.9.3/bin/../lib/gcc/arm-none-eabi/4.9.3/../../../../arm-none-eabi/lib/armv7-m\libg_nano.a(lib_a-nano-svfprintf.o)
 .debug_frame   0x00002034       0x58 c:/program files (x86)/cypress/psoc creator/3.3/psoc creator/import/gnu/arm/4.9.3/bin/../lib/gcc/arm-none-eabi/4.9.3/../../../../arm-none-eabi/lib/armv7-m\libg_nano.a(lib_a-nano-vfprintf_i.o)
 .debug_frame   0x0000208c       0x28 c:/program files (x86)/cypress/psoc creator/3.3/psoc creator/import/gnu/arm/4.9.3/bin/../lib/gcc/arm-none-eabi/4.9.3/../../../../arm-none-eabi/lib/armv7-m\libg_nano.a(lib_a-memchr.o)
 .debug_frame   0x000020b4       0x28 c:/program files (x86)/cypress/psoc creator/3.3/psoc creator/import/gnu/arm/4.9.3/bin/../lib/gcc/arm-none-eabi/4.9.3/../../../../arm-none-eabi/lib/armv7-m\libg_nano.a(lib_a-memmove.o)
 .debug_frame   0x000020dc       0x2c c:/program files (x86)/cypress/psoc creator/3.3/psoc creator/import/gnu/arm/4.9.3/bin/../lib/gcc/arm-none-eabi/4.9.3/../../../../arm-none-eabi/lib/armv7-m\libg_nano.a(lib_a-nano-freer.o)
 .debug_frame   0x00002108       0x2c c:/program files (x86)/cypress/psoc creator/3.3/psoc creator/import/gnu/arm/4.9.3/bin/../lib/gcc/arm-none-eabi/4.9.3/../../../../arm-none-eabi/lib/armv7-m\libg_nano.a(lib_a-nano-mallocr.o)
 .debug_frame   0x00002134       0x3c c:/program files (x86)/cypress/psoc creator/3.3/psoc creator/import/gnu/arm/4.9.3/bin/../lib/gcc/arm-none-eabi/4.9.3/../../../../arm-none-eabi/lib/armv7-m\libg_nano.a(lib_a-nano-reallocr.o)
 .debug_frame   0x00002170       0x2c c:/program files (x86)/cypress/psoc creator/3.3/psoc creator/import/gnu/arm/4.9.3/bin/../lib/gcc/arm-none-eabi/4.9.3/../../../../arm-none-eabi/lib/armv7-m\libg_nano.a(lib_a-sbrkr.o)
 .debug_frame   0x0000219c       0x20 c:/program files (x86)/cypress/psoc creator/3.3/psoc creator/import/gnu/arm/4.9.3/bin/../lib/gcc/arm-none-eabi/4.9.3/../../../../arm-none-eabi/lib/armv7-m\libg_nano.a(lib_a-nano-msizer.o)
 .debug_frame   0x000021bc       0x5c c:/program files (x86)/cypress/psoc creator/3.3/psoc creator/import/gnu/arm/4.9.3/bin/../lib/gcc/arm-none-eabi/4.9.3/../../../../arm-none-eabi/lib/armv7-m\libg_nano.a(lib_a-reent.o)

.debug_str      0x00000000     0x1a09
 *(.debug_str)
 .debug_str     0x00000000      0x16b .\CortexM3\ARM_GCC_493\Debug\main.o
                                0x1ac (size before relaxing)
 .debug_str     0x0000016b       0x7d .\CortexM3\ARM_GCC_493\Debug\cymetadata.o
                                0x1f7 (size before relaxing)
 .debug_str     0x000001e8      0x13e .\CortexM3\ARM_GCC_493\Debug\Cm3Start.o
                                0x2d8 (size before relaxing)
 .debug_str     0x00000326      0x1a9 .\CortexM3\ARM_GCC_493\Debug\HelloWorld_Blinky02.a(cyfitter_cfg.o)
                                0x36c (size before relaxing)
 .debug_str     0x000004cf      0x1d7 .\CortexM3\ARM_GCC_493\Debug\HelloWorld_Blinky02.a(LCD_Char.o)
                                0x37e (size before relaxing)
 .debug_str     0x000006a6      0x120 .\CortexM3\ARM_GCC_493\Debug\HelloWorld_Blinky02.a(PWM.o)
                                0x2b2 (size before relaxing)
 .debug_str     0x000007c6      0x7e7 .\CortexM3\ARM_GCC_493\Debug\HelloWorld_Blinky02.a(CyLib.o)
                                0x9d3 (size before relaxing)
 .debug_str     0x00000fad      0x367 .\CortexM3\ARM_GCC_493\Debug\HelloWorld_Blinky02.a(cyPm.o)
                                0x538 (size before relaxing)
 .debug_str     0x00001314      0x262 .\CortexM3\ARM_GCC_493\Debug\HelloWorld_Blinky02.a(ADC_SAR_1.o)
                                0x43e (size before relaxing)
 .debug_str     0x00001576       0x37 .\CortexM3\ARM_GCC_493\Debug\HelloWorld_Blinky02.a(ADC_SAR_1_INT.o)
                                0x1a8 (size before relaxing)
 .debug_str     0x000015ad      0x1dc .\CortexM3\ARM_GCC_493\Debug\HelloWorld_Blinky02.a(ADC_SAR_1_theACLK.o)
                                0x373 (size before relaxing)
 .debug_str     0x00001789      0x15f .\CortexM3\ARM_GCC_493\Debug\HelloWorld_Blinky02.a(CyFlash.o)
                                0x30f (size before relaxing)
 .debug_str     0x000018e8      0x121 .\CortexM3\ARM_GCC_493\Debug\HelloWorld_Blinky02.a(CySpc.o)
                                0x2f4 (size before relaxing)

.debug_loc
 *(.debug_loc)

.debug_macinfo
 *(.debug_macinfo)

.debug_ranges   0x00000000      0x680
 *(.debug_ranges)
 .debug_ranges  0x00000000       0x10 .\CortexM3\ARM_GCC_493\Debug\main.o
 .debug_ranges  0x00000010       0x38 .\CortexM3\ARM_GCC_493\Debug\Cm3Start.o
 .debug_ranges  0x00000048       0x50 .\CortexM3\ARM_GCC_493\Debug\HelloWorld_Blinky02.a(cyfitter_cfg.o)
 .debug_ranges  0x00000098       0x88 .\CortexM3\ARM_GCC_493\Debug\HelloWorld_Blinky02.a(LCD_Char.o)
 .debug_ranges  0x00000120       0x68 .\CortexM3\ARM_GCC_493\Debug\HelloWorld_Blinky02.a(PWM.o)
 .debug_ranges  0x00000188      0x288 .\CortexM3\ARM_GCC_493\Debug\HelloWorld_Blinky02.a(CyLib.o)
 .debug_ranges  0x00000410       0x88 .\CortexM3\ARM_GCC_493\Debug\HelloWorld_Blinky02.a(cyPm.o)
 .debug_ranges  0x00000498       0x98 .\CortexM3\ARM_GCC_493\Debug\HelloWorld_Blinky02.a(ADC_SAR_1.o)
 .debug_ranges  0x00000530       0x10 .\CortexM3\ARM_GCC_493\Debug\HelloWorld_Blinky02.a(ADC_SAR_1_INT.o)
 .debug_ranges  0x00000540       0x60 .\CortexM3\ARM_GCC_493\Debug\HelloWorld_Blinky02.a(ADC_SAR_1_theACLK.o)
 .debug_ranges  0x000005a0       0x78 .\CortexM3\ARM_GCC_493\Debug\HelloWorld_Blinky02.a(CyFlash.o)
 .debug_ranges  0x00000618       0x68 .\CortexM3\ARM_GCC_493\Debug\HelloWorld_Blinky02.a(CySpc.o)

.comment        0x00000000       0x70
 .comment       0x00000000       0x70 .\CortexM3\ARM_GCC_493\Debug\main.o
                                 0x71 (size before relaxing)
 .comment       0x00000000       0x71 .\CortexM3\ARM_GCC_493\Debug\cymetadata.o
 .comment       0x00000000       0x71 .\CortexM3\ARM_GCC_493\Debug\Cm3Start.o
 .comment       0x00000000       0x71 .\CortexM3\ARM_GCC_493\Debug\HelloWorld_Blinky02.a(cyfitter_cfg.o)
 .comment       0x00000000       0x71 .\CortexM3\ARM_GCC_493\Debug\HelloWorld_Blinky02.a(LCD_Char.o)
 .comment       0x00000000       0x71 .\CortexM3\ARM_GCC_493\Debug\HelloWorld_Blinky02.a(PWM.o)
 .comment       0x00000000       0x71 .\CortexM3\ARM_GCC_493\Debug\HelloWorld_Blinky02.a(CyLib.o)
 .comment       0x00000000       0x71 .\CortexM3\ARM_GCC_493\Debug\HelloWorld_Blinky02.a(cyPm.o)
 .comment       0x00000000       0x71 .\CortexM3\ARM_GCC_493\Debug\HelloWorld_Blinky02.a(ADC_SAR_1.o)
 .comment       0x00000000       0x71 .\CortexM3\ARM_GCC_493\Debug\HelloWorld_Blinky02.a(ADC_SAR_1_INT.o)
 .comment       0x00000000       0x71 .\CortexM3\ARM_GCC_493\Debug\HelloWorld_Blinky02.a(ADC_SAR_1_theACLK.o)
 .comment       0x00000000       0x71 .\CortexM3\ARM_GCC_493\Debug\HelloWorld_Blinky02.a(CyFlash.o)
 .comment       0x00000000       0x71 .\CortexM3\ARM_GCC_493\Debug\HelloWorld_Blinky02.a(CySpc.o)

.debug_weaknames
 *(.debug_weaknames)

.debug_funcnames
 *(.debug_funcnames)

.debug_typenames
 *(.debug_typenames)

.debug_varnames
 *(.debug_varnames)

.note.gnu.arm.ident
 *(.note.gnu.arm.ident)

.ARM.attributes
                0x00000000       0x29
 *(.ARM.attributes)
 .ARM.attributes
                0x00000000       0x1d c:/program files (x86)/cypress/psoc creator/3.3/psoc creator/import/gnu/arm/4.9.3/bin/../lib/gcc/arm-none-eabi/4.9.3/armv7-m/crti.o
 .ARM.attributes
                0x0000001d       0x2d c:/program files (x86)/cypress/psoc creator/3.3/psoc creator/import/gnu/arm/4.9.3/bin/../lib/gcc/arm-none-eabi/4.9.3/armv7-m/crtbegin.o
 .ARM.attributes
                0x0000004a       0x1b c:/program files (x86)/cypress/psoc creator/3.3/psoc creator/import/gnu/arm/4.9.3/bin/../lib/gcc/arm-none-eabi/4.9.3/../../../../arm-none-eabi/lib/armv7-m/crt0.o
 .ARM.attributes
                0x00000065       0x33 .\CortexM3\ARM_GCC_493\Debug\main.o
 .ARM.attributes
                0x00000098       0x33 .\CortexM3\ARM_GCC_493\Debug\cymetadata.o
 .ARM.attributes
                0x000000cb       0x33 .\CortexM3\ARM_GCC_493\Debug\Cm3Start.o
 .ARM.attributes
                0x000000fe       0x33 .\CortexM3\ARM_GCC_493\Debug\HelloWorld_Blinky02.a(cyfitter_cfg.o)
 .ARM.attributes
                0x00000131       0x33 .\CortexM3\ARM_GCC_493\Debug\HelloWorld_Blinky02.a(LCD_Char.o)
 .ARM.attributes
                0x00000164       0x33 .\CortexM3\ARM_GCC_493\Debug\HelloWorld_Blinky02.a(PWM.o)
 .ARM.attributes
                0x00000197       0x21 .\CortexM3\ARM_GCC_493\Debug\HelloWorld_Blinky02.a(CyBootAsmGnu.o)
 .ARM.attributes
                0x000001b8       0x33 .\CortexM3\ARM_GCC_493\Debug\HelloWorld_Blinky02.a(CyLib.o)
 .ARM.attributes
                0x000001eb       0x33 .\CortexM3\ARM_GCC_493\Debug\HelloWorld_Blinky02.a(cyPm.o)
 .ARM.attributes
                0x0000021e       0x33 .\CortexM3\ARM_GCC_493\Debug\HelloWorld_Blinky02.a(ADC_SAR_1.o)
 .ARM.attributes
                0x00000251       0x33 .\CortexM3\ARM_GCC_493\Debug\HelloWorld_Blinky02.a(ADC_SAR_1_INT.o)
 .ARM.attributes
                0x00000284       0x33 .\CortexM3\ARM_GCC_493\Debug\HelloWorld_Blinky02.a(ADC_SAR_1_theACLK.o)
 .ARM.attributes
                0x000002b7       0x33 .\CortexM3\ARM_GCC_493\Debug\HelloWorld_Blinky02.a(CyFlash.o)
 .ARM.attributes
                0x000002ea       0x33 .\CortexM3\ARM_GCC_493\Debug\HelloWorld_Blinky02.a(CySpc.o)
 .ARM.attributes
                0x0000031d       0x1d c:/program files (x86)/cypress/psoc creator/3.3/psoc creator/import/gnu/arm/4.9.3/bin/../lib/gcc/arm-none-eabi/4.9.3/armv7-m\libgcc.a(_arm_addsubsf3.o)
 .ARM.attributes
                0x0000033a       0x1d c:/program files (x86)/cypress/psoc creator/3.3/psoc creator/import/gnu/arm/4.9.3/bin/../lib/gcc/arm-none-eabi/4.9.3/armv7-m\libgcc.a(_arm_muldivsf3.o)
 .ARM.attributes
                0x00000357       0x1d c:/program files (x86)/cypress/psoc creator/3.3/psoc creator/import/gnu/arm/4.9.3/bin/../lib/gcc/arm-none-eabi/4.9.3/armv7-m\libgcc.a(_aeabi_ldivmod.o)
 .ARM.attributes
                0x00000374       0x2d c:/program files (x86)/cypress/psoc creator/3.3/psoc creator/import/gnu/arm/4.9.3/bin/../lib/gcc/arm-none-eabi/4.9.3/armv7-m\libgcc.a(bpabi.o)
 .ARM.attributes
                0x000003a1       0x1d c:/program files (x86)/cypress/psoc creator/3.3/psoc creator/import/gnu/arm/4.9.3/bin/../lib/gcc/arm-none-eabi/4.9.3/armv7-m\libgcc.a(_dvmd_tls.o)
 .ARM.attributes
                0x000003be       0x2d c:/program files (x86)/cypress/psoc creator/3.3/psoc creator/import/gnu/arm/4.9.3/bin/../lib/gcc/arm-none-eabi/4.9.3/armv7-m\libgcc.a(_divdi3.o)
 .ARM.attributes
                0x000003eb       0x2d c:/program files (x86)/cypress/psoc creator/3.3/psoc creator/import/gnu/arm/4.9.3/bin/../lib/gcc/arm-none-eabi/4.9.3/armv7-m\libgcc.a(_udivdi3.o)
 .ARM.attributes
                0x00000418       0x2d c:/program files (x86)/cypress/psoc creator/3.3/psoc creator/import/gnu/arm/4.9.3/bin/../lib/gcc/arm-none-eabi/4.9.3/../../../../arm-none-eabi/lib/armv7-m\libg_nano.a(lib_a-errno.o)
 .ARM.attributes
                0x00000445       0x2d c:/program files (x86)/cypress/psoc creator/3.3/psoc creator/import/gnu/arm/4.9.3/bin/../lib/gcc/arm-none-eabi/4.9.3/../../../../arm-none-eabi/lib/armv7-m\libg_nano.a(lib_a-exit.o)
 .ARM.attributes
                0x00000472       0x2d c:/program files (x86)/cypress/psoc creator/3.3/psoc creator/import/gnu/arm/4.9.3/bin/../lib/gcc/arm-none-eabi/4.9.3/../../../../arm-none-eabi/lib/armv7-m\libg_nano.a(lib_a-impure.o)
 .ARM.attributes
                0x0000049f       0x2d c:/program files (x86)/cypress/psoc creator/3.3/psoc creator/import/gnu/arm/4.9.3/bin/../lib/gcc/arm-none-eabi/4.9.3/../../../../arm-none-eabi/lib/armv7-m\libg_nano.a(lib_a-init.o)
 .ARM.attributes
                0x000004cc       0x2d c:/program files (x86)/cypress/psoc creator/3.3/psoc creator/import/gnu/arm/4.9.3/bin/../lib/gcc/arm-none-eabi/4.9.3/../../../../arm-none-eabi/lib/armv7-m\libg_nano.a(lib_a-memcpy.o)
 .ARM.attributes
                0x000004f9       0x2d c:/program files (x86)/cypress/psoc creator/3.3/psoc creator/import/gnu/arm/4.9.3/bin/../lib/gcc/arm-none-eabi/4.9.3/../../../../arm-none-eabi/lib/armv7-m\libg_nano.a(lib_a-memset.o)
 .ARM.attributes
                0x00000526       0x2d c:/program files (x86)/cypress/psoc creator/3.3/psoc creator/import/gnu/arm/4.9.3/bin/../lib/gcc/arm-none-eabi/4.9.3/../../../../arm-none-eabi/lib/armv7-m\libg_nano.a(lib_a-sprintf.o)
 .ARM.attributes
                0x00000553       0x2d c:/program files (x86)/cypress/psoc creator/3.3/psoc creator/import/gnu/arm/4.9.3/bin/../lib/gcc/arm-none-eabi/4.9.3/../../../../arm-none-eabi/lib/armv7-m\libg_nano.a(lib_a-nano-svfprintf.o)
 .ARM.attributes
                0x00000580       0x2d c:/program files (x86)/cypress/psoc creator/3.3/psoc creator/import/gnu/arm/4.9.3/bin/../lib/gcc/arm-none-eabi/4.9.3/../../../../arm-none-eabi/lib/armv7-m\libg_nano.a(lib_a-nano-vfprintf_i.o)
 .ARM.attributes
                0x000005ad       0x2d c:/program files (x86)/cypress/psoc creator/3.3/psoc creator/import/gnu/arm/4.9.3/bin/../lib/gcc/arm-none-eabi/4.9.3/../../../../arm-none-eabi/lib/armv7-m\libg_nano.a(lib_a-memchr.o)
 .ARM.attributes
                0x000005da       0x2d c:/program files (x86)/cypress/psoc creator/3.3/psoc creator/import/gnu/arm/4.9.3/bin/../lib/gcc/arm-none-eabi/4.9.3/../../../../arm-none-eabi/lib/armv7-m\libg_nano.a(lib_a-memmove.o)
 .ARM.attributes
                0x00000607       0x2d c:/program files (x86)/cypress/psoc creator/3.3/psoc creator/import/gnu/arm/4.9.3/bin/../lib/gcc/arm-none-eabi/4.9.3/../../../../arm-none-eabi/lib/armv7-m\libg_nano.a(lib_a-nano-freer.o)
 .ARM.attributes
                0x00000634       0x2d c:/program files (x86)/cypress/psoc creator/3.3/psoc creator/import/gnu/arm/4.9.3/bin/../lib/gcc/arm-none-eabi/4.9.3/../../../../arm-none-eabi/lib/armv7-m\libg_nano.a(lib_a-nano-mallocr.o)
 .ARM.attributes
                0x00000661       0x2d c:/program files (x86)/cypress/psoc creator/3.3/psoc creator/import/gnu/arm/4.9.3/bin/../lib/gcc/arm-none-eabi/4.9.3/../../../../arm-none-eabi/lib/armv7-m\libg_nano.a(lib_a-nano-reallocr.o)
 .ARM.attributes
                0x0000068e       0x2d c:/program files (x86)/cypress/psoc creator/3.3/psoc creator/import/gnu/arm/4.9.3/bin/../lib/gcc/arm-none-eabi/4.9.3/../../../../arm-none-eabi/lib/armv7-m\libg_nano.a(lib_a-sbrkr.o)
 .ARM.attributes
                0x000006bb       0x2d c:/program files (x86)/cypress/psoc creator/3.3/psoc creator/import/gnu/arm/4.9.3/bin/../lib/gcc/arm-none-eabi/4.9.3/../../../../arm-none-eabi/lib/armv7-m\libg_nano.a(lib_a-nano-msizer.o)
 .ARM.attributes
                0x000006e8       0x2d c:/program files (x86)/cypress/psoc creator/3.3/psoc creator/import/gnu/arm/4.9.3/bin/../lib/gcc/arm-none-eabi/4.9.3/../../../../arm-none-eabi/lib/armv7-m\libg_nano.a(lib_a-reent.o)
 .ARM.attributes
                0x00000715       0x2d c:/program files (x86)/cypress/psoc creator/3.3/psoc creator/import/gnu/arm/4.9.3/bin/../lib/gcc/arm-none-eabi/4.9.3/armv7-m/crtend.o
 .ARM.attributes
                0x00000742       0x1d c:/program files (x86)/cypress/psoc creator/3.3/psoc creator/import/gnu/arm/4.9.3/bin/../lib/gcc/arm-none-eabi/4.9.3/armv7-m/crtn.o

/DISCARD/
 *(.note.GNU-stack)
OUTPUT(.\CortexM3\ARM_GCC_493\Debug\HelloWorld_Blinky02.elf elf32-littlearm)
